test
+- run test
   +- compile test debug native 1 errors
src\audio\callback_bridge.zig:20:13: error: declarations are not allowed between container fields
        pub const CaptureFault = enum(u32) { overrun = 1, missing_input = 2, invalid_samples = 4, counter_exhausted = 8 };
            ^~~~~
src\audio\callback_bridge.zig:19:9: note: field before declarations here
        counters_exact: std.atomic.Value(bool) = .init(true),
        ^~~~~~~~~~~~~~
src\audio\callback_bridge.zig:21:9: note: field after declarations here
        captured_frames: u64 = 0,
        ^~~~~~~~~~~~~~~
error: 1 compilation errors
failed command: "C:\\Applications\\Development\\zig\\zig-x86_64-windows-0.17.0-dev.1859+dcceb318e\\zig.exe" test -ODebug --dep lifecycle --dep lan_audio --dep receive_drain --dep send_drain "-Mroot=tests\\integration\\runtime_lifecycle.zig" -ODebug "-Mlifecycle=src\\runtime\\lifecycle.zig" -ODebug "-Mlan_audio=src\\root.zig" -ODebug --dep lan_audio --dep pending_audio --dep lifecycle "-Mreceive_drain=src\\runtime\\receive_drain.zig" -ODebug --dep lan_audio --dep lifecycle "-Msend_drain=src\\runtime\\send_drain.zig" -ODebug --dep lan_audio "-Mpending_audio=src\\runtime\\pending_block.zig" --cache-dir ".zig-cache\\lifecycle-send-final" --global-cache-dir "C:\\Users\\James\\AppData\\Local\\zig" --build-root . --name test --zig-lib-dir "C:\\Applications\\Development\\zig\\zig-x86_64-windows-0.17.0-dev.1859+dcceb318e\\lib\\" --listen=-

test
+- run test
   +- compile test debug native 1 errors
src\audio\callback_bridge.zig:20:13: error: declarations are not allowed between container fields
        pub const CaptureFault = enum(u32) { overrun = 1, missing_input = 2, invalid_samples = 4, counter_exhausted = 8 };
            ^~~~~
src\audio\callback_bridge.zig:19:9: note: field before declarations here
        counters_exact: std.atomic.Value(bool) = .init(true),
        ^~~~~~~~~~~~~~
src\audio\callback_bridge.zig:21:9: note: field after declarations here
        captured_frames: u64 = 0,
        ^~~~~~~~~~~~~~~
error: 1 compilation errors
failed command: "C:\\Applications\\Development\\zig\\zig-x86_64-windows-0.17.0-dev.1859+dcceb318e\\zig.exe" test -ODebug --dep lan_audio --dep pending_audio "-Mroot=tests\\unit\\core.zig" -ODebug "-Mlan_audio=src\\root.zig" -ODebug --dep lan_audio "-Mpending_audio=src\\runtime\\pending_block.zig" --cache-dir ".zig-cache\\lifecycle-send-final" --global-cache-dir "C:\\Users\\James\\AppData\\Local\\zig" --build-root . --name test --zig-lib-dir "C:\\Applications\\Development\\zig\\zig-x86_64-windows-0.17.0-dev.1859+dcceb318e\\lib\\" --listen=-

Build Summary: 0/5 steps succeeded (2 failed)
test transitive failure
+- run test transitive failure
|  +- compile test debug native 1 errors
+- run test transitive failure
   +- compile test debug native 1 errors

error: the following build command exited with code 1:
C:\Users\James\AppData\Local\zig\o\10197263dd28ab69b11a8211df93e131\maker.exe build --zig-lib=C:\Applications\Development\zig\zig-x86_64-windows-0.17.0-dev.1859+dcceb318e\lib --zig=C:\Applications\Development\zig\zig-x86_64-windows-0.17.0-dev.1859+dcceb318e\zig.exe --global-cache=C:\Users\James\AppData\Local\zig --seed=0x8678f7d4 test --cache-dir .zig-cache/lifecycle-send-final --summary all
