unindexed: ('tls-zig', 'docs/verification/t00-runs/check-models-normal.stderr.log')
unindexed: ('tls-zig', 'tests/quic/contract.zig')
unindexed: ('tls-zig', 'docs/verification/t00-runs/debug.stderr.log')
unindexed: ('tls-zig', 'docs/verification/t00-runs/tcp_upload_interop.stderr.log')
unindexed: ('tls-zig', 'src/quic/contract.zig')
unindexed: ('tls-zig', 'src/quic/events.zig')
unindexed: ('tls-zig', 'docs/verification/t00-runs/check-models-optimized.stdout.log')
unindexed: ('tls-zig', 'docs/verification/t00-runs/check-models-optimized.stderr.log')
unindexed: ('tls-zig', 'docs/verification/t00-runs/interop-example.stderr.log')
unindexed: ('tls-zig', 'docs/verification/t00-runs/final-plan-normal.stdout.log')
unindexed: ('tls-zig', 'docs/verification/t00-runs/sdk-normal.stdout.log')
unindexed: ('tls-zig', 'docs/verification/t00-runs/consumer-build.stdout.log')
unindexed: ('tls-zig', 'docs/verification/t00-runs/backend-optimized.stderr.log')
unindexed: ('tls-zig', 'docs/verification/t00-runs/tcp_server_interop.stderr.log')
unindexed: ('tls-zig', 'docs/verification/t00-runs/sdk-optimized.stdout.log')
unindexed: ('tls-zig', 'docs/verification/t00-final-gates.json')
unindexed: ('tls-zig', 'docs/verification/t00-runs/check-event-model-optimized.stdout.log')
unindexed: ('tls-zig', 'docs/verification/t00-runs/test-plan-lifecycle-optimized.stderr.log')
unindexed: ('tls-zig', 'docs/verification/t00-runs/final-docs-optimized.stderr.log')
unindexed: ('tls-zig', 'docs/verification/t00-runs/test-plan-lifecycle-normal.stderr.log')
unindexed: ('tls-zig', 'docs/verification/t00-runs/check-event-model-normal.stdout.log')
unindexed: ('tls-zig', 'docs/verification/t00-runs/final-plan-optimized.stdout.log')
unindexed: ('tls-zig', 'docs/verification/t00-runs/final-docs-optimized.stdout.log')
unindexed: ('tls-zig', 'docs/verification/t00-runs/backend-optimized.stdout.log')
unindexed: ('tls-zig', 'docs/reference/files/tools/test-backend.py.md')
unindexed: ('tls-zig', 'docs/verification/t00-runs/consumer-build.stderr.log')
unindexed: ('tls-zig', 'tools/verify-backend.py')
unindexed: ('tls-zig', 'tools/test-backend.py')
unindexed: ('tls-zig', 'docs/verification/t00-runs/final-docs-normal.stderr.log')
unindexed: ('tls-zig', 'docs/verification/t00-runs/release-safe.stdout.log')
unindexed: ('tls-zig', 'docs/verification/t00-runs/check-models-normal.stdout.log')
unindexed: ('tls-zig', 'docs/verification/t00-runs/tcp_upload_interop.stdout.log')
unindexed: ('tls-zig', 'docs/verification/t00-runs/tcp_interop.stderr.log')
unindexed: ('tls-zig', 'docs/reference/files/tools/verify-backend.py.md')
unindexed: ('tls-zig', 'docs/verification/t00-runs/final-plan-optimized.stderr.log')
unindexed: ('tls-zig', 'tests/quic/events.zig')
unindexed: ('tls-zig', 'docs/verification/t00-runs/final-docs-normal.stdout.log')
unindexed: ('tls-zig', 'docs/verification/t00-runs/final-plan-normal.stderr.log')
unindexed: ('tls-zig', 'docs/verification/t00-runs/tcp_interop.stdout.log')
unindexed: ('tls-zig', 'docs/verification/t00-runs/backend-normal.stderr.log')
unindexed: ('tls-zig', 'docs/verification/t00-runs/backend-normal.stdout.log')
unindexed: ('tls-zig', 'docs/verification/t00-runs/debug.stdout.log')
unindexed: ('tls-zig', 'docs/verification/t00-runs/interop-example.stdout.log')
unindexed: ('tls-zig', 'docs/verification/t00-change-audit.json')
unindexed: ('tls-zig', 'docs/verification/t00-runs/tcp_server_interop.stdout.log')
unindexed: ('tls-zig', 'docs/verification/t00-runs/sdk-normal.stderr.log')
unindexed: ('tls-zig', 'docs/verification/baseline-r5.md')
unindexed: ('tls-zig', 'docs/verification/completions/T00.json')
unindexed: ('tls-zig', 'docs/verification/t00-runs/release-safe.stderr.log')
unindexed: ('tls-zig', 'docs/verification/t00-runs/check-event-model-optimized.stderr.log')
unindexed: ('tls-zig', 'docs/verification/t00-runs/test-plan-lifecycle-normal.stdout.log')
unindexed: ('tls-zig', 'src/quic.zig')
unindexed: ('tls-zig', 'docs/verification/t00-runs/sdk-optimized.stderr.log')
unindexed: ('tls-zig', 'docs/verification/t00-implementation.md')
unindexed: ('tls-zig', 'docs/verification/t00-runs/check-event-model-normal.stderr.log')
unindexed: ('tls-zig', 'docs/verification/t00-runs/test-plan-lifecycle-optimized.stdout.log')
