unmapped file: C:\Projects\tls-zig\docs\reference\files\tools\test-backend.py.md
unmapped file: C:\Projects\tls-zig\docs\reference\files\tools\verify-backend.py.md
unmapped file: C:\Projects\tls-zig\docs\verification\baseline-r5.md
unmapped file: C:\Projects\tls-zig\docs\verification\completions\T00.json
unmapped file: C:\Projects\tls-zig\docs\verification\t00-change-audit.json
unmapped file: C:\Projects\tls-zig\docs\verification\t00-final-gates.json
unmapped file: C:\Projects\tls-zig\docs\verification\t00-implementation.md
unmapped file: C:\Projects\tls-zig\docs\verification\t00-runs\backend-normal.stderr.log
unmapped file: C:\Projects\tls-zig\docs\verification\t00-runs\backend-normal.stdout.log
unmapped file: C:\Projects\tls-zig\docs\verification\t00-runs\backend-optimized.stderr.log
unmapped file: C:\Projects\tls-zig\docs\verification\t00-runs\backend-optimized.stdout.log
unmapped file: C:\Projects\tls-zig\docs\verification\t00-runs\check-event-model-normal.stderr.log
unmapped file: C:\Projects\tls-zig\docs\verification\t00-runs\check-event-model-normal.stdout.log
unmapped file: C:\Projects\tls-zig\docs\verification\t00-runs\check-event-model-optimized.stderr.log
unmapped file: C:\Projects\tls-zig\docs\verification\t00-runs\check-event-model-optimized.stdout.log
unmapped file: C:\Projects\tls-zig\docs\verification\t00-runs\check-models-normal.stderr.log
unmapped file: C:\Projects\tls-zig\docs\verification\t00-runs\check-models-normal.stdout.log
unmapped file: C:\Projects\tls-zig\docs\verification\t00-runs\check-models-optimized.stderr.log
unmapped file: C:\Projects\tls-zig\docs\verification\t00-runs\check-models-optimized.stdout.log
unmapped file: C:\Projects\tls-zig\docs\verification\t00-runs\consumer-build.stderr.log
unmapped file: C:\Projects\tls-zig\docs\verification\t00-runs\consumer-build.stdout.log
unmapped file: C:\Projects\tls-zig\docs\verification\t00-runs\debug.stderr.log
unmapped file: C:\Projects\tls-zig\docs\verification\t00-runs\debug.stdout.log
unmapped file: C:\Projects\tls-zig\docs\verification\t00-runs\final-docs-normal.stderr.log
unmapped file: C:\Projects\tls-zig\docs\verification\t00-runs\final-docs-normal.stdout.log
unmapped file: C:\Projects\tls-zig\docs\verification\t00-runs\final-docs-optimized.stderr.log
unmapped file: C:\Projects\tls-zig\docs\verification\t00-runs\final-docs-optimized.stdout.log
unmapped file: C:\Projects\tls-zig\docs\verification\t00-runs\final-plan-normal.stderr.log
unmapped file: C:\Projects\tls-zig\docs\verification\t00-runs\final-plan-normal.stdout.log
unmapped file: C:\Projects\tls-zig\docs\verification\t00-runs\final-plan-optimized.stderr.log
unmapped file: C:\Projects\tls-zig\docs\verification\t00-runs\final-plan-optimized.stdout.log
unmapped file: C:\Projects\tls-zig\docs\verification\t00-runs\interop-example.stderr.log
unmapped file: C:\Projects\tls-zig\docs\verification\t00-runs\interop-example.stdout.log
unmapped file: C:\Projects\tls-zig\docs\verification\t00-runs\release-safe.stderr.log
unmapped file: C:\Projects\tls-zig\docs\verification\t00-runs\release-safe.stdout.log
unmapped file: C:\Projects\tls-zig\docs\verification\t00-runs\sdk-normal.stderr.log
unmapped file: C:\Projects\tls-zig\docs\verification\t00-runs\sdk-normal.stdout.log
unmapped file: C:\Projects\tls-zig\docs\verification\t00-runs\sdk-optimized.stderr.log
unmapped file: C:\Projects\tls-zig\docs\verification\t00-runs\sdk-optimized.stdout.log
unmapped file: C:\Projects\tls-zig\docs\verification\t00-runs\tcp_interop.stderr.log
unmapped file: C:\Projects\tls-zig\docs\verification\t00-runs\tcp_interop.stdout.log
unmapped file: C:\Projects\tls-zig\docs\verification\t00-runs\tcp_server_interop.stderr.log
unmapped file: C:\Projects\tls-zig\docs\verification\t00-runs\tcp_server_interop.stdout.log
unmapped file: C:\Projects\tls-zig\docs\verification\t00-runs\tcp_upload_interop.stderr.log
unmapped file: C:\Projects\tls-zig\docs\verification\t00-runs\tcp_upload_interop.stdout.log
unmapped file: C:\Projects\tls-zig\docs\verification\t00-runs\test-plan-lifecycle-normal.stderr.log
unmapped file: C:\Projects\tls-zig\docs\verification\t00-runs\test-plan-lifecycle-normal.stdout.log
unmapped file: C:\Projects\tls-zig\docs\verification\t00-runs\test-plan-lifecycle-optimized.stderr.log
unmapped file: C:\Projects\tls-zig\docs\verification\t00-runs\test-plan-lifecycle-optimized.stdout.log
unmapped file: C:\Projects\tls-zig\src\quic\contract.zig
unmapped file: C:\Projects\tls-zig\src\quic\events.zig
unmapped file: C:\Projects\tls-zig\src\quic.zig
unmapped file: C:\Projects\tls-zig\tests\quic\contract.zig
unmapped file: C:\Projects\tls-zig\tests\quic\events.zig
unmapped file: C:\Projects\tls-zig\tools\test-backend.py
unmapped file: C:\Projects\tls-zig\tools\verify-backend.py
