1/2 backend_abi.test.native C sizes alignments and offsets agree with independent Zig ABI declarations...OK
2/2 backend_abi.test.native C invokes every Zig callback with the declared widths and calling convention...OK
All 2 tests passed.
Build Summary: 31/31 steps succeeded
quic-backend-test success
+- recordless adapter full success 26ms
|  +- WriteFile libssl-3-x64.dll success
|     +- compile exe quic-backend-test safe native success 27s MaxRSS:46M
+- recordless adapter fragmented success 27ms
|  +- WriteFile libssl-3-x64.dll (+1 more reused dependencies)
+- recordless adapter backpressure success 30ms
|  +- WriteFile libssl-3-x64.dll (+1 more reused dependencies)
+- recordless adapter combined success 28ms
|  +- WriteFile libssl-3-x64.dll (+1 more reused dependencies)
+- recordless adapter mutual success 33ms
|  +- WriteFile libssl-3-x64.dll (+1 more reused dependencies)
+- recordless adapter missing-client success 28ms
|  +- WriteFile libssl-3-x64.dll (+1 more reused dependencies)
+- recordless adapter wrong-host success 27ms
|  +- WriteFile libssl-3-x64.dll (+1 more reused dependencies)
+- recordless adapter wrong-ca success 28ms
|  +- WriteFile libssl-3-x64.dll (+1 more reused dependencies)
+- recordless adapter alpn success 27ms
|  +- WriteFile libssl-3-x64.dll (+1 more reused dependencies)
+- recordless adapter fail-send success 25ms
|  +- WriteFile libssl-3-x64.dll (+1 more reused dependencies)
+- recordless adapter fail-receive success 26ms
|  +- WriteFile libssl-3-x64.dll (+1 more reused dependencies)
+- recordless adapter fail-release success 31ms
|  +- WriteFile libssl-3-x64.dll (+1 more reused dependencies)
+- recordless adapter fail-secret success 28ms
|  +- WriteFile libssl-3-x64.dll (+1 more reused dependencies)
+- recordless adapter fail-params success 26ms
|  +- WriteFile libssl-3-x64.dll (+1 more reused dependencies)
+- recordless adapter fail-alert success 27ms
|  +- WriteFile libssl-3-x64.dll (+1 more reused dependencies)
+- recordless adapter budgeted success 31ms
|  +- WriteFile libssl-3-x64.dll (+1 more reused dependencies)
+- recordless adapter zero-budget success 31ms
|  +- WriteFile libssl-3-x64.dll (+1 more reused dependencies)
+- recordless adapter overconsume success 24ms
|  +- WriteFile libssl-3-x64.dll (+1 more reused dependencies)
+- recordless adapter overlease success 29ms
|  +- WriteFile libssl-3-x64.dll (+1 more reused dependencies)
+- recordless adapter null-lease success 26ms
|  +- WriteFile libssl-3-x64.dll (+1 more reused dependencies)
+- recordless adapter params-overflow success 354ms
|  +- WriteFile libssl-3-x64.dll (+1 more reused dependencies)
+- recordless adapter reentrant success 30ms
|  +- WriteFile libssl-3-x64.dll (+1 more reused dependencies)
+- recordless adapter validation success 27ms
|  +- WriteFile libssl-3-x64.dll (+1 more reused dependencies)
+- recordless adapter config-copy success 28ms
|  +- WriteFile libssl-3-x64.dll (+1 more reused dependencies)
+- recordless adapter ip success 30ms
|  +- WriteFile libssl-3-x64.dll (+1 more reused dependencies)
+- native recordless C and Zig ABI success 101ms
   +- WriteFile libssl-3-x64.dll success
      +- compile test safe native success 27s MaxRSS:279M

