Build Summary: 47/47 steps succeeded; 112/112 tests passed
verified-transport-probe success
+- install audio-verified-probe cached
|  +- compile exe audio-verified-probe debug native cached 275ms MaxRSS:43M
|     +- translate-c cached 556ms MaxRSS:43M
+- install deps\openssl-install\bin\libssl-3-x64.dll to libssl-3-x64.dll cached
+- install deps\openssl-install\bin\libcrypto-3-x64.dll to libcrypto-3-x64.dll cached
recovery-probe success
+- install audio-recovery-probe success
|  +- compile exe audio-recovery-probe debug native success 8s MaxRSS:290M
|     +- translate-c cached 557ms MaxRSS:43M
|     +- WriteFile cached
|     +- compile lib miniaudio debug native cached 256ms MaxRSS:43M
|     +- compile lib miniaudio debug native (reused)
|     +- translate-c (reused)
|     +- translate-c cached 550ms MaxRSS:43M
+- install deps\openssl-install\bin\libssl-3-x64.dll to libssl-3-x64.dll cached
+- install deps\openssl-install\bin\libcrypto-3-x64.dll to libcrypto-3-x64.dll cached
worker-probe success
+- install audio-worker-probe cached
|  +- compile exe audio-worker-probe debug native cached 157ms MaxRSS:43M
|     +- translate-c (reused)
|     +- WriteFile (reused)
|     +- compile lib miniaudio debug native (reused)
|     +- compile lib miniaudio debug native (reused)
|     +- translate-c (reused)
|     +- translate-c (reused)
+- install deps\openssl-install\bin\libssl-3-x64.dll to libssl-3-x64.dll cached
+- install deps\openssl-install\bin\libcrypto-3-x64.dll to libcrypto-3-x64.dll cached
app success
+- install lan-audio cached
|  +- compile exe lan-audio debug native cached 160ms MaxRSS:43M
|     +- options cached
|     +- WriteFile (reused)
|     +- compile lib miniaudio debug native (reused)
|     +- compile lib miniaudio debug native (reused)
|     +- translate-c (reused)
|     +- translate-c (reused)
|     +- translate-c (reused)
+- install deps\openssl-install\bin\libssl-3-x64.dll to libssl-3-x64.dll cached
+- install deps\openssl-install\bin\libcrypto-3-x64.dll to libcrypto-3-x64.dll cached
platform-test success
+- run test 1 pass (1 total) 131ms MaxRSS:4M
   +- compile test debug native cached 316ms MaxRSS:43M
      +- translate-c (reused)
policy-test success
+- run test 7 pass (7 total) 532ms MaxRSS:3M
   +- compile test debug native cached 554ms MaxRSS:43M
network-test success
+- run test 6 pass (6 total) 3s MaxRSS:5M
   +- compile test debug native cached 252ms MaxRSS:43M
      +- translate-c (reused)
audio-test success
+- run test 6 pass (6 total) 698ms MaxRSS:8M
|  +- compile test debug native cached 75ms MaxRSS:43M
|     +- WriteFile (reused)
|     +- compile lib miniaudio debug native (reused)
|     +- compile lib miniaudio debug native (reused)
|     +- translate-c (reused)
+- run test 7 pass (7 total) 701ms MaxRSS:9M
   +- compile test debug native cached 76ms MaxRSS:43M
      +- WriteFile (reused)
      +- compile lib miniaudio debug native (reused)
      +- compile lib miniaudio debug native (reused)
      +- translate-c (reused)
test success
+- run test 46 pass (46 total) 4s MaxRSS:4M
|  +- compile test debug native cached 314ms MaxRSS:43M
+- run test 2 pass (2 total) 268ms MaxRSS:3M
|  +- compile test debug native cached 342ms MaxRSS:43M
+- run test 37 pass (37 total) 130ms MaxRSS:4M
   +- compile test debug native cached 316ms MaxRSS:43M

