Build Summary: 47/47 steps succeeded; 112/112 tests passed
verified-transport-probe success
+- install audio-verified-probe cached
|  +- compile exe audio-verified-probe debug native cached 542ms MaxRSS:52M
|     +- translate-c cached 476ms MaxRSS:52M
+- install deps\openssl-install\bin\libssl-3-x64.dll to libssl-3-x64.dll cached
+- install deps\openssl-install\bin\libcrypto-3-x64.dll to libcrypto-3-x64.dll cached
recovery-probe success
+- install audio-recovery-probe success
|  +- compile exe audio-recovery-probe debug native success 23s MaxRSS:299M
|     +- translate-c cached 7s MaxRSS:52M
|     +- WriteFile cached
|     +- compile lib miniaudio debug native cached 552ms MaxRSS:52M
|     +- compile lib miniaudio debug native (reused)
|     +- translate-c (reused)
|     +- translate-c cached 7s MaxRSS:52M
+- install deps\openssl-install\bin\libssl-3-x64.dll to libssl-3-x64.dll cached
+- install deps\openssl-install\bin\libcrypto-3-x64.dll to libcrypto-3-x64.dll cached
worker-probe success
+- install audio-worker-probe cached
|  +- compile exe audio-worker-probe debug native cached 224ms MaxRSS:52M
|     +- translate-c (reused)
|     +- WriteFile (reused)
|     +- compile lib miniaudio debug native (reused)
|     +- compile lib miniaudio debug native (reused)
|     +- translate-c (reused)
|     +- translate-c (reused)
+- install deps\openssl-install\bin\libssl-3-x64.dll to libssl-3-x64.dll cached
+- install deps\openssl-install\bin\libcrypto-3-x64.dll to libcrypto-3-x64.dll cached
app success
+- install lan-audio success
|  +- compile exe lan-audio debug native success 21s MaxRSS:300M
|     +- options cached
|     +- WriteFile (reused)
|     +- compile lib miniaudio debug native (reused)
|     +- compile lib miniaudio debug native (reused)
|     +- translate-c (reused)
|     +- translate-c (reused)
|     +- translate-c (reused)
+- install deps\openssl-install\bin\libssl-3-x64.dll to libssl-3-x64.dll cached
+- install deps\openssl-install\bin\libcrypto-3-x64.dll to libcrypto-3-x64.dll cached
platform-test success
+- run test 1 pass (1 total) 21s MaxRSS:4M
   +- compile test debug native cached 684ms MaxRSS:52M
      +- translate-c (reused)
policy-test success
+- run test 7 pass (7 total) 1s MaxRSS:3M
   +- compile test debug native cached 21s MaxRSS:52M
network-test success
+- run test 6 pass (6 total) 8s MaxRSS:4M
   +- compile test debug native cached 542ms MaxRSS:52M
      +- translate-c (reused)
audio-test success
+- run test 6 pass (6 total) 2s MaxRSS:8M
|  +- compile test debug native cached 227ms MaxRSS:52M
|     +- WriteFile (reused)
|     +- compile lib miniaudio debug native (reused)
|     +- compile lib miniaudio debug native (reused)
|     +- translate-c (reused)
+- run test 7 pass (7 total) 4s MaxRSS:9M
   +- compile test debug native cached 2s MaxRSS:52M
      +- WriteFile (reused)
      +- compile lib miniaudio debug native (reused)
      +- compile lib miniaudio debug native (reused)
      +- translate-c (reused)
test success
+- run test 46 pass (46 total) 21s MaxRSS:4M
|  +- compile test debug native cached 691ms MaxRSS:52M
+- run test 2 pass (2 total) 21s MaxRSS:3M
|  +- compile test debug native cached 617ms MaxRSS:52M
+- run test 37 pass (37 total) 702ms MaxRSS:4M
   +- compile test debug native cached 7s MaxRSS:52M

