audio-test
+- run test
   +- compile test safe native
      +- compile lib miniaudio safe native failure
perl: warning: Setting locale failed.
perl: warning: Please check that your locale settings:
	LC_ALL = "C.UTF-8",
	LC_CTYPE = "C.UTF-8",
	LC_NUMERIC = (unset),
	LC_COLLATE = (unset),
	LC_TIME = (unset),
	LC_MONETARY = (unset),
	LANG = "C.UTF-8"
    are supported and installed on your system.
perl: warning: Falling back to the system default locale ("English_United States.1252").
error: perl: warning: Setting locale failed.
       perl: warning: Please check that your locale settings:
       	LC_ALL = "C.UTF-8",
       	LC_CTYPE = "C.UTF-8",
       	LC_NUMERIC = (unset),
       	LC_COLLATE = (unset),
       	LC_TIME = (unset),
       	LC_MONETARY = (unset),
       	LANG = "C.UTF-8"
           are supported and installed on your system.
       perl: warning: Falling back to the system default locale ("English_United States.1252").
       

Build Summary: 12/12 steps succeeded; 17/17 tests passed
network-test success
+- run test 6 pass (6 total) 14s MaxRSS:4M
   +- compile test safe native cached 1s MaxRSS:63M
      +- translate-c cached 885ms MaxRSS:63M
audio-test success
+- run test 6 pass (6 total) 4s MaxRSS:6M
|  +- compile test safe native cached 588ms MaxRSS:63M
|     +- WriteFile cached
|     +- compile lib miniaudio safe native cached 469ms MaxRSS:63M
|     +- compile lib miniaudio safe native (reused)
|     +- translate-c cached 884ms MaxRSS:63M
+- run test 5 pass (5 total) 5s MaxRSS:6M
   +- compile test safe native cached 587ms MaxRSS:63M
      +- WriteFile (reused)
      +- compile lib miniaudio safe native (reused)
      +- compile lib miniaudio safe native (reused)
      +- translate-c (reused)

