audio-test
+- run test
   +- compile test debug native
      +- compile lib miniaudio debug native failure
perl: warning: Setting locale failed.
perl: warning: Please check that your locale settings:
	LC_ALL = "C.UTF-8",
	LC_CTYPE = "C.UTF-8",
	LC_NUMERIC = (unset),
	LC_COLLATE = (unset),
	LC_TIME = (unset),
	LC_MONETARY = (unset),
	LANG = "C.UTF-8"
    are supported and installed on your system.
perl: warning: Falling back to the system default locale ("English_United States.1252").
error: perl: warning: Setting locale failed.
       perl: warning: Please check that your locale settings:
       	LC_ALL = "C.UTF-8",
       	LC_CTYPE = "C.UTF-8",
       	LC_NUMERIC = (unset),
       	LC_COLLATE = (unset),
       	LC_TIME = (unset),
       	LC_MONETARY = (unset),
       	LANG = "C.UTF-8"
           are supported and installed on your system.
       perl: warning: Falling back to the system default locale ("English_United States.1252").
       

Build Summary: 12/12 steps succeeded; 17/17 tests passed
network-test success
+- run test 6 pass (6 total) 13s MaxRSS:6M
   +- compile test debug native success 28s MaxRSS:296M
      +- translate-c cached 6s MaxRSS:63M
audio-test success
+- run test 6 pass (6 total) 5s MaxRSS:10M
|  +- compile test debug native success 38s MaxRSS:299M
|     +- WriteFile cached
|     +- compile lib miniaudio debug native cached 28s MaxRSS:63M
|     +- compile lib miniaudio debug native (reused)
|     +- translate-c cached 6s MaxRSS:63M
+- run test 5 pass (5 total) 4s MaxRSS:10M
   +- compile test debug native success 38s MaxRSS:305M
      +- WriteFile (reused)
      +- compile lib miniaudio debug native (reused)
      +- compile lib miniaudio debug native (reused)
      +- translate-c (reused)

