test_atomic_json_preserves_old_file_on_publish_failure (__main__.BootstrapTests.test_atomic_json_preserves_old_file_on_publish_failure) ... ok
test_bad_configuration_in_inactive_environment_is_rejected (__main__.BootstrapTests.test_bad_configuration_in_inactive_environment_is_rejected) ... ok
test_cached_archive_corruption_never_downloads_or_executes (__main__.BootstrapTests.test_cached_archive_corruption_never_downloads_or_executes) ... ok
test_config_duplicate_unknown_and_merged_buffer_errors (__main__.BootstrapTests.test_config_duplicate_unknown_and_merged_buffer_errors) ... ok
test_deep_pairing_json_is_a_controlled_rejection (__main__.BootstrapTests.test_deep_pairing_json_is_a_controlled_rejection) ... ok
test_download_hash_and_size_failures_leave_no_published_archive (__main__.BootstrapTests.test_download_hash_and_size_failures_leave_no_published_archive) ... Downloading https://example.invalid/file
Downloading https://example.invalid/file
ok
test_environment_overrides_merge_without_changing_document (__main__.BootstrapTests.test_environment_overrides_merge_without_changing_document) ... ok
test_frame_size_checked_before_payload_read (__main__.BootstrapTests.test_frame_size_checked_before_payload_read) ... ok
test_invitation_rejects_bad_addresses_ports_and_tokens (__main__.BootstrapTests.test_invitation_rejects_bad_addresses_ports_and_tokens) ... ok
test_monterey_uses_release_path_before_attempting_modern_compiler (__main__.BootstrapTests.test_monterey_uses_release_path_before_attempting_modern_compiler) ... ok
test_real_os_lock_released_after_failure (__main__.BootstrapTests.test_real_os_lock_released_after_failure) ... ok
test_release_repository_url_is_not_an_arbitrary_download_host (__main__.BootstrapTests.test_release_repository_url_is_not_an_arbitrary_download_host) ... ok
test_release_requires_exact_revision_source_and_license_bytes (__main__.BootstrapTests.test_release_requires_exact_revision_source_and_license_bytes) ... ok
test_reviewed_complete_dependency_closure (__main__.BootstrapTests.test_reviewed_complete_dependency_closure) ... ok
test_sequoia_selects_source_preparation_not_old_os_release (__main__.BootstrapTests.test_sequoia_selects_source_preparation_not_old_os_release) ... ok
test_session_overrides_preserve_saved_settings_and_other_profiles (__main__.BootstrapTests.test_session_overrides_preserve_saved_settings_and_other_profiles) ... ok
test_shipped_config_resolves_for_both_hosts_without_private_paths (__main__.BootstrapTests.test_shipped_config_resolves_for_both_hosts_without_private_paths) ... ok
test_tar_link_rejected_without_following_target (__main__.BootstrapTests.test_tar_link_rejected_without_following_target) ... ok
test_unauthenticated_discovery_cannot_select_receiver (__main__.BootstrapTests.test_unauthenticated_discovery_cannot_select_receiver) ... ok
test_zip_traversal_and_case_collision_rejected (__main__.BootstrapTests.test_zip_traversal_and_case_collision_rejected) ... ok
test_enrollment_with_tls12_provider_and_modern_negotiation (__main__.PairingTests.test_enrollment_with_tls12_provider_and_modern_negotiation) ... ok
test_malformed_unicode_token_does_not_kill_listener (__main__.PairingTests.test_malformed_unicode_token_does_not_kill_listener) ... ok
test_prepared_native_receiver_installs_and_reuses (__main__.PairingTests.test_prepared_native_receiver_installs_and_reuses) ... ok
test_real_tls_pairing_publishes_only_receiver_and_preserves_repeat (__main__.PairingTests.test_real_tls_pairing_publishes_only_receiver_and_preserves_repeat) ... ok
test_receiver_publication_survives_lost_final_response (__main__.PairingTests.test_receiver_publication_survives_lost_final_response) ... ok
test_remote_filename_injection_never_writes (__main__.PairingTests.test_remote_filename_injection_never_writes) ... ok
test_wrong_certificate_never_releases_token_or_accepts_payload (__main__.PairingTests.test_wrong_certificate_never_releases_token_or_accepts_payload) ... ok
test_wrong_token_gets_no_private_payload_and_good_retry_succeeds (__main__.PairingTests.test_wrong_token_gets_no_private_payload_and_good_retry_succeeds) ... ok

----------------------------------------------------------------------
Ran 28 tests in 24.044s

OK
