{"case":"null-lease","passed":true,"steps":1,"client_leases":0,"server_leases":0,"server_teardown_releases":0}
{"case":"validation","passed":true,"steps":2,"client_leases":2,"server_leases":2,"server_teardown_releases":0}
{"case":"fail-secret","passed":true,"steps":1,"client_leases":0,"server_leases":1,"server_teardown_releases":0}
{"case":"combined","passed":true,"steps":55,"client_leases":680,"server_leases":244,"server_teardown_releases":0}
{"case":"fail-params","passed":true,"steps":1,"client_leases":0,"server_leases":1,"server_teardown_releases":0}
{"case":"fragmented","passed":true,"steps":2,"client_leases":680,"server_leases":244,"server_teardown_releases":0}
{"case":"reentrant","passed":true,"steps":2,"client_leases":2,"server_leases":2,"server_teardown_releases":0}
{"case":"full","passed":true,"steps":2,"client_leases":2,"server_leases":2,"server_teardown_releases":0}
{"case":"ip","passed":true,"steps":2,"client_leases":2,"server_leases":2,"server_teardown_releases":0}
{"case":"fail-release","passed":true,"steps":1,"client_leases":0,"server_leases":1,"server_teardown_releases":1}
{"case":"wrong-ca","passed":true,"steps":2,"client_leases":2,"server_leases":1,"server_teardown_releases":0}
{"case":"budgeted","passed":true,"steps":56,"client_leases":42,"server_leases":16,"server_teardown_releases":0}
{"case":"fail-receive","passed":true,"steps":1,"client_leases":0,"server_leases":0,"server_teardown_releases":0}
{"case":"backpressure","passed":true,"steps":55,"client_leases":41,"server_leases":16,"server_teardown_releases":0}
{"case":"params-overflow","passed":true,"steps":1,"client_leases":0,"server_leases":1,"server_teardown_releases":0}
{"case":"overlease","passed":true,"steps":1,"client_leases":0,"server_leases":0,"server_teardown_releases":0}
{"case":"zero-budget","passed":true,"steps":2,"client_leases":2,"server_leases":2,"server_teardown_releases":0}
{"case":"overconsume","passed":true,"steps":1,"client_leases":0,"server_leases":1,"server_teardown_releases":0}
{"case":"fail-alert","passed":true,"steps":2,"client_leases":2,"server_leases":1,"server_teardown_releases":0}
{"case":"mutual","passed":true,"steps":2,"client_leases":2,"server_leases":2,"server_teardown_releases":0}
{"case":"fail-send","passed":true,"steps":1,"client_leases":0,"server_leases":1,"server_teardown_releases":0}
{"case":"config-copy","passed":true,"steps":2,"client_leases":2,"server_leases":2,"server_teardown_releases":0}
{"case":"missing-client","passed":true,"steps":2,"client_leases":2,"server_leases":2,"server_teardown_releases":1}
{"case":"alpn","passed":true,"steps":1,"client_leases":0,"server_leases":1,"server_teardown_releases":0}
{"case":"wrong-host","passed":true,"steps":2,"client_leases":2,"server_leases":1,"server_teardown_releases":0}
