1/19 transport.test.custom ALPN is owned by each connection and bounds are checked...OK
2/19 transport.test.ALPN mismatch rejects handshake before application data...OK
3/19 transport.test.opaque ALPN accepts the maximum legal identifier...OK
4/19 transport.test.qualified runtime backend is OpenSSL 3.5.8...OK
5/19 transport.test.TLS13 HTTP1 roundtrip with single-byte handshake fragments...OK
6/19 transport.test.wrong DNS name fails before application access...OK
7/19 transport.test.explicit trust excludes an unrelated CA...OK
8/19 transport.test.expired certificate and future validity use supplied wall time...OK
9/19 transport.test.client-only EKU cannot authenticate a server...OK
10/19 transport.test.IP SAN succeeds and wrong IP fails...OK
11/19 transport.test.mTLS requires a trusted client certificate...OK
12/19 transport.test.AEAD record tampering is terminal and releases no plaintext...OK
13/19 transport.test.clean close_notify differs from raw EOF and truncated record...OK
14/19 transport.test.shutdown preserves final records in both roles and still rejects truncation...OK
15/19 transport.test.shutdown retries a blocked close alert before reading final peer data...OK
16/19 transport.test.bounded output retains write data across WANT_WRITE...OK
17/19 transport.test.input bounds, empty input, and explicit EOF...OK
18/19 transport.test.absolute deadline, backward clock, and idempotent cancel...OK
19/19 transport.test.invalid configuration and mismatched credentials fail at creation...OK
All 19 tests passed.
Build Summary: 4/4 steps succeeded
test success
+- run staged TLS tests success 321ms
   +- WriteFile libssl-3-x64.dll success
      +- compile test safe native success 19s MaxRSS:286M

