audio-test
+- run test
   +- compile test debug native
      +- compile lib miniaudio debug native failure
perl: warning: Setting locale failed.
perl: warning: Please check that your locale settings:
	LC_ALL = "C.UTF-8",
	LC_CTYPE = "C.UTF-8",
	LC_NUMERIC = (unset),
	LC_COLLATE = (unset),
	LC_TIME = (unset),
	LC_MONETARY = (unset),
	LANG = "C.UTF-8"
    are supported and installed on your system.
perl: warning: Falling back to the system default locale ("English_United States.1252").
error: perl: warning: Setting locale failed.
       perl: warning: Please check that your locale settings:
       	LC_ALL = "C.UTF-8",
       	LC_CTYPE = "C.UTF-8",
       	LC_NUMERIC = (unset),
       	LC_COLLATE = (unset),
       	LC_TIME = (unset),
       	LC_MONETARY = (unset),
       	LANG = "C.UTF-8"
           are supported and installed on your system.
       perl: warning: Falling back to the system default locale ("English_United States.1252").
       

audio-test
+- run test 2 pass, 2 fail (4 total)
error: 'audio_device.test.installed native notifications invalidate both directions without consuming media' failed:
       C:\Applications\Development\zig\zig-x86_64-windows-0.17.0-dev.1859+dcceb318e\lib\std\testing.zig:615:14: 0x7ff739f2819f in expect (test_zcu.obj)
           if (!ok) return error.TestUnexpectedResult;
                    ^
       C:\Projects\lan-audio\verification\native-events\mutations\ignore_reroute\src\host\audio_device.zig:427:9: 0x7ff739f2fb0c in test.installed native notifications invalidate both directions without consuming media (test_zcu.obj)
               try std.testing.expect(health.capture_failed and health.playback_failed);
               ^
error: 'audio_device.test.concurrent native notifications retain independent sticky reasons' failed:
       C:\Applications\Development\zig\zig-x86_64-windows-0.17.0-dev.1859+dcceb318e\lib\std\testing.zig:615:14: 0x7ff739f2819f in expect (test_zcu.obj)
           if (!ok) return error.TestUnexpectedResult;
                    ^
       C:\Projects\lan-audio\verification\native-events\mutations\ignore_reroute\src\host\audio_device.zig:484:5: 0x7ff739f28ee0 in test.concurrent native notifications retain independent sticky reasons (test_zcu.obj)
           try std.testing.expect(health.unexpected_stop and health.rerouted and health.interrupted);
           ^
failed command: "C:\\Projects\\lan-audio\\.zig-cache\\native-events-mutations\\o\\65f129a9de1b21835f405e6da9ebdc97\\test.exe" "--cache-dir=C:\\Projects\\lan-audio\\.zig-cache\\native-events-mutations" --seed=0x322815df --listen=-

Build Summary: 6/8 steps succeeded (1 failed); 8/10 tests passed (2 failed)
audio-test transitive failure
+- run test 6 pass (6 total) 1s MaxRSS:6M
|  +- compile test debug native success 10s MaxRSS:307M
|     +- WriteFile cached
|     +- compile lib miniaudio debug native cached 8s MaxRSS:69M
|     +- compile lib miniaudio debug native (reused)
|     +- translate-c cached 3s MaxRSS:69M
+- run test 2 pass, 2 fail (4 total)
   +- compile test debug native success 10s MaxRSS:306M
      +- WriteFile (reused)
      +- compile lib miniaudio debug native (reused)
      +- compile lib miniaudio debug native (reused)
      +- translate-c (reused)

error: the following build command exited with code 1:
C:\Users\James\AppData\Local\zig\o\10197263dd28ab69b11a8211df93e131\maker.exe build --zig-lib=C:\Applications\Development\zig\zig-x86_64-windows-0.17.0-dev.1859+dcceb318e\lib --zig=C:\Applications\Development\zig\zig-x86_64-windows-0.17.0-dev.1859+dcceb318e\zig.exe --global-cache=C:\Users\James\AppData\Local\zig --seed=0x322815df audio-test --summary all --cache-dir C:\Projects\lan-audio\.zig-cache\native-events-mutations
