audio-test
+- run test
   +- compile test debug native
      +- compile lib miniaudio debug native failure
perl: warning: Setting locale failed.
perl: warning: Please check that your locale settings:
	LC_ALL = "C.UTF-8",
	LC_CTYPE = "C.UTF-8",
	LC_NUMERIC = (unset),
	LC_COLLATE = (unset),
	LC_TIME = (unset),
	LC_MONETARY = (unset),
	LANG = "C.UTF-8"
    are supported and installed on your system.
perl: warning: Falling back to the system default locale ("English_United States.1252").
error: perl: warning: Setting locale failed.
       perl: warning: Please check that your locale settings:
       	LC_ALL = "C.UTF-8",
       	LC_CTYPE = "C.UTF-8",
       	LC_NUMERIC = (unset),
       	LC_COLLATE = (unset),
       	LC_TIME = (unset),
       	LC_MONETARY = (unset),
       	LANG = "C.UTF-8"
           are supported and installed on your system.
       perl: warning: Falling back to the system default locale ("English_United States.1252").
       

Build Summary: 14/14 steps succeeded; 55/55 tests passed
audio-test success
+- run test 1 pass (1 total) 1s MaxRSS:6M
   +- compile test debug native success 14s MaxRSS:290M
      +- WriteFile success
      +- compile lib miniaudio debug native success 14s MaxRSS:60M
      +- compile lib miniaudio debug native (reused)
      +- translate-c success 10s MaxRSS:55M
dependency-test success
+- run test 1 pass (1 total) 1s MaxRSS:4M
   +- compile test debug native success 14s MaxRSS:283M
      +- WriteFile (reused)
      +- compile lib miniaudio debug native (reused)
      +- compile lib miniaudio debug native (reused)
      +- translate-c (reused)
test success
+- run test 42 pass (42 total) 14s MaxRSS:3M
|  +- compile test debug native success 18s MaxRSS:303M
+- run test 11 pass (11 total) 14s MaxRSS:3M
   +- compile test debug native success 18s MaxRSS:283M

