Build Summary: 47/47 steps succeeded; 112/112 tests passed
verified-transport-probe success
+- install audio-verified-probe success
|  +- compile exe audio-verified-probe safe native success 1m MaxRSS:289M
|     +- translate-c cached 381ms MaxRSS:54M
+- install deps\openssl-install\bin\libssl-3-x64.dll to libssl-3-x64.dll cached
+- install deps\openssl-install\bin\libcrypto-3-x64.dll to libcrypto-3-x64.dll cached
recovery-probe success
+- install audio-recovery-probe success
|  +- compile exe audio-recovery-probe safe native success 1m MaxRSS:309M
|     +- translate-c cached 1m MaxRSS:54M
|     +- WriteFile cached
|     +- compile lib miniaudio safe native cached 959ms MaxRSS:54M
|     +- compile lib miniaudio safe native (reused)
|     +- translate-c (reused)
|     +- translate-c cached 661ms MaxRSS:54M
+- install deps\openssl-install\bin\libssl-3-x64.dll to libssl-3-x64.dll cached
+- install deps\openssl-install\bin\libcrypto-3-x64.dll to libcrypto-3-x64.dll cached
worker-probe success
+- install audio-worker-probe success
|  +- compile exe audio-worker-probe safe native success 1m MaxRSS:306M
|     +- translate-c (reused)
|     +- WriteFile (reused)
|     +- compile lib miniaudio safe native (reused)
|     +- compile lib miniaudio safe native (reused)
|     +- translate-c (reused)
|     +- translate-c (reused)
+- install deps\openssl-install\bin\libssl-3-x64.dll to libssl-3-x64.dll cached
+- install deps\openssl-install\bin\libcrypto-3-x64.dll to libcrypto-3-x64.dll cached
app success
+- install lan-audio success
|  +- compile exe lan-audio safe native success 1m MaxRSS:311M
|     +- options cached
|     +- WriteFile (reused)
|     +- compile lib miniaudio safe native (reused)
|     +- compile lib miniaudio safe native (reused)
|     +- translate-c (reused)
|     +- translate-c (reused)
|     +- translate-c (reused)
+- install deps\openssl-install\bin\libssl-3-x64.dll to libssl-3-x64.dll cached
+- install deps\openssl-install\bin\libcrypto-3-x64.dll to libcrypto-3-x64.dll cached
platform-test success
+- run test 1 pass (1 total) 1s MaxRSS:4M
   +- compile test safe native cached 667ms MaxRSS:54M
      +- translate-c (reused)
policy-test success
+- run test 7 pass (7 total) 347ms MaxRSS:3M
   +- compile test safe native success 1m MaxRSS:292M
network-test success
+- run test 6 pass (6 total) 12s MaxRSS:4M
   +- compile test safe native cached 1m MaxRSS:54M
      +- translate-c (reused)
audio-test success
+- run test 6 pass (6 total) 3s MaxRSS:8M
|  +- compile test safe native success 1m MaxRSS:299M
|     +- WriteFile (reused)
|     +- compile lib miniaudio safe native (reused)
|     +- compile lib miniaudio safe native (reused)
|     +- translate-c (reused)
+- run test 7 pass (7 total) 3s MaxRSS:9M
   +- compile test safe native success 1m MaxRSS:311M
      +- WriteFile (reused)
      +- compile lib miniaudio safe native (reused)
      +- compile lib miniaudio safe native (reused)
      +- translate-c (reused)
test success
+- run test 46 pass (46 total) 1s MaxRSS:3M
|  +- compile test safe native success 1m MaxRSS:320M
+- run test 2 pass (2 total) 680ms MaxRSS:3M
|  +- compile test safe native success 1m MaxRSS:279M
+- run test 37 pass (37 total) 1s MaxRSS:3M
   +- compile test safe native success 1m MaxRSS:335M

