Backend: OpenSSL 3.5.8 25 Aug 2026
Verified loaded DLL: C:\Projects\tls-zig\.zig-cache\o\d4cb6ca47b5c4a448cbd0aca6c8b3c28\libssl-3-x64.dll
Verified loaded DLL: C:\Projects\tls-zig\.zig-cache\o\d4cb6ca47b5c4a448cbd0aca6c8b3c28\libcrypto-3-x64.dll
Independent peer: OpenSSL 3.0.18 30 Sep 2025
PASS backend server / authenticated Python client roundtrip
PASS backend client / Python server roundtrip
PASS backend rejects wrong server hostname
PASS backend rejects untrusted server
PASS Python client rejects wrong server hostname
PASS server rejects incompatible ALPN
PASS server rejects missing ALPN
PASS client rejects missing ALPN
PASS server rejects TLS 1.2
PASS client rejects TLS 1.2
PASS mTLS accepts trusted Python client
PASS mTLS rejects absent client certificate
PASS mTLS rejects untrusted client chain
PASS final peer data during shutdown / backend client / raw EOF rejected
PASS final peer data during shutdown / backend client / close_notify
PASS final peer data during shutdown / backend server / raw EOF rejected
PASS final peer data during shutdown / backend server / close_notify
17 independent-peer cases passed
OpenSSL 3.5.8 25 Aug 2026
TLS 1.3, verified localhost, ALPN http/1.1
HTTP/1.1 200 OK
Content-Length: 8

tls-zig
Build Summary: 8/8 steps succeeded
example success
+- run staged TLS example success 438ms
   +- WriteFile libssl-3-x64.dll success
      +- compile exe tls-example debug native success 6s MaxRSS:247M
interop success
+- run python success 668ms
   +- WriteFile libssl-3-x64.dll success
      +- compile lib tls-test-backend debug native success 6s MaxRSS:43M

