Build Summary: 47/47 steps succeeded; 113/113 tests passed
verified-transport-probe success
+- install audio-verified-probe success
|  +- compile exe audio-verified-probe safe native cached 144ms MaxRSS:64M
|     +- translate-c cached 38ms MaxRSS:64M
+- install deps\openssl-install\bin\libssl-3-x64.dll to libssl-3-x64.dll cached
+- install deps\openssl-install\bin\libcrypto-3-x64.dll to libcrypto-3-x64.dll cached
recovery-probe success
+- install audio-recovery-probe success
|  +- compile exe audio-recovery-probe safe native success 33s MaxRSS:320M
|     +- translate-c cached 207ms MaxRSS:64M
|     +- WriteFile cached
|     +- compile lib miniaudio safe native cached 101ms MaxRSS:64M
|     +- compile lib miniaudio safe native (reused)
|     +- translate-c (reused)
|     +- translate-c cached 41ms MaxRSS:64M
+- install deps\openssl-install\bin\libssl-3-x64.dll to libssl-3-x64.dll cached
+- install deps\openssl-install\bin\libcrypto-3-x64.dll to libcrypto-3-x64.dll cached
worker-probe success
+- install audio-worker-probe success
|  +- compile exe audio-worker-probe safe native success 35s MaxRSS:319M
|     +- translate-c (reused)
|     +- WriteFile (reused)
|     +- compile lib miniaudio safe native (reused)
|     +- compile lib miniaudio safe native (reused)
|     +- translate-c (reused)
|     +- translate-c (reused)
+- install deps\openssl-install\bin\libssl-3-x64.dll to libssl-3-x64.dll cached
+- install deps\openssl-install\bin\libcrypto-3-x64.dll to libcrypto-3-x64.dll cached
app success
+- install lan-audio success
|  +- compile exe lan-audio safe native success 34s MaxRSS:321M
|     +- options cached
|     +- WriteFile (reused)
|     +- compile lib miniaudio safe native (reused)
|     +- compile lib miniaudio safe native (reused)
|     +- translate-c (reused)
|     +- translate-c (reused)
|     +- translate-c (reused)
+- install deps\openssl-install\bin\libssl-3-x64.dll to libssl-3-x64.dll cached
+- install deps\openssl-install\bin\libcrypto-3-x64.dll to libcrypto-3-x64.dll cached
platform-test success
+- run test 1 pass (1 total) 199ms MaxRSS:4M
   +- compile test safe native cached 274ms MaxRSS:65M
      +- translate-c (reused)
policy-test success
+- run test 7 pass (7 total) 89ms MaxRSS:3M
   +- compile test safe native cached 123ms MaxRSS:64M
network-test success
+- run test 6 pass (6 total) 2s MaxRSS:4M
   +- compile test safe native cached 149ms MaxRSS:64M
      +- translate-c (reused)
audio-test success
+- run test 6 pass (6 total) 1s MaxRSS:7M
|  +- compile test safe native cached 183ms MaxRSS:64M
|     +- WriteFile (reused)
|     +- compile lib miniaudio safe native (reused)
|     +- compile lib miniaudio safe native (reused)
|     +- translate-c (reused)
+- run test 7 pass (7 total) 1s MaxRSS:9M
   +- compile test safe native cached 206ms MaxRSS:64M
      +- WriteFile (reused)
      +- compile lib miniaudio safe native (reused)
      +- compile lib miniaudio safe native (reused)
      +- translate-c (reused)
test success
+- run test 47 pass (47 total) 453ms MaxRSS:3M
|  +- compile test safe native cached 88ms MaxRSS:64M
+- run test 2 pass (2 total) 57ms MaxRSS:3M
|  +- compile test safe native cached 123ms MaxRSS:64M
+- run test 37 pass (37 total) 265ms MaxRSS:3M
   +- compile test safe native cached 35s MaxRSS:64M

