Build Summary: 47/47 steps succeeded; 113/113 tests passed
verified-transport-probe success
+- install audio-verified-probe success
|  +- compile exe audio-verified-probe debug native cached 139ms MaxRSS:64M
|     +- translate-c cached 744ms MaxRSS:64M
+- install deps\openssl-install\bin\libssl-3-x64.dll to libssl-3-x64.dll cached
+- install deps\openssl-install\bin\libcrypto-3-x64.dll to libcrypto-3-x64.dll cached
recovery-probe success
+- install audio-recovery-probe success
|  +- compile exe audio-recovery-probe debug native success 9s MaxRSS:314M
|     +- translate-c cached 2s MaxRSS:64M
|     +- WriteFile cached
|     +- compile lib miniaudio debug native cached 139ms MaxRSS:64M
|     +- compile lib miniaudio debug native (reused)
|     +- translate-c (reused)
|     +- translate-c cached 87ms MaxRSS:64M
+- install deps\openssl-install\bin\libssl-3-x64.dll to libssl-3-x64.dll cached
+- install deps\openssl-install\bin\libcrypto-3-x64.dll to libcrypto-3-x64.dll cached
worker-probe success
+- install audio-worker-probe success
|  +- compile exe audio-worker-probe debug native success 11s MaxRSS:310M
|     +- translate-c (reused)
|     +- WriteFile (reused)
|     +- compile lib miniaudio debug native (reused)
|     +- compile lib miniaudio debug native (reused)
|     +- translate-c (reused)
|     +- translate-c (reused)
+- install deps\openssl-install\bin\libssl-3-x64.dll to libssl-3-x64.dll cached
+- install deps\openssl-install\bin\libcrypto-3-x64.dll to libcrypto-3-x64.dll cached
app success
+- install lan-audio success
|  +- compile exe lan-audio debug native success 10s MaxRSS:314M
|     +- options cached
|     +- WriteFile (reused)
|     +- compile lib miniaudio debug native (reused)
|     +- compile lib miniaudio debug native (reused)
|     +- translate-c (reused)
|     +- translate-c (reused)
|     +- translate-c (reused)
+- install deps\openssl-install\bin\libssl-3-x64.dll to libssl-3-x64.dll cached
+- install deps\openssl-install\bin\libcrypto-3-x64.dll to libcrypto-3-x64.dll cached
platform-test success
+- run test 1 pass (1 total) 118ms MaxRSS:4M
   +- compile test debug native cached 87ms MaxRSS:64M
      +- translate-c (reused)
policy-test success
+- run test 7 pass (7 total) 10s MaxRSS:3M
   +- compile test debug native cached 11s MaxRSS:64M
network-test success
+- run test 6 pass (6 total) 2s MaxRSS:4M
   +- compile test debug native cached 139ms MaxRSS:64M
      +- translate-c (reused)
audio-test success
+- run test 6 pass (6 total) 1s MaxRSS:8M
|  +- compile test debug native cached 9s MaxRSS:64M
|     +- WriteFile (reused)
|     +- compile lib miniaudio debug native (reused)
|     +- compile lib miniaudio debug native (reused)
|     +- translate-c (reused)
+- run test 7 pass (7 total) 1s MaxRSS:9M
   +- compile test debug native cached 240ms MaxRSS:64M
      +- WriteFile (reused)
      +- compile lib miniaudio debug native (reused)
      +- compile lib miniaudio debug native (reused)
      +- translate-c (reused)
test success
+- run test 47 pass (47 total) 3s MaxRSS:4M
|  +- compile test debug native cached 212ms MaxRSS:64M
+- run test 2 pass (2 total) 183ms MaxRSS:3M
|  +- compile test debug native cached 201ms MaxRSS:64M
+- run test 37 pass (37 total) 192ms MaxRSS:4M
   +- compile test debug native cached 212ms MaxRSS:64M

