PASS ('client', 'sender', 'valid', 'ipv4')
PASS ('client', 'sender', 'valid', 'ipv6')
PASS ('client', 'receiver', 'valid', 'ipv4')
PASS ('client', 'receiver', 'valid', 'ipv6')
PASS ('client', 'sender', 'wrong-peer', 'ipv4')
PASS ('client', 'sender', 'wrong-role', 'ipv4')
PASS ('client', 'sender', 'unapproved', 'ipv4')
PASS ('client', 'sender', 'cancel', 'ipv4')
PASS ('client', 'sender', 'revoke', 'ipv4')
PASS ('client', 'sender', 'revision', 'ipv4')
PASS ('client', 'sender', 'cancel-wait', 'ipv4')
PASS ('client', 'sender', 'raw-eof', 'ipv4')
PASS ('client', 'sender', 'current-revision', 'ipv4')
PASS ('client', 'sender', 'before-handshake', 'ipv4')
PASS ('client', 'sender', 'wrong-alpn', 'ipv4')
PASS ('client', 'sender', 'expired', 'ipv4')
PASS ('client', 'sender', 'deadline', 'ipv4')
PASS ('server', 'sender', 'valid', 'ipv4')
PASS ('server', 'sender', 'valid', 'ipv6')
PASS ('server', 'receiver', 'valid', 'ipv4')
PASS ('server', 'receiver', 'valid', 'ipv6')
PASS ('server', 'sender', 'wrong-peer', 'ipv4')
PASS ('server', 'sender', 'wrong-role', 'ipv4')
PASS ('server', 'sender', 'unapproved', 'ipv4')
PASS ('server', 'sender', 'cancel', 'ipv4')
PASS ('server', 'sender', 'revoke', 'ipv4')
PASS ('server', 'sender', 'revision', 'ipv4')
PASS ('server', 'sender', 'cancel-wait', 'ipv4')
PASS ('server', 'sender', 'raw-eof', 'ipv4')
PASS ('server', 'sender', 'current-revision', 'ipv4')
PASS ('server', 'sender', 'before-handshake', 'ipv4')
PASS ('server', 'sender', 'wrong-alpn', 'ipv4')
PASS ('server', 'sender', 'expired', 'ipv4')
PASS ('server', 'sender', 'deadline', 'ipv4')
PASS ('client', 'sender', 'wrong-name', 'ipv4')
PASS ('server', 'receiver', 'missing-client', 'ipv4')
PASS ('server', 'receiver', 'buffered-deadline', 'ipv4')
PASS ('client', 'sender', 'bad-accept', 'ipv4')
PASS ('client', 'sender', 'wrong-ack', 'ipv4')
PASS ('client', 'sender', 'after-ack', 'ipv4')
PASS ('server', 'receiver', 'truncated', 'ipv4')
PASS ('server', 'receiver', 'duplicate', 'ipv4')
PASS ('server', 'receiver', 'after-end', 'ipv4')
