Build Summary: 21/21 steps succeeded
worker-probe success
+- install audio-worker-probe success
|  +- compile exe audio-worker-probe safe native cached 190ms MaxRSS:62M
|     +- translate-c cached 166ms MaxRSS:61M
|     +- WriteFile cached
|     +- compile lib miniaudio safe native cached 201ms MaxRSS:61M
|     +- compile lib miniaudio safe native (reused)
|     +- translate-c cached 99ms MaxRSS:61M
|     +- translate-c cached 167ms MaxRSS:61M
+- install deps\openssl-install\bin\libssl-3-x64.dll to libssl-3-x64.dll cached
+- install deps\openssl-install\bin\libcrypto-3-x64.dll to libcrypto-3-x64.dll cached
recovery-probe success
+- install audio-recovery-probe success
|  +- compile exe audio-recovery-probe safe native cached 130ms MaxRSS:62M
|     +- translate-c (reused)
|     +- translate-c (reused)
|     +- WriteFile (reused)
|     +- compile lib miniaudio safe native (reused)
|     +- compile lib miniaudio safe native (reused)
|     +- translate-c (reused)
+- install deps\openssl-install\bin\libssl-3-x64.dll to libssl-3-x64.dll cached
+- install deps\openssl-install\bin\libcrypto-3-x64.dll to libcrypto-3-x64.dll cached
app success
+- install lan-audio success
|  +- compile exe lan-audio safe native cached 652ms MaxRSS:62M
|     +- options cached
|     +- WriteFile (reused)
|     +- compile lib miniaudio safe native (reused)
|     +- compile lib miniaudio safe native (reused)
|     +- translate-c (reused)
|     +- translate-c (reused)
|     +- translate-c (reused)
+- install deps\openssl-install\bin\libssl-3-x64.dll to libssl-3-x64.dll cached
+- install deps\openssl-install\bin\libcrypto-3-x64.dll to libcrypto-3-x64.dll cached

