Build Summary: 40/40 steps succeeded; 109/109 tests passed
verified-transport-probe success
+- install audio-verified-probe cached
|  +- compile exe audio-verified-probe debug native cached 70ms MaxRSS:17M
|     +- translate-c cached 328ms MaxRSS:16M
+- install deps\openssl-install\bin\libssl-3-x64.dll to libssl-3-x64.dll cached
+- install deps\openssl-install\bin\libcrypto-3-x64.dll to libcrypto-3-x64.dll cached
worker-probe success
+- install audio-worker-probe success
|  +- compile exe audio-worker-probe debug native success 5s MaxRSS:276M
|     +- translate-c cached 334ms MaxRSS:16M
|     +- WriteFile cached
|     +- compile lib miniaudio debug native cached 71ms MaxRSS:16M
|     +- compile lib miniaudio debug native (reused)
|     +- translate-c (reused)
|     +- translate-c cached 334ms MaxRSS:16M
+- install deps\openssl-install\bin\libssl-3-x64.dll to libssl-3-x64.dll cached
+- install deps\openssl-install\bin\libcrypto-3-x64.dll to libcrypto-3-x64.dll cached
app success
+- install lan-audio success
|  +- compile exe lan-audio debug native success 5s MaxRSS:278M
|     +- options cached
|     +- WriteFile (reused)
|     +- compile lib miniaudio debug native (reused)
|     +- compile lib miniaudio debug native (reused)
|     +- translate-c (reused)
|     +- translate-c (reused)
|     +- translate-c (reused)
+- install deps\openssl-install\bin\libssl-3-x64.dll to libssl-3-x64.dll cached
+- install deps\openssl-install\bin\libcrypto-3-x64.dll to libcrypto-3-x64.dll cached
platform-test success
+- run test 1 pass (1 total) 5s MaxRSS:4M
   +- compile test debug native success 4s MaxRSS:256M
      +- translate-c (reused)
policy-test success
+- run test 7 pass (7 total) 4s MaxRSS:3M
   +- compile test debug native cached 334ms MaxRSS:16M
network-test success
+- run test 6 pass (6 total) 2s MaxRSS:4M
   +- compile test debug native cached 70ms MaxRSS:17M
      +- translate-c (reused)
audio-test success
+- run test 6 pass (6 total) 603ms MaxRSS:7M
|  +- compile test debug native cached 2s MaxRSS:17M
|     +- WriteFile (reused)
|     +- compile lib miniaudio debug native (reused)
|     +- compile lib miniaudio debug native (reused)
|     +- translate-c (reused)
+- run test 7 pass (7 total) 201ms MaxRSS:7M
   +- compile test debug native cached 597ms MaxRSS:31M
      +- WriteFile (reused)
      +- compile lib miniaudio debug native (reused)
      +- compile lib miniaudio debug native (reused)
      +- translate-c (reused)
test success
+- run test 45 pass (45 total) 4s MaxRSS:4M
|  +- compile test debug native cached 334ms MaxRSS:16M
+- run test 37 pass (37 total) 4s MaxRSS:4M
   +- compile test debug native cached 332ms MaxRSS:16M

