{
  "passed": true,
  "project": "tls-zig",
  "work_packages": 37,
  "acceptance_obligations": 89,
  "completion_order": [
    "Q09",
    "Q12",
    "Q14",
    "T00",
    "Q10",
    "T01",
    "T07",
    "Q11",
    "T03",
    "T05",
    "T08",
    "T09",
    "T04",
    "T10",
    "T02",
    "T11",
    "T06",
    "T12",
    "Q00",
    "T13",
    "T14",
    "Q01",
    "Q02",
    "Q04",
    "Q03",
    "Q05",
    "Q06",
    "Q07",
    "Q08",
    "Q13",
    "Q20",
    "Q15",
    "Q17",
    "Q18",
    "Q16",
    "Q19",
    "Q21"
  ],
  "peer_checked": true,
  "states": {
    "planned": 26,
    "in_progress": 0,
    "implemented": 0,
    "complete": 11
  },
  "ready_to_implement": [
    "Q09",
    "Q12",
    "Q14",
    "T07",
    "Q04"
  ],
  "negative_controls_detected": [
    "cycle",
    "unknown dependency",
    "duplicate id",
    "unsafe path",
    "noncanonical path",
    "missing oracle",
    "duplicate acceptance",
    "false completion",
    "invalid shape"
  ]
}
