1/2 backend_abi.test.native C sizes alignments and offsets agree with independent Zig ABI declarations...OK
2/2 backend_abi.test.native C invokes every Zig callback with the declared widths and calling convention...OK
All 2 tests passed.
Build Summary: 31/31 steps succeeded
quic-backend-test success
+- recordless adapter full success 381ms
|  +- WriteFile libssl-3-x64.dll cached
|     +- compile exe quic-backend-test safe native cached 1m MaxRSS:58M
+- recordless adapter fragmented success 329ms
|  +- WriteFile libssl-3-x64.dll (+1 more reused dependencies)
+- recordless adapter backpressure success 384ms
|  +- WriteFile libssl-3-x64.dll (+1 more reused dependencies)
+- recordless adapter combined success 690ms
|  +- WriteFile libssl-3-x64.dll (+1 more reused dependencies)
+- recordless adapter mutual success 214ms
|  +- WriteFile libssl-3-x64.dll (+1 more reused dependencies)
+- recordless adapter missing-client success 255ms
|  +- WriteFile libssl-3-x64.dll (+1 more reused dependencies)
+- recordless adapter wrong-host success 382ms
|  +- WriteFile libssl-3-x64.dll (+1 more reused dependencies)
+- recordless adapter wrong-ca success 396ms
|  +- WriteFile libssl-3-x64.dll (+1 more reused dependencies)
+- recordless adapter alpn success 372ms
|  +- WriteFile libssl-3-x64.dll (+1 more reused dependencies)
+- recordless adapter fail-send success 296ms
|  +- WriteFile libssl-3-x64.dll (+1 more reused dependencies)
+- recordless adapter fail-receive success 2s
|  +- WriteFile libssl-3-x64.dll (+1 more reused dependencies)
+- recordless adapter fail-release success 614ms
|  +- WriteFile libssl-3-x64.dll (+1 more reused dependencies)
+- recordless adapter fail-secret success 406ms
|  +- WriteFile libssl-3-x64.dll (+1 more reused dependencies)
+- recordless adapter fail-params success 278ms
|  +- WriteFile libssl-3-x64.dll (+1 more reused dependencies)
+- recordless adapter fail-alert success 529ms
|  +- WriteFile libssl-3-x64.dll (+1 more reused dependencies)
+- recordless adapter budgeted success 716ms
|  +- WriteFile libssl-3-x64.dll (+1 more reused dependencies)
+- recordless adapter zero-budget success 506ms
|  +- WriteFile libssl-3-x64.dll (+1 more reused dependencies)
+- recordless adapter overconsume success 532ms
|  +- WriteFile libssl-3-x64.dll (+1 more reused dependencies)
+- recordless adapter overlease success 484ms
|  +- WriteFile libssl-3-x64.dll (+1 more reused dependencies)
+- recordless adapter null-lease success 490ms
|  +- WriteFile libssl-3-x64.dll (+1 more reused dependencies)
+- recordless adapter params-overflow success 383ms
|  +- WriteFile libssl-3-x64.dll (+1 more reused dependencies)
+- recordless adapter reentrant success 309ms
|  +- WriteFile libssl-3-x64.dll (+1 more reused dependencies)
+- recordless adapter validation success 311ms
|  +- WriteFile libssl-3-x64.dll (+1 more reused dependencies)
+- recordless adapter config-copy success 289ms
|  +- WriteFile libssl-3-x64.dll (+1 more reused dependencies)
+- recordless adapter ip success 432ms
|  +- WriteFile libssl-3-x64.dll (+1 more reused dependencies)
+- native recordless C and Zig ABI success 748ms
   +- WriteFile libssl-3-x64.dll success
      +- compile test safe native success 1m MaxRSS:288M

