audio-test
+- run test
   +- compile test safe native
      +- compile lib miniaudio safe native failure
perl: warning: Setting locale failed.
perl: warning: Please check that your locale settings:
	LC_ALL = "C.UTF-8",
	LC_CTYPE = "C.UTF-8",
	LC_NUMERIC = (unset),
	LC_COLLATE = (unset),
	LC_TIME = (unset),
	LC_MONETARY = (unset),
	LANG = "C.UTF-8"
    are supported and installed on your system.
perl: warning: Falling back to the system default locale ("English_United States.1252").
error: perl: warning: Setting locale failed.
       perl: warning: Please check that your locale settings:
       	LC_ALL = "C.UTF-8",
       	LC_CTYPE = "C.UTF-8",
       	LC_NUMERIC = (unset),
       	LC_COLLATE = (unset),
       	LC_TIME = (unset),
       	LC_MONETARY = (unset),
       	LANG = "C.UTF-8"
           are supported and installed on your system.
       perl: warning: Falling back to the system default locale ("English_United States.1252").
       

Build Summary: 8/8 steps succeeded; 10/10 tests passed
audio-test success
+- run test 6 pass (6 total) 1s MaxRSS:6M
|  +- compile test safe native success 49s MaxRSS:315M
|     +- WriteFile cached
|     +- compile lib miniaudio safe native cached 166ms MaxRSS:69M
|     +- compile lib miniaudio safe native (reused)
|     +- translate-c cached 5s MaxRSS:69M
+- run test 4 pass (4 total) 867ms MaxRSS:6M
   +- compile test safe native success 49s MaxRSS:314M
      +- WriteFile (reused)
      +- compile lib miniaudio safe native (reused)
      +- compile lib miniaudio safe native (reused)
      +- translate-c (reused)

