Build Summary: 47/47 steps succeeded; 112/112 tests passed
verified-transport-probe success
+- install audio-verified-probe success
|  +- compile exe audio-verified-probe debug native success 6s MaxRSS:275M
|     +- translate-c cached 8s MaxRSS:41M
+- install deps\openssl-install\bin\libssl-3-x64.dll to libssl-3-x64.dll cached
+- install deps\openssl-install\bin\libcrypto-3-x64.dll to libcrypto-3-x64.dll cached
recovery-probe success
+- install audio-recovery-probe success
|  +- compile exe audio-recovery-probe debug native success 9s MaxRSS:289M
|     +- translate-c cached 8s MaxRSS:41M
|     +- WriteFile cached
|     +- compile lib miniaudio debug native cached 6s MaxRSS:42M
|     +- compile lib miniaudio debug native (reused)
|     +- translate-c (reused)
|     +- translate-c cached 25ms MaxRSS:42M
+- install deps\openssl-install\bin\libssl-3-x64.dll to libssl-3-x64.dll cached
+- install deps\openssl-install\bin\libcrypto-3-x64.dll to libcrypto-3-x64.dll cached
worker-probe success
+- install audio-worker-probe success
|  +- compile exe audio-worker-probe debug native success 9s MaxRSS:288M
|     +- translate-c (reused)
|     +- WriteFile (reused)
|     +- compile lib miniaudio debug native (reused)
|     +- compile lib miniaudio debug native (reused)
|     +- translate-c (reused)
|     +- translate-c (reused)
+- install deps\openssl-install\bin\libssl-3-x64.dll to libssl-3-x64.dll cached
+- install deps\openssl-install\bin\libcrypto-3-x64.dll to libcrypto-3-x64.dll cached
app success
+- install lan-audio success
|  +- compile exe lan-audio debug native success 9s MaxRSS:291M
|     +- options cached
|     +- WriteFile (reused)
|     +- compile lib miniaudio debug native (reused)
|     +- compile lib miniaudio debug native (reused)
|     +- translate-c (reused)
|     +- translate-c (reused)
|     +- translate-c (reused)
+- install deps\openssl-install\bin\libssl-3-x64.dll to libssl-3-x64.dll cached
+- install deps\openssl-install\bin\libcrypto-3-x64.dll to libcrypto-3-x64.dll cached
platform-test success
+- run test 1 pass (1 total) 9s MaxRSS:4M
   +- compile test debug native cached 6s MaxRSS:42M
      +- translate-c (reused)
policy-test success
+- run test 7 pass (7 total) 177ms MaxRSS:3M
   +- compile test debug native success 8s MaxRSS:271M
network-test success
+- run test 6 pass (6 total) 2s MaxRSS:4M
   +- compile test debug native cached 154ms MaxRSS:42M
      +- translate-c (reused)
audio-test success
+- run test 6 pass (6 total) 1s MaxRSS:8M
|  +- compile test debug native cached 9s MaxRSS:42M
|     +- WriteFile (reused)
|     +- compile lib miniaudio debug native (reused)
|     +- compile lib miniaudio debug native (reused)
|     +- translate-c (reused)
+- run test 7 pass (7 total) 1s MaxRSS:9M
   +- compile test debug native cached 9s MaxRSS:42M
      +- WriteFile (reused)
      +- compile lib miniaudio debug native (reused)
      +- compile lib miniaudio debug native (reused)
      +- translate-c (reused)
test success
+- run test 46 pass (46 total) 6s MaxRSS:4M
|  +- compile test debug native cached 7s MaxRSS:41M
+- run test 2 pass (2 total) 6s MaxRSS:3M
|  +- compile test debug native cached 8s MaxRSS:41M
+- run test 37 pass (37 total) 6s MaxRSS:4M
   +- compile test debug native cached 8s MaxRSS:41M

