audio-test
+- run test
   +- compile test debug native
      +- compile lib miniaudio debug native failure
perl: warning: Setting locale failed.
perl: warning: Please check that your locale settings:
	LC_ALL = "C.UTF-8",
	LC_CTYPE = "C.UTF-8",
	LC_NUMERIC = (unset),
	LC_COLLATE = (unset),
	LC_TIME = (unset),
	LC_MONETARY = (unset),
	LANG = "C.UTF-8"
    are supported and installed on your system.
perl: warning: Falling back to the system default locale ("English_United States.1252").
error: perl: warning: Setting locale failed.
       perl: warning: Please check that your locale settings:
       	LC_ALL = "C.UTF-8",
       	LC_CTYPE = "C.UTF-8",
       	LC_NUMERIC = (unset),
       	LC_COLLATE = (unset),
       	LC_TIME = (unset),
       	LC_MONETARY = (unset),
       	LANG = "C.UTF-8"
           are supported and installed on your system.
       perl: warning: Falling back to the system default locale ("English_United States.1252").
       

audio-test
+- run test 4 pass, 1 fail (5 total)
error: 'audio_device.test.native API failures preserve ownership cleanup and reconstruction' failed:
       expected .failed, found .ready
       C:\Applications\Development\zig\zig-x86_64-windows-0.17.0-dev.1859+dcceb318e\lib\std\testing.zig:112:17: 0x7ff6910e8380 in expectEqualInner__anon_61751 (test_zcu.obj)
                       return error.TestExpectedEqual;
                       ^
       C:\Applications\Development\zig\zig-x86_64-windows-0.17.0-dev.1859+dcceb318e\lib\std\testing.zig:76: 0x7ff6910ea771 in expectEqual (test_zcu.obj)
           return expectEqualInner(T, expected, actual);
       
       C:\Projects\lan-audio\src\host\audio_device.zig:616:9: 0x7ff6910ea815 in test.native API failures preserve ownership cleanup and reconstruction (test_zcu.obj)
               try std.testing.expectEqual(.failed, host.state);
               ^
failed command: ".\\.zig-cache\\o\\60c162483595bffbf0e31bf53bc03354\\test.exe" "--cache-dir=.\\.zig-cache" --seed=0xa4be05eb --listen=-

Build Summary: 6/8 steps succeeded (1 failed); 10/11 tests passed (1 failed)
audio-test transitive failure
+- run test 6 pass (6 total) 3s MaxRSS:6M
|  +- compile test debug native success 22s MaxRSS:296M
|     +- WriteFile cached
|     +- compile lib miniaudio debug native cached 133ms MaxRSS:59M
|     +- compile lib miniaudio debug native (reused)
|     +- translate-c cached 6s MaxRSS:59M
+- run test 4 pass, 1 fail (5 total)
   +- compile test debug native success 22s MaxRSS:302M
      +- WriteFile (reused)
      +- compile lib miniaudio debug native (reused)
      +- compile lib miniaudio debug native (reused)
      +- translate-c (reused)

error: the following build command exited with code 1:
C:\Users\James\AppData\Local\zig\o\10197263dd28ab69b11a8211df93e131\maker.exe build --zig-lib=C:\Applications\Development\zig\zig-x86_64-windows-0.17.0-dev.1859+dcceb318e\lib --zig=C:\Applications\Development\zig\zig-x86_64-windows-0.17.0-dev.1859+dcceb318e\zig.exe --global-cache=C:\Users\James\AppData\Local\zig --seed=0xa4be05eb audio-test --summary all
