transport-probe
+- install audio-tls-probe
   +- compile exe audio-tls-probe debug native
      +- compile lib miniaudio debug native failure
perl: warning: Setting locale failed.
perl: warning: Please check that your locale settings:
	LC_ALL = "C.UTF-8",
	LC_CTYPE = "C.UTF-8",
	LC_NUMERIC = (unset),
	LC_COLLATE = (unset),
	LC_TIME = (unset),
	LC_MONETARY = (unset),
	LANG = "C.UTF-8"
    are supported and installed on your system.
perl: warning: Falling back to the system default locale ("English_United States.1252").
error: perl: warning: Setting locale failed.
       perl: warning: Please check that your locale settings:
       	LC_ALL = "C.UTF-8",
       	LC_CTYPE = "C.UTF-8",
       	LC_NUMERIC = (unset),
       	LC_COLLATE = (unset),
       	LC_TIME = (unset),
       	LC_MONETARY = (unset),
       	LANG = "C.UTF-8"
           are supported and installed on your system.
       perl: warning: Falling back to the system default locale ("English_United States.1252").
       

Build Summary: 29/29 steps succeeded; 13/13 tests passed
network-test success
+- run test 6 pass (6 total) 19s MaxRSS:4M
   +- compile test debug native cached 35s MaxRSS:60M
      +- translate-c cached 4s MaxRSS:60M
policy-test success
+- run test 7 pass (7 total) 35s MaxRSS:3M
   +- compile test debug native cached 4s MaxRSS:60M
transport-probe success
+- install audio-tls-probe success
|  +- compile exe audio-tls-probe debug native success 19s MaxRSS:277M
|     +- WriteFile cached
|     +- compile lib miniaudio debug native cached 35s MaxRSS:60M
|     +- compile lib miniaudio debug native (reused)
|     +- translate-c cached 4s MaxRSS:60M
+- install deps\openssl-install\bin\libssl-3-x64.dll to libssl-3-x64.dll cached
+- install deps\openssl-install\bin\libcrypto-3-x64.dll to libcrypto-3-x64.dll cached
v2-transport-probes success
+- install audio-v2-sender-probe success
|  +- compile exe audio-v2-sender-probe debug native success 35s MaxRSS:272M
|     +- options cached
+- install audio-v2-receiver-probe success
|  +- compile exe audio-v2-receiver-probe debug native success 35s MaxRSS:273M
|     +- options cached
+- install deps\openssl-install\bin\libssl-3-x64.dll to libssl-3-x64.dll cached
+- install deps\openssl-install\bin\libcrypto-3-x64.dll to libcrypto-3-x64.dll cached
verified-transport-probe success
+- install audio-verified-probe success
|  +- compile exe audio-verified-probe debug native success 35s MaxRSS:290M
|     +- translate-c (reused)
+- install deps\openssl-install\bin\libssl-3-x64.dll to libssl-3-x64.dll cached
+- install deps\openssl-install\bin\libcrypto-3-x64.dll to libcrypto-3-x64.dll cached

