verified-transport-probe
+- install audio-verified-probe
   +- compile exe audio-verified-probe safe native failure
perl: warning: Setting locale failed.
perl: warning: Please check that your locale settings:
	LC_ALL = "C.UTF-8",
	LC_CTYPE = "C.UTF-8",
	LC_NUMERIC = (unset),
	LC_COLLATE = (unset),
	LC_TIME = (unset),
	LC_MONETARY = (unset),
	LANG = "C.UTF-8"
    are supported and installed on your system.
perl: warning: Falling back to the system default locale ("English_United States.1252").
error: perl: warning: Setting locale failed.
       perl: warning: Please check that your locale settings:
       	LC_ALL = "C.UTF-8",
       	LC_CTYPE = "C.UTF-8",
       	LC_NUMERIC = (unset),
       	LC_COLLATE = (unset),
       	LC_TIME = (unset),
       	LC_MONETARY = (unset),
       	LANG = "C.UTF-8"
           are supported and installed on your system.
       perl: warning: Falling back to the system default locale ("English_United States.1252").
       

Build Summary: 12/12 steps succeeded; 13/13 tests passed
network-test success
+- run test 6 pass (6 total) 3s MaxRSS:4M
   +- compile test safe native cached 39s MaxRSS:63M
      +- translate-c cached 107ms MaxRSS:63M
policy-test success
+- run test 7 pass (7 total) 163ms MaxRSS:2M
   +- compile test safe native cached 117ms MaxRSS:63M
verified-transport-probe success
+- install audio-verified-probe success
|  +- compile exe audio-verified-probe safe native success 39s MaxRSS:297M
|     +- translate-c (reused)
+- install deps\openssl-install\bin\libssl-3-x64.dll to libssl-3-x64.dll cached
+- install deps\openssl-install\bin\libcrypto-3-x64.dll to libcrypto-3-x64.dll cached

