panic: miniaudio-zig: target profile not defined
C:\Projects\miniaudio-zig\build.zig:15:17: 0x7ff6eeb61e56 in build (configurer_zcu.obj)
        else => @panic("miniaudio-zig: target profile not defined"),
                ^
C:\Applications\Development\zig\zig-x86_64-windows-0.17.0-dev.1859+dcceb318e\lib\std\Build.zig:2145: 0x7ff6eeb6172d in runPackageScript (configurer_zcu.obj)
    const result: anyerror!void = build_zig.build(b);

C:\Applications\Development\zig\zig-x86_64-windows-0.17.0-dev.1859+dcceb318e\lib\std\Build.zig:1998:40: 0x7ff6eeb6172d in run (configurer_zcu.obj)
                    sb.runPackageScript(pkg.build_zig);
                                       ^
C:\Applications\Development\zig\zig-x86_64-windows-0.17.0-dev.1859+dcceb318e\lib\std\Build.zig:2126:18: 0x7ff6eeb2e023 in dependencyResolved (configurer_zcu.obj)
        run_build(sub_builder);
                 ^
C:\Applications\Development\zig\zig-x86_64-windows-0.17.0-dev.1859+dcceb318e\lib\std\Build.zig:1972:30: 0x7ff6eeb74296 in dependencyLazy__anon_116699 (configurer_zcu.obj)
    return dependencyResolved(b, name, entry, &map);
                             ^
C:\Applications\Development\zig\zig-x86_64-windows-0.17.0-dev.1859+dcceb318e\lib\std\Build.zig:2020:26: 0x7ff6eeb74015 in dependency__anon_66951 (configurer_zcu.obj)
    return dependencyLazy(b, name, args) catch |err| switch (err) {
                         ^
C:\Projects\lan-audio\build.zig:107:36: 0x7ff6eeb1bea1 in build (configurer_zcu.obj)
    const dependency = b.dependency("miniaudio_zig", .{ .target = target, .optimize = optimize });
                                   ^
C:\Applications\Development\zig\zig-x86_64-windows-0.17.0-dev.1859+dcceb318e\lib\std\Build.zig:2145: 0x7ff6eeaaa385 in runPackageScript (configurer_zcu.obj)
    const result: anyerror!void = build_zig.build(b);

C:\Applications\Development\zig\zig-x86_64-windows-0.17.0-dev.1859+dcceb318e\lib\compiler\configurer.zig:138:29: 0x7ff6eeaaa385 in main (configurer_zcu.obj)
    builder.runPackageScript(root);
                            ^
C:\Applications\Development\zig\zig-x86_64-windows-0.17.0-dev.1859+dcceb318e\lib\std\start.zig:788: 0x7ff6eeaaaa5a in callMain (configurer_zcu.obj)
    if (fn_info.param_types[0].? == std.process.Init.Minimal) return wrapMain(root.main(.{

C:\Applications\Development\zig\zig-x86_64-windows-0.17.0-dev.1859+dcceb318e\lib\std\start.zig:575:17: 0x7ff6eeaaaa5a in WinStartup (configurer_zcu.obj)
        callMain(std.os.windows.peb().ProcessParameters.CommandLine.slice(), .global),
                ^
???:?:?: 0x7ff9e43f7373 in ??? (KERNEL32.DLL)
???:?:?: 0x7ff9e473cc90 in ??? (ntdll.dll)
error: configure command exited with code 3: ".zig-cache\\o\\03f734fc1ca351c361a85b5797af7254\\configurer.exe" --zig "C:\\Applications\\Development\\zig\\zig-x86_64-windows-0.17.0-dev.1859+dcceb318e\\zig.exe" --build-root "C:\\Projects\\lan-audio" -Dtarget=aarch64-ios.16.0
error: the following build command exited with code 1:
C:\Users\James\AppData\Local\zig\o\10197263dd28ab69b11a8211df93e131\maker.exe build --zig-lib=C:\Applications\Development\zig\zig-x86_64-windows-0.17.0-dev.1859+dcceb318e\lib --zig=C:\Applications\Development\zig\zig-x86_64-windows-0.17.0-dev.1859+dcceb318e\zig.exe --global-cache=C:\Users\James\AppData\Local\zig --seed=0xfd26f9b2 policy-check -Dtarget=aarch64-ios.16.0 --summary all
