unindexed: ('tls-zig', 'docs/verification/t02-engine-runs/engine-Debug.stdout.log')
unindexed: ('tls-zig', 'docs/verification/q03-final-runs/docs-optimized.stdout.log')
unindexed: ('tls-zig', 'docs/verification/q01-final-runs/docs-optimized.stdout.log')
unindexed: ('tls-zig', 'docs/verification/t02-regression-runs/backend-normal.stderr.log')
unindexed: ('tls-zig', 'docs/verification/t02-engine-runs/consumer-Debug.stdout.log')
unindexed: ('tls-zig', 'docs/verification/t01-extra-runs/negative-normal.stdout.log')
unindexed: ('tls-zig', 'tools/qualify-quic-core.py')
unindexed: ('tls-zig', 'docs/verification/q00-final-runs/docs-optimized.stderr.log')
unindexed: ('tls-zig', 'docs/verification/q02-final-runs/docs-optimized.stderr.log')
unindexed: ('tls-zig', 'docs/verification/t02-extra-runs/runs.json')
unindexed: ('tls-zig', 'docs/verification/q01-change-audit.json')
unindexed: ('tls-zig', 'docs/verification/t01-core-runs/cross-x86-windows-gnu.stderr.log')
unindexed: ('tls-zig', 'docs/verification/q03-final-runs/lifecycle-optimized.stdout.log')
unindexed: ('tls-zig', 'docs/verification/completions/history/T03-before-level-integrity.json')
unindexed: ('tls-zig', 'docs/verification/t01-core-runs/cross-x86-windows-gnu.stdout.log')
unindexed: ('tls-zig', 'docs/verification/peer-identity-final-runs/plan-optimized.stdout.log')
unindexed: ('tls-zig', 'docs/verification/t01-final-runs/plan-optimized.stdout.log')
unindexed: ('tls-zig', 'docs/verification/q00-final-runs/docs-normal.stderr.log')
unindexed: ('tls-zig', 'docs/verification/q04-final-runs/plan-optimized.stdout.log')
unindexed: ('tls-zig', 'docs/verification/t00-runs/sdk-optimized.stdout.log')
unindexed: ('tls-zig', 'docs/verification/t04-regression-runs/debug.stderr.log')
unindexed: ('tls-zig', 'docs/verification/t02-level-final-runs/lifecycle-optimized.stdout.log')
unindexed: ('tls-zig', 'docs/verification/peer-identity-final-runs/plan-normal.stderr.log')
unindexed: ('tls-zig', 'docs/verification/peer-identity-backend-runs/sdk.stderr.log')
unindexed: ('tls-zig', 'docs/reference/files/src/quic.zig.md')
unindexed: ('tls-zig', 'docs/verification/t00-runs/test-plan-lifecycle-normal.stderr.log')
unindexed: ('tls-zig', 'docs/verification/t04-native-runs/backend-Debug.stderr.log')
unindexed: ('tls-zig', 'docs/verification/t02-engine-runs/consumer-ReleaseSafe.stdout.log')
unindexed: ('tls-zig', 'docs/reference/files/tests/quic/negative/generation-as-sequence.zig.md')
unindexed: ('tls-zig', 'docs/verification/peer-identity-backend-runs/backend-ReleaseSafe.stdout.log')
unindexed: ('tls-zig', 'docs/verification/q04-final-runs/plan-normal.stdout.log')
unindexed: ('tls-zig', 'docs/verification/t02-level-final-runs/lifecycle-normal.stdout.log')
unindexed: ('tls-zig', 'docs/verification/peer-identity-runs/consumer-Debug.stderr.log')
unindexed: ('tls-zig', 'docs/verification/t01-core-runs/cross-aarch64-macos.stdout.log')
unindexed: ('tls-zig', 'docs/verification/t04-native-final-runs/backend-Debug.stdout.log')
unindexed: ('tls-zig', 'docs/verification/t04-regression-runs/backend-normal.stdout.log')
unindexed: ('tls-zig', 'docs/verification/t01-core-runs/cross-aarch64-linux-musl.stderr.log')
unindexed: ('tls-zig', 'docs/verification/t04-regression-runs/backend-normal.stderr.log')
unindexed: ('tls-zig', 'src/backend/quic.zig')
unindexed: ('tls-zig', 'docs/verification/t02-core-runs/cross-x86_64-freebsd.stderr.log')
unindexed: ('tls-zig', 'docs/verification/t04-regression-runs/sdk-optimized.stdout.log')
unindexed: ('tls-zig', 'docs/verification/q03-final-runs/lifecycle-normal.stderr.log')
unindexed: ('tls-zig', 'docs/verification/t01-regression-runs/tcp_interop.stdout.log')
unindexed: ('tls-zig', 'docs/reference/files/src/quic/contract.zig.md')
unindexed: ('tls-zig', 'tests/quic/negative/raw-byte-count.zig')
unindexed: ('tls-zig', 'docs/verification/q00-final-runs/docs-optimized.stdout.log')
unindexed: ('tls-zig', 'docs/reference/files/src/backend/quic.h.md')
unindexed: ('tls-zig', 'docs/verification/t01-final-gates.json')
unindexed: ('tls-zig', 'docs/verification/peer-identity-implementation.md')
unindexed: ('tls-zig', 'docs/verification/q01-final-runs/docs-normal.stdout.log')
unindexed: ('tls-zig', 'docs/verification/t01-core-runs/cross-aarch64-windows-gnu.stdout.log')
unindexed: ('tls-zig', 'docs/verification/peer-identity-final-runs/docs-optimized.stdout.log')
unindexed: ('tls-zig', 'docs/verification/peer-identity-runs/tcp_interop-ReleaseSafe.stderr.log')
unindexed: ('tls-zig', 'docs/verification/t02-level-integrity-runs/sdk.stdout.log')
unindexed: ('tls-zig', 'docs/verification/t01-core-runs/cross-x86_64-linux-musl.stdout.log')
unindexed: ('tls-zig', 'examples/quic-engine/build.zig')
unindexed: ('tls-zig', 'docs/verification/q02-final-runs/plan-optimized.stderr.log')
unindexed: ('tls-zig', 'tests/quic_contract.zig')
unindexed: ('tls-zig', 'docs/verification/completions/history/T01-before-level-integrity.json')
unindexed: ('tls-zig', 'docs/verification/peer-identity-final-runs/lifecycle-optimized.stdout.log')
unindexed: ('tls-zig', 'docs/verification/t01-regression-runs/interop-example.stderr.log')
unindexed: ('tls-zig', 'docs/verification/t02-regression-runs/runs.json')
unindexed: ('tls-zig', 'docs/verification/q01-final-runs/plan-optimized.stderr.log')
unindexed: ('tls-zig', 'docs/reference/files/examples/quic-contract/build.zig.zon.md')
unindexed: ('tls-zig', 'docs/verification/t00-runs/final-plan-optimized.stderr.log')
unindexed: ('tls-zig', 'docs/verification/t02-final-runs/plan-normal.stderr.log')
unindexed: ('tls-zig', 'docs/verification/t04-core-runs/cross-x86-windows-gnu.stderr.log')
unindexed: ('tls-zig', 'docs/verification/t02-engine-cancellation-runs/sdk-after.stdout.log')
unindexed: ('tls-zig', 'docs/verification/t02-regression-runs/tcp_upload_interop.stdout.log')
unindexed: ('tls-zig', 'docs/verification/t02-regression-runs/backend-normal.stdout.log')
unindexed: ('tls-zig', 'docs/verification/t01-regression-runs/release-safe.stderr.log')
unindexed: ('tls-zig', 'docs/verification/t02-extra-runs/test-quic-types-normal.stdout.log')
unindexed: ('tls-zig', 'docs/verification/t04-native-optimized-runs/sdk.stderr.log')
unindexed: ('tls-zig', 'docs/reference/files/examples/quic-engine/main.zig.md')
unindexed: ('tls-zig', 'docs/verification/peer-identity-engine-runs/consumer-Debug.stderr.log')
unindexed: ('tls-zig', 'docs/verification/q03-final-runs/plan-optimized.stdout.log')
unindexed: ('tls-zig', 'docs/verification/t04-regression-runs/consumer-build.stderr.log')
unindexed: ('tls-zig', 'docs/reference/files/tests/quic/negative/valid.zig.md')
unindexed: ('tls-zig', 'docs/verification/q00-final-runs/plan-optimized.stderr.log')
unindexed: ('tls-zig', 'docs/verification/completions/history/T02-before-peer-identity.json')
unindexed: ('tls-zig', 'docs/verification/t00-runs/check-models-normal.stdout.log')
unindexed: ('tls-zig', 'docs/reference/files/examples/quic-engine/build.zig.zon.md')
unindexed: ('tls-zig', 'docs/verification/t02-regression-runs/backend-optimized.stderr.log')
unindexed: ('tls-zig', 'docs/verification/t02-core-runs/cross-aarch64-windows-gnu.stderr.log')
unindexed: ('tls-zig', 'docs/verification/t02-extra-runs/check-models-normal.stdout.log')
unindexed: ('tls-zig', 'docs/verification/q04-change-audit.json')
unindexed: ('tls-zig', 'docs/verification/peer-identity-runs/sdk-after.stdout.log')
unindexed: ('tls-zig', 'docs/verification/peer-identity-engine-runs/sdk.stdout.log')
unindexed: ('tls-zig', 'docs/verification/peer-identity-runs/records-ReleaseSafe.stderr.log')
unindexed: ('tls-zig', 'docs/verification/t00-runs/check-models-optimized.stderr.log')
unindexed: ('tls-zig', 'docs/verification/peer-identity-engine-runs/engine-Debug.stderr.log')
unindexed: ('tls-zig', 'docs/verification/t02-level-final-runs/lifecycle-normal.stderr.log')
unindexed: ('tls-zig', 'src/quic/contract.zig')
unindexed: ('tls-zig', 'docs/verification/peer-identity-backend-runs/sdk.stdout.log')
unindexed: ('tls-zig', 'docs/verification/peer-identity-runs/engine.stderr.log')
unindexed: ('tls-zig', 'docs/verification/q03-final-runs/docs-optimized.stderr.log')
unindexed: ('tls-zig', 'docs/verification/q02-final-runs/plan-normal.stdout.log')
unindexed: ('tls-zig', 'docs/verification/peer-identity-engine-runs/engine-ReleaseSafe.stdout.log')
unindexed: ('tls-zig', 'docs/verification/t01-core-runs/cross-x86_64-freebsd.stderr.log')
unindexed: ('tls-zig', 'docs/verification/t02-core-runs/runs.json')
unindexed: ('tls-zig', 'docs/verification/t02-engine-runs/sdk.stderr.log')
unindexed: ('tls-zig', 'docs/verification/t04-native-runs/runs.json')
unindexed: ('tls-zig', 'docs/verification/t02-extra-runs/test-quic-types-normal.stderr.log')
unindexed: ('tls-zig', 'docs/reference/files/tools/verify-backend.py.md')
unindexed: ('tls-zig', 'docs/verification/t02-regression-runs/sdk-optimized.stdout.log')
unindexed: ('tls-zig', 'docs/verification/t04-native-runs/backend-Debug.stdout.log')
unindexed: ('tls-zig', 'docs/verification/t02-core-runs/cross-aarch64-linux-musl.stderr.log')
unindexed: ('tls-zig', 'docs/verification/t01-regression-runs/debug.stdout.log')
unindexed: ('tls-zig', 'docs/verification/t02-final-runs/docs-optimized.stdout.log')
unindexed: ('tls-zig', 'docs/verification/peer-identity-runs/consumer-Debug.stdout.log')
unindexed: ('tls-zig', 'docs/verification/peer-identity-runs/tcp_interop-Debug.stdout.log')
unindexed: ('tls-zig', 'docs/verification/peer-identity-engine-runs/engine-Debug.stdout.log')
unindexed: ('tls-zig', 'docs/verification/peer-identity-engine-runs/consumer-ReleaseSafe.stdout.log')
unindexed: ('tls-zig', 'docs/verification/t04-core-runs/core-Debug.stdout.log')
unindexed: ('tls-zig', 'docs/reference/files/examples/quic-contract/provider.zig.md')
unindexed: ('tls-zig', 'docs/verification/q02-final-runs/lifecycle-normal.stdout.log')
unindexed: ('tls-zig', 'docs/verification/t04-core-runs/consumer-Debug.stderr.log')
unindexed: ('tls-zig', 'docs/verification/t04-regression-runs/sdk-normal.stdout.log')
unindexed: ('tls-zig', 'docs/verification/t01-core-runs/cross-aarch64-windows-gnu.stderr.log')
unindexed: ('tls-zig', 'docs/verification/t04-regression-runs/tcp_upload_interop.stdout.log')
unindexed: ('tls-zig', 'docs/verification/q02-final-runs/plan-optimized.stdout.log')
unindexed: ('tls-zig', 'docs/verification/t01-extra-runs/test-plan-lifecycle-optimized.stderr.log')
unindexed: ('tls-zig', 'docs/verification/t01-extra-runs/negative-normal.stderr.log')
unindexed: ('tls-zig', 'docs/verification/t00-runs/tcp_upload_interop.stderr.log')
unindexed: ('tls-zig', 'docs/verification/q01-implementation.md')
unindexed: ('tls-zig', 'examples/quic-contract/build.zig')
unindexed: ('tls-zig', 'docs/verification/t02-level-integrity-runs/consumer-ReleaseSafe.stdout.log')
unindexed: ('tls-zig', 'docs/verification/t00-runs/final-docs-normal.stdout.log')
unindexed: ('tls-zig', 'docs/verification/t02-core-runs/cross-x86-windows-gnu.stderr.log')
unindexed: ('tls-zig', 'docs/verification/t04-native-optimized-runs/backend-ReleaseSafe.stderr.log')
unindexed: ('tls-zig', 'tools/qualify-quic-backend.py')
unindexed: ('tls-zig', 'docs/verification/t02-level-integrity-runs/consumer-Debug.stdout.log')
unindexed: ('tls-zig', 'docs/verification/t02-regression-runs/debug.stdout.log')
unindexed: ('tls-zig', 'docs/verification/t02-final-runs/plan-optimized.stdout.log')
unindexed: ('tls-zig', 'docs/verification/t02-level-integrity-runs/sdk-after.stderr.log')
unindexed: ('tls-zig', 'docs/verification/completions/history/T05-before-peer-identity.json')
unindexed: ('tls-zig', 'docs/reference/files/tests/quic/negative/raw-byte-count.zig.md')
unindexed: ('tls-zig', 'docs/verification/t02-final-runs/lifecycle-optimized.stderr.log')
unindexed: ('tls-zig', 'docs/verification/t04-native-runs/sdk.stdout.log')
unindexed: ('tls-zig', 'docs/verification/t00-runs/check-event-model-optimized.stderr.log')
unindexed: ('tls-zig', 'docs/verification/t00-runs/backend-normal.stderr.log')
unindexed: ('tls-zig', 'docs/verification/q04-final-runs/plan-normal.stderr.log')
unindexed: ('tls-zig', 'docs/verification/t02-level-final-runs/docs-optimized.stderr.log')
unindexed: ('tls-zig', 'docs/verification/q04-final-runs/docs-normal.stdout.log')
unindexed: ('tls-zig', 'docs/verification/t01-core-runs/runs.json')
unindexed: ('tls-zig', 'docs/verification/t01-extra-runs/check-models-optimized.stderr.log')
unindexed: ('tls-zig', 'docs/verification/peer-identity-engine-runs/consumer-Debug.stdout.log')
unindexed: ('tls-zig', 'docs/reference/files/src/quic_engine.zig.md')
unindexed: ('tls-zig', 'docs/verification/peer-identity-runs/engine.stdout.log')
unindexed: ('tls-zig', 'docs/verification/q03-final-runs/docs-normal.stdout.log')
unindexed: ('tls-zig', 'docs/verification/t04-native-final-runs/runs.json')
unindexed: ('tls-zig', 'docs/verification/q02-final-runs/lifecycle-normal.stderr.log')
unindexed: ('tls-zig', 'docs/verification/t01-final-runs/docs-optimized.stdout.log')
unindexed: ('tls-zig', 'docs/verification/q01-final-runs/lifecycle-normal.stderr.log')
unindexed: ('tls-zig', 'docs/verification/t04-core-runs/runs.json')
unindexed: ('tls-zig', 'docs/verification/t04-regression-runs/release-safe.stderr.log')
unindexed: ('tls-zig', 'docs/verification/t02-core-runs/core-Debug.stdout.log')
unindexed: ('tls-zig', 'docs/reference/files/src/backend/quic.zig.md')
unindexed: ('tls-zig', 'docs/verification/peer-identity-runs/models-optimized.stderr.log')
unindexed: ('tls-zig', 'docs/verification/t02-core-runs/core-ReleaseSafe.stderr.log')
unindexed: ('tls-zig', 'docs/verification/t02-engine-cancellation-runs/consumer-Debug.stdout.log')
unindexed: ('tls-zig', 'docs/verification/t02-extra-runs/check-models-optimized.stdout.log')
unindexed: ('tls-zig', 'docs/verification/q02-implementation.md')
unindexed: ('tls-zig', 'docs/verification/t01-core-runs/consumer-Debug.stderr.log')
unindexed: ('tls-zig', 'docs/verification/t01-regression-runs/debug.stderr.log')
unindexed: ('tls-zig', 'docs/verification/t01-extra-runs/check-event-model-optimized.stdout.log')
unindexed: ('tls-zig', 'docs/verification/peer-identity-runs/consumer-ReleaseSafe.stderr.log')
unindexed: ('tls-zig', 'docs/reference/files/tests/quic/negative/direction-as-level.zig.md')
unindexed: ('tls-zig', 'docs/verification/peer-identity-final-runs/plan-normal.stdout.log')
unindexed: ('tls-zig', 'docs/verification/peer-identity-runs/models.stdout.log')
unindexed: ('tls-zig', 'docs/verification/t02-level-final-runs/docs-normal.stdout.log')
unindexed: ('tls-zig', 'docs/verification/t00-runs/check-event-model-normal.stdout.log')
unindexed: ('tls-zig', 'docs/verification/t04-core-runs/consumer-Debug.stdout.log')
unindexed: ('tls-zig', 'docs/verification/completions/history/T06-before-level-integrity.json')
unindexed: ('tls-zig', 'docs/reference/files/tools/qualify-quic-backend.py.md')
unindexed: ('tls-zig', 'docs/verification/t01-regression-runs/backend-normal.stderr.log')
unindexed: ('tls-zig', 'docs/verification/t02-regression-runs/consumer-build.stderr.log')
unindexed: ('tls-zig', 'tests/quic/negative/generation-as-sequence.zig')
unindexed: ('tls-zig', 'docs/verification/completions/history/T05-before-level-integrity.json')
unindexed: ('tls-zig', 'docs/verification/t02-change-audit.json')
unindexed: ('tls-zig', 'docs/verification/peer-identity-runs/tcp_upload_interop-Debug.stderr.log')
unindexed: ('tls-zig', 'docs/verification/t04-native-runs/backend-ReleaseSafe.stderr.log')
unindexed: ('tls-zig', 'docs/verification/t01-core-runs/cross-aarch64-macos.stderr.log')
unindexed: ('tls-zig', 'docs/verification/peer-identity-runs/tcp_server_interop-ReleaseSafe.stdout.log')
unindexed: ('tls-zig', 'docs/verification/t02-core-runs/cross-aarch64-macos.stdout.log')
unindexed: ('tls-zig', 'docs/verification/t02-level-gap-probe/main.zig.txt')
unindexed: ('tls-zig', 'docs/verification/t02-engine-runs/engine-Debug.stderr.log')
unindexed: ('tls-zig', 'docs/verification/t02-level-integrity-runs/runs.json')
unindexed: ('tls-zig', 'docs/verification/t04-regression-runs/tcp_interop.stdout.log')
unindexed: ('tls-zig', 'docs/verification/t04-native-optimized-runs/sdk.stdout.log')
unindexed: ('tls-zig', 'docs/verification/peer-identity-engine-runs/runs.json')
unindexed: ('tls-zig', 'docs/verification/completions/history/T04-before-level-integrity.json')
unindexed: ('tls-zig', 'docs/verification/t04-core-runs/core-ReleaseSafe.stderr.log')
unindexed: ('tls-zig', 'docs/verification/t02-final-runs/plan-normal.stdout.log')
unindexed: ('tls-zig', 'docs/verification/peer-identity-runs/records-ReleaseSafe.stdout.log')
unindexed: ('tls-zig', 'docs/verification/t00-runs/backend-optimized.stderr.log')
unindexed: ('tls-zig', 'docs/verification/t02-engine-cancellation-runs/sdk.stderr.log')
unindexed: ('tls-zig', 'docs/verification/t02-core-runs/consumer-Debug.stdout.log')
unindexed: ('tls-zig', 'docs/reference/files/tests/quic/reference_peer.c.md')
unindexed: ('tls-zig', 'docs/verification/t01-extra-runs/counter-debug.stderr.log')
unindexed: ('tls-zig', 'docs/verification/completions/history/T04-before-peer-identity.json')
unindexed: ('tls-zig', 'docs/verification/t04-abi-production-runs/sdk-after.stderr.log')
unindexed: ('tls-zig', 'docs/reference/files/tests/quic/backend_abi.c.md')
unindexed: ('tls-zig', 'docs/verification/t02-level-gap-probe/build.zig.txt')
unindexed: ('tls-zig', 'docs/verification/t00-runs/sdk-normal.stderr.log')
unindexed: ('tls-zig', 'docs/verification/peer-identity-final-runs/docs-optimized.stderr.log')
unindexed: ('tls-zig', 'docs/verification/t04-native-optimized-runs/backend-Debug.stderr.log')
unindexed: ('tls-zig', 'docs/verification/t02-extra-runs/check-models-optimized.stderr.log')
unindexed: ('tls-zig', 'docs/verification/peer-identity-runs/sdk-before.stderr.log')
unindexed: ('tls-zig', 'docs/formal/system-composition.md')
unindexed: ('tls-zig', 'docs/verification/t01-extra-runs/negative-optimized.stdout.log')
unindexed: ('tls-zig', 'docs/verification/t04-regression-runs/debug.stdout.log')
unindexed: ('tls-zig', 'docs/verification/t01-extra-runs/check-event-model-optimized.stderr.log')
unindexed: ('tls-zig', 'docs/verification/t01-extra-runs/counter-debug.stdout.log')
unindexed: ('tls-zig', 'docs/verification/peer-identity-runs/models-optimized.stdout.log')
unindexed: ('tls-zig', 'docs/verification/t00-runs/consumer-build.stdout.log')
unindexed: ('tls-zig', 'docs/verification/t01-extra-runs/check-models-normal.stderr.log')
unindexed: ('tls-zig', 'docs/verification/t01-regression-runs/consumer-build.stderr.log')
unindexed: ('tls-zig', 'tools/qualify-quic-engine.py')
unindexed: ('tls-zig', 'docs/verification/q04-final-runs/lifecycle-optimized.stderr.log')
unindexed: ('tls-zig', 'docs/architecture/decisions/0005-recovery-spaces.md')
unindexed: ('tls-zig', 'docs/verification/peer-identity-final-runs/plan-optimized.stderr.log')
unindexed: ('tls-zig', 'docs/verification/t02-final-runs/docs-normal.stdout.log')
unindexed: ('tls-zig', 'docs/verification/t04-core-runs/core-ReleaseSafe.stdout.log')
unindexed: ('tls-zig', 'docs/reference/files/tests/quic/backend_abi.zig.md')
unindexed: ('tls-zig', 'docs/verification/t01-core-runs/core-Debug.stdout.log')
unindexed: ('tls-zig', 'docs/verification/peer-identity-runs/tcp_server_interop-Debug.stderr.log')
unindexed: ('tls-zig', 'docs/verification/peer-identity-runs/sdk-before.stdout.log')
unindexed: ('tls-zig', 'docs/verification/t04-native-final-runs/sdk-after.stderr.log')
unindexed: ('tls-zig', 'docs/verification/t02-core-runs/consumer-Debug.stderr.log')
unindexed: ('tls-zig', 'docs/verification/t02-engine-cancellation-runs/consumer-Debug.stderr.log')
unindexed: ('tls-zig', 'docs/verification/peer-identity-runs/records-Debug.stderr.log')
unindexed: ('tls-zig', 'docs/verification/q01-final-runs/lifecycle-normal.stdout.log')
unindexed: ('tls-zig', 'docs/verification/t02-engine-cancellation-runs/sdk-after.stderr.log')
unindexed: ('tls-zig', 'docs/verification/peer-identity-final-runs/lifecycle-normal.stderr.log')
unindexed: ('tls-zig', 'docs/verification/q01-final-runs/plan-normal.stdout.log')
unindexed: ('tls-zig', 'tests/quic/events.zig')
unindexed: ('tls-zig', 'docs/verification/t02-extra-runs/test-quic-types-optimized.stdout.log')
unindexed: ('tls-zig', 'docs/verification/t04-native-runs/backend-ReleaseSafe.stdout.log')
unindexed: ('tls-zig', 'docs/verification/peer-identity-final-runs/docs-normal.stdout.log')
unindexed: ('tls-zig', 'docs/verification/t01-regression-runs/interop-example.stdout.log')
unindexed: ('tls-zig', 'docs/verification/t04-core-runs/cross-aarch64-windows-gnu.stdout.log')
unindexed: ('tls-zig', 'docs/reference/files/src/backend/quic.c.md')
unindexed: ('tls-zig', 'docs/verification/t01-core-runs/consumer-Debug.stdout.log')
unindexed: ('tls-zig', 'tools/test-quic-types.py')
unindexed: ('tls-zig', 'docs/verification/t00-runs/tcp_server_interop.stderr.log')
unindexed: ('tls-zig', 'docs/verification/t02-core-runs/consumer-ReleaseSafe.stderr.log')
unindexed: ('tls-zig', 'docs/verification/t02-regression-runs/backend-optimized.stdout.log')
unindexed: ('tls-zig', 'docs/verification/t02-engine-runs/engine-ReleaseSafe.stderr.log')
unindexed: ('tls-zig', 'docs/verification/t00-runs/release-safe.stderr.log')
unindexed: ('tls-zig', 'docs/reference/files/tests/quic/negative/wall-as-monotonic.zig.md')
unindexed: ('tls-zig', 'docs/verification/t02-level-integrity-runs/sdk-after.stdout.log')
unindexed: ('tls-zig', 'docs/verification/t02-regression-runs/tcp_upload_interop.stderr.log')
unindexed: ('tls-zig', 'docs/verification/t04-regression-runs/tcp_interop.stderr.log')
unindexed: ('tls-zig', 'docs/verification/t00-runs/check-event-model-optimized.stdout.log')
unindexed: ('tls-zig', 'docs/verification/q01-final-gates.json')
unindexed: ('tls-zig', 'tests/quic/reference_peer.c')
unindexed: ('tls-zig', 'docs/verification/t01-final-runs/plan-normal.stdout.log')
unindexed: ('tls-zig', 'docs/verification/t02-regression-runs/tcp_interop.stderr.log')
unindexed: ('tls-zig', 'docs/verification/t02-core-runs/cross-aarch64-macos.stderr.log')
unindexed: ('tls-zig', 'docs/verification/q04-final-runs/lifecycle-optimized.stdout.log')
unindexed: ('tls-zig', 'docs/verification/t04-core-runs/cross-aarch64-linux-musl.stderr.log')
unindexed: ('tls-zig', 'docs/reference/files/examples/quic-engine/build.zig.md')
unindexed: ('tls-zig', 'docs/verification/q02-final-runs/lifecycle-optimized.stderr.log')
unindexed: ('tls-zig', 'docs/verification/q02-final-runs/lifecycle-optimized.stdout.log')
unindexed: ('tls-zig', 'docs/verification/q00-final-runs/plan-normal.stderr.log')
unindexed: ('tls-zig', 'docs/verification/q03-final-runs/lifecycle-normal.stdout.log')
unindexed: ('tls-zig', 'docs/verification/completions/T02.json')
unindexed: ('tls-zig', 'docs/verification/q00-implementation.md')
unindexed: ('tls-zig', 'docs/verification/baseline-r5.md')
unindexed: ('tls-zig', 'docs/verification/t04-regression-runs/tcp_upload_interop.stderr.log')
unindexed: ('tls-zig', 'docs/formal/application-acks.md')
unindexed: ('tls-zig', 'docs/verification/t02-engine-cancellation-runs/consumer-ReleaseSafe.stderr.log')
unindexed: ('tls-zig', 'docs/verification/t02-level-final-runs/plan-optimized.stdout.log')
unindexed: ('tls-zig', 'docs/verification/q00-final-runs/docs-normal.stdout.log')
unindexed: ('tls-zig', 'docs/verification/peer-identity-final-runs/docs-normal.stderr.log')
unindexed: ('tls-zig', 'docs/verification/t01-core-runs/consumer-ReleaseSafe.stderr.log')
unindexed: ('tls-zig', 'docs/verification/q03-change-audit.json')
unindexed: ('tls-zig', 'docs/verification/peer-identity-final-runs/lifecycle-optimized.stderr.log')
unindexed: ('tls-zig', 'docs/verification/t01-regression-runs/tcp_upload_interop.stderr.log')
unindexed: ('tls-zig', 'docs/verification/q02-final-runs/docs-optimized.stdout.log')
unindexed: ('tls-zig', 'docs/verification/t02-extra-runs/test-plan-lifecycle-optimized.stderr.log')
unindexed: ('tls-zig', 'docs/verification/q00-final-runs/plan-normal.stdout.log')
unindexed: ('tls-zig', 'docs/verification/t01-regression-runs/backend-optimized.stdout.log')
unindexed: ('tls-zig', 'docs/verification/t04-abi-production-runs/backend-Debug.stderr.log')
unindexed: ('tls-zig', 'docs/verification/t02-extra-runs/test-quic-types-optimized.stderr.log')
unindexed: ('tls-zig', 'docs/verification/t04-abi-production-runs/backend-ReleaseSafe.stdout.log')
unindexed: ('tls-zig', 'docs/verification/t02-core-runs/consumer-ReleaseSafe.stdout.log')
unindexed: ('tls-zig', 'tests/quic/negative/wall-as-monotonic.zig')
unindexed: ('tls-zig', 'docs/architecture/decisions/0006-application-acks.md')
unindexed: ('tls-zig', 'docs/reference/files/tests/quic_contract.zig.md')
unindexed: ('tls-zig', 'docs/verification/q03-final-runs/plan-optimized.stderr.log')
unindexed: ('tls-zig', 'docs/verification/q04-final-runs/docs-optimized.stderr.log')
unindexed: ('tls-zig', 'docs/reference/files/src/quic/engine.zig.md')
unindexed: ('tls-zig', 'docs/verification/peer-identity-engine-runs/sdk-after.stdout.log')
unindexed: ('tls-zig', 'examples/quic-engine/build.zig.zon')
unindexed: ('tls-zig', 'docs/verification/t01-regression-runs/tcp_upload_interop.stdout.log')
unindexed: ('tls-zig', 'docs/verification/q00-final-runs/lifecycle-optimized.stdout.log')
unindexed: ('tls-zig', 'docs/verification/t01-final-runs/lifecycle-optimized.stderr.log')
unindexed: ('tls-zig', 'docs/verification/completions/history/T06-before-peer-identity.json')
unindexed: ('tls-zig', 'docs/verification/peer-identity-runs/tcp_server_interop-ReleaseSafe.stderr.log')
unindexed: ('tls-zig', 'docs/verification/t00-runs/sdk-normal.stdout.log')
unindexed: ('tls-zig', 'docs/verification/t02-final-gates.json')
unindexed: ('tls-zig', 'docs/verification/t04-core-runs/cross-aarch64-macos.stderr.log')
unindexed: ('tls-zig', 'docs/verification/t00-runs/final-plan-normal.stdout.log')
unindexed: ('tls-zig', 'docs/verification/t01-core-runs/cross-x86_64-macos.stderr.log')
unindexed: ('tls-zig', 'docs/architecture/decisions/0004-application-key-handoff.md')
unindexed: ('tls-zig', 'docs/verification/t00-final-gates.json')
unindexed: ('tls-zig', 'docs/verification/t02-core-runs/cross-x86-windows-gnu.stdout.log')
unindexed: ('tls-zig', 'docs/verification/t04-abi-production-runs/sdk.stderr.log')
unindexed: ('tls-zig', 'docs/verification/peer-identity-runs/tcp_interop-ReleaseSafe.stdout.log')
unindexed: ('tls-zig', 'docs/reference/files/examples/quic-contract/main.zig.md')
unindexed: ('tls-zig', 'tests/quic/contract.zig')
unindexed: ('tls-zig', 'docs/verification/t01-regression-runs/sdk-normal.stdout.log')
unindexed: ('tls-zig', 'docs/verification/t04-core-runs/cross-aarch64-windows-gnu.stderr.log')
unindexed: ('tls-zig', 'docs/verification/t02-extra-runs/test-plan-lifecycle-normal.stdout.log')
unindexed: ('tls-zig', 'docs/verification/t02-level-final-runs/docs-optimized.stdout.log')
unindexed: ('tls-zig', 'docs/verification/t01-extra-runs/test-plan-lifecycle-optimized.stdout.log')
unindexed: ('tls-zig', 'docs/verification/t01-extra-runs/test-plan-lifecycle-normal.stderr.log')
unindexed: ('tls-zig', 'docs/verification/t04-native-final-runs/backend-ReleaseSafe.stdout.log')
unindexed: ('tls-zig', 'docs/verification/t04-regression-runs/tcp_server_interop.stdout.log')
unindexed: ('tls-zig', 'docs/verification/peer-identity-change-audit.json')
unindexed: ('tls-zig', 'docs/verification/t01-core-runs/consumer-ReleaseSafe.stdout.log')
unindexed: ('tls-zig', 'docs/verification/peer-identity-engine-runs/engine-ReleaseSafe.stderr.log')
unindexed: ('tls-zig', 'docs/verification/t04-core-runs/consumer-ReleaseSafe.stdout.log')
unindexed: ('tls-zig', 'docs/verification/t02-regression-runs/interop-example.stdout.log')
unindexed: ('tls-zig', 'docs/verification/t01-final-runs/lifecycle-optimized.stdout.log')
unindexed: ('tls-zig', 'docs/verification/t01-change-audit.json')
unindexed: ('tls-zig', 'docs/verification/t00-runs/final-docs-optimized.stdout.log')
unindexed: ('tls-zig', 'docs/verification/t02-level-integrity-runs/engine-Debug.stderr.log')
unindexed: ('tls-zig', 'docs/verification/t01-final-runs/plan-optimized.stderr.log')
unindexed: ('tls-zig', 'docs/verification/q04-final-runs/plan-optimized.stderr.log')
unindexed: ('tls-zig', 'docs/verification/t02-regression-runs/tcp_server_interop.stderr.log')
unindexed: ('tls-zig', 'docs/verification/t04-regression-runs/interop-example.stderr.log')
unindexed: ('tls-zig', 'docs/verification/t02-regression-runs/tcp_server_interop.stdout.log')
unindexed: ('tls-zig', 'docs/verification/t02-core-runs/cross-aarch64-windows-gnu.stdout.log')
unindexed: ('tls-zig', 'src/backend/quic.c')
unindexed: ('tls-zig', 'docs/verification/completions/T05.json')
unindexed: ('tls-zig', 'docs/verification/t01-regression-runs/sdk-normal.stderr.log')
unindexed: ('tls-zig', 'docs/verification/t04-regression-runs/tcp_server_interop.stderr.log')
unindexed: ('tls-zig', 'src/quic_engine.zig')
unindexed: ('tls-zig', 'docs/verification/t00-runs/tcp_interop.stdout.log')
unindexed: ('tls-zig', 'docs/verification/q00-final-runs/lifecycle-normal.stderr.log')
unindexed: ('tls-zig', 'docs/guides/peer-identity.md')
unindexed: ('tls-zig', 'docs/verification/t04-abi-production-runs/sdk-after.stdout.log')
unindexed: ('tls-zig', 'docs/verification/t02-regression-runs/sdk-optimized.stderr.log')
unindexed: ('tls-zig', 'docs/verification/t01-extra-runs/models.json')
unindexed: ('tls-zig', 'docs/verification/peer-identity-backend-runs/sdk-after.stderr.log')
unindexed: ('tls-zig', 'docs/verification/t01-regression-runs/backend-normal.stdout.log')
unindexed: ('tls-zig', 'docs/verification/t04-abi-production-runs/sdk.stdout.log')
unindexed: ('tls-zig', 'docs/verification/t02-level-integrity-runs/consumer-ReleaseSafe.stderr.log')
unindexed: ('tls-zig', 'docs/verification/t02-final-runs/docs-normal.stderr.log')
unindexed: ('tls-zig', 'docs/verification/t04-core-runs/cross-x86_64-macos.stderr.log')
unindexed: ('tls-zig', 'docs/verification/t01-regression-runs/release-safe.stdout.log')
unindexed: ('tls-zig', 'tests/quic/negative/valid.zig')
unindexed: ('tls-zig', 'docs/verification/t00-runs/backend-optimized.stdout.log')
unindexed: ('tls-zig', 'docs/verification/t02-regression-runs/tcp_interop.stdout.log')
unindexed: ('tls-zig', 'docs/verification/t01-core-runs/cross-aarch64-linux-musl.stdout.log')
unindexed: ('tls-zig', 'docs/verification/q04-implementation.md')
unindexed: ('tls-zig', 'docs/verification/peer-identity-runs/backend.stderr.log')
unindexed: ('tls-zig', 'docs/verification/q03-implementation.md')
unindexed: ('tls-zig', 'docs/verification/q00-final-runs/plan-optimized.stdout.log')
unindexed: ('tls-zig', 'docs/verification/t04-native-final-runs/sdk.stdout.log')
unindexed: ('tls-zig', 'docs/verification/peer-identity-runs/tcp_upload_interop-ReleaseSafe.stdout.log')
unindexed: ('tls-zig', 'docs/verification/t04-core-runs/core-Debug.stderr.log')
unindexed: ('tls-zig', 'docs/verification/q00-final-runs/lifecycle-normal.stdout.log')
unindexed: ('tls-zig', 'docs/verification/peer-identity-runs/runs.json')
unindexed: ('tls-zig', 'docs/verification/t02-level-integrity.md')
unindexed: ('tls-zig', 'docs/verification/completions/history/T03-before-native-adapter.json')
unindexed: ('tls-zig', 'docs/verification/t02-engine-runs/consumer-Debug.stderr.log')
unindexed: ('tls-zig', 'docs/verification/t00-runs/tcp_interop.stderr.log')
unindexed: ('tls-zig', 'docs/verification/t01-final-runs/docs-normal.stdout.log')
unindexed: ('tls-zig', 'docs/verification/q01-final-runs/docs-optimized.stderr.log')
unindexed: ('tls-zig', 'docs/verification/q03-final-runs/plan-normal.stdout.log')
unindexed: ('tls-zig', 'docs/verification/peer-identity-engine-runs/sdk-after.stderr.log')
unindexed: ('tls-zig', 'docs/verification/peer-identity-runs/sdk-after.stderr.log')
unindexed: ('tls-zig', 'docs/verification/t02-level-implementation.md')
unindexed: ('tls-zig', 'docs/verification/peer-identity-final-gates.json')
unindexed: ('tls-zig', 'docs/verification/t04-core-runs/cross-x86-windows-gnu.stdout.log')
unindexed: ('tls-zig', 'docs/reference/files/tools/qualify-quic-engine.py.md')
unindexed: ('tls-zig', 'docs/verification/t02-level-gap-probe/surplus-initial-fixed.json')
unindexed: ('tls-zig', 'docs/verification/t01-regression-runs/backend-optimized-retry.log')
unindexed: ('tls-zig', 'docs/verification/q00-final-gates.json')
unindexed: ('tls-zig', 'docs/verification/t00-runs/test-plan-lifecycle-optimized.stderr.log')
unindexed: ('tls-zig', 'docs/verification/t04-core-runs/cross-x86_64-freebsd.stderr.log')
unindexed: ('tls-zig', 'docs/verification/q02-change-audit.json')
unindexed: ('tls-zig', 'docs/verification/peer-identity-backend-runs/sdk-after.stdout.log')
unindexed: ('tls-zig', 'docs/verification/t04-core-runs/cross-x86_64-linux-musl.stdout.log')
unindexed: ('tls-zig', 'docs/reference/files/tests/quic/backend.c.md')
unindexed: ('tls-zig', 'docs/verification/t02-engine-cancellation-runs/engine-Debug.stderr.log')
unindexed: ('tls-zig', 'src/backend/quic.h')
unindexed: ('tls-zig', 'docs/verification/completions/history/T00-before-recordless-core.json')
unindexed: ('tls-zig', 'docs/verification/t04-abi-production-runs/backend-ReleaseSafe.stderr.log')
unindexed: ('tls-zig', 'docs/verification/t02-level-final-runs/lifecycle-optimized.stderr.log')
unindexed: ('tls-zig', 'examples/quic-contract/build.zig.zon')
unindexed: ('tls-zig', 'docs/verification/peer-identity-engine-runs/sdk.stderr.log')
unindexed: ('tls-zig', 'docs/verification/t02-engine-runs/sdk.stdout.log')
unindexed: ('tls-zig', 'docs/verification/t04-native-optimized-runs/sdk-after.stderr.log')
unindexed: ('tls-zig', 'docs/verification/t04-regression-runs/consumer-build.stdout.log')
unindexed: ('tls-zig', 'docs/verification/q01-final-runs/plan-normal.stderr.log')
unindexed: ('tls-zig', 'docs/verification/t04-regression-runs/sdk-optimized.stderr.log')
unindexed: ('tls-zig', 'docs/verification/t00-implementation.md')
unindexed: ('tls-zig', 'docs/verification/t01-regression-runs/retry.json')
unindexed: ('tls-zig', 'docs/verification/t01-core-runs/cross-x86_64-freebsd.stdout.log')
unindexed: ('tls-zig', 'docs/verification/t00-runs/final-plan-normal.stderr.log')
unindexed: ('tls-zig', 'docs/verification/t01-regression-runs/backend-optimized.stderr.log')
unindexed: ('tls-zig', 'docs/verification/completions/history/T00-before-native-adapter.json')
unindexed: ('tls-zig', 'docs/verification/t01-core-runs/cross-x86_64-macos.stdout.log')
unindexed: ('tls-zig', 'docs/verification/t02-level-final-gates.json')
unindexed: ('tls-zig', 'docs/verification/t04-native-final-runs/sdk-after.stdout.log')
unindexed: ('tls-zig', 'docs/verification/t04-native-optimized-runs/sdk-after.stdout.log')
unindexed: ('tls-zig', 'docs/verification/t02-core-runs/cross-x86_64-linux-musl.stdout.log')
unindexed: ('tls-zig', 'docs/verification/t02-implementation.md')
unindexed: ('tls-zig', 'docs/verification/t02-core-runs/cross-aarch64-linux-musl.stdout.log')
unindexed: ('tls-zig', 'docs/verification/peer-identity-backend-runs/backend-Debug.stderr.log')
unindexed: ('tls-zig', 'docs/verification/q01-final-runs/docs-normal.stderr.log')
unindexed: ('tls-zig', 'docs/verification/t02-regression-runs/sdk-normal.stdout.log')
unindexed: ('tls-zig', 'docs/verification/t02-core-runs/cross-x86_64-linux-musl.stderr.log')
unindexed: ('tls-zig', 'docs/verification/t02-level-final-runs/plan-optimized.stderr.log')
unindexed: ('tls-zig', 'docs/verification/t01-core-runs/core-ReleaseSafe.stderr.log')
unindexed: ('tls-zig', 'docs/verification/t01-final-runs/lifecycle-normal.stderr.log')
unindexed: ('tls-zig', 'docs/verification/q04-final-runs/docs-normal.stderr.log')
unindexed: ('tls-zig', 'docs/verification/q03-final-gates.json')
unindexed: ('tls-zig', 'docs/verification/t02-level-final-runs/plan-normal.stdout.log')
unindexed: ('tls-zig', 'docs/verification/t00-runs/final-docs-normal.stderr.log')
unindexed: ('tls-zig', 'docs/verification/completions/T01.json')
unindexed: ('tls-zig', 'docs/verification/t00-change-audit.json')
unindexed: ('tls-zig', 'tests/quic/backend_abi.zig')
unindexed: ('tls-zig', 'docs/verification/t02-engine-runs/engine-ReleaseSafe.stdout.log')
unindexed: ('tls-zig', 'docs/verification/t02-level-final-runs/plan-normal.stderr.log')
unindexed: ('tls-zig', 'docs/verification/t01-final-runs/plan-normal.stderr.log')
unindexed: ('tls-zig', 'docs/verification/completions/history/T02-before-level-integrity.json')
unindexed: ('tls-zig', 'docs/verification/t02-level-gap-probe/build.zig.zon.txt')
unindexed: ('tls-zig', 'docs/verification/t04-native-final-runs/backend-ReleaseSafe.stderr.log')
unindexed: ('tls-zig', 'docs/verification/t01-regression-runs/runs.json')
unindexed: ('tls-zig', 'docs/reference/files/src/quic/events.zig.md')
unindexed: ('tls-zig', 'src/quic/engine.zig')
unindexed: ('tls-zig', 'docs/verification/t02-engine-runs/consumer-ReleaseSafe.stderr.log')
unindexed: ('tls-zig', 'docs/verification/t01-extra-runs/relocated-consumer.stderr.log')
unindexed: ('tls-zig', 'docs/verification/t04-native-runs/sdk.stderr.log')
unindexed: ('tls-zig', 'docs/verification/t04-native-optimized-runs/runs.json')
unindexed: ('tls-zig', 'docs/verification/completions/history/T00-before-level-integrity.json')
unindexed: ('tls-zig', 'docs/verification/q04-final-runs/lifecycle-normal.stdout.log')
unindexed: ('tls-zig', 'tools/verify-backend.py')
unindexed: ('tls-zig', 'docs/verification/t04-native-optimized-runs/backend-ReleaseSafe.stdout.log')
unindexed: ('tls-zig', 'docs/verification/t01-regression-runs/tcp_server_interop.stderr.log')
unindexed: ('tls-zig', 'docs/reference/files/tools/qualify-quic-core.py.md')
unindexed: ('tls-zig', 'docs/verification/t00-runs/check-models-normal.stderr.log')
unindexed: ('tls-zig', 'docs/verification/t04-abi-production-runs/runs.json')
unindexed: ('tls-zig', 'docs/verification/q03-final-runs/lifecycle-optimized.stderr.log')
unindexed: ('tls-zig', 'docs/verification/t02-level-change-audit.json')
unindexed: ('tls-zig', 'docs/verification/t02-engine-runs/runs.json')
unindexed: ('tls-zig', 'docs/verification/t04-abi-production-runs/backend-Debug.stdout.log')
unindexed: ('tls-zig', 'src/quic.zig')
unindexed: ('tls-zig', 'docs/verification/peer-identity-runs/fixture-oracle.json')
unindexed: ('tls-zig', 'docs/verification/t02-final-runs/lifecycle-normal.stdout.log')
unindexed: ('tls-zig', 'docs/verification/t02-final-runs/plan-optimized.stderr.log')
unindexed: ('tls-zig', 'docs/verification/baseline-t00.md')
unindexed: ('tls-zig', 'docs/verification/t02-engine-cancellation-runs/engine-ReleaseSafe.stderr.log')
unindexed: ('tls-zig', 'docs/verification/peer-identity-runs/consumer-ReleaseSafe.stdout.log')
unindexed: ('tls-zig', 'docs/verification/t02-level-final-runs/docs-normal.stderr.log')
unindexed: ('tls-zig', 'docs/verification/t01-extra-runs/relocated-consumer.stdout.log')
unindexed: ('tls-zig', 'docs/verification/t02-final-runs/docs-optimized.stderr.log')
unindexed: ('tls-zig', 'docs/verification/t01-final-runs/docs-normal.stderr.log')
unindexed: ('tls-zig', 'docs/verification/t04-core-runs/consumer-ReleaseSafe.stderr.log')
unindexed: ('tls-zig', 'docs/verification/q04-final-runs/lifecycle-normal.stderr.log')
unindexed: ('tls-zig', 'docs/verification/t04-regression-runs/backend-optimized.stderr.log')
unindexed: ('tls-zig', 'docs/verification/t04-native-final-runs/backend-Debug.stderr.log')
unindexed: ('tls-zig', 'docs/verification/t02-level-integrity-runs/engine-ReleaseSafe.stdout.log')
unindexed: ('tls-zig', 'docs/verification/t04-regression-runs/backend-optimized.stdout.log')
unindexed: ('tls-zig', 'docs/reference/files/examples/quic-contract/build.zig.md')
unindexed: ('tls-zig', 'examples/quic-contract/main.zig')
unindexed: ('tls-zig', 'docs/verification/t01-regression-runs/consumer-build.stdout.log')
unindexed: ('tls-zig', 'docs/verification/peer-identity-runs/tcp_interop-Debug.stderr.log')
unindexed: ('tls-zig', 'docs/verification/completions/history/T01-before-native-adapter.json')
unindexed: ('tls-zig', 'docs/reference/files/tools/test-backend.py.md')
unindexed: ('tls-zig', 'docs/verification/t02-core-runs/core-Debug.stderr.log')
unindexed: ('tls-zig', 'docs/verification/q04-final-runs/docs-optimized.stdout.log')
unindexed: ('tls-zig', 'docs/verification/completions/T00.json')
unindexed: ('tls-zig', 'docs/verification/completions/history/T01-before-peer-identity.json')
unindexed: ('tls-zig', 'docs/verification/t00-runs/check-event-model-normal.stderr.log')
unindexed: ('tls-zig', 'docs/verification/t00-runs/interop-example.stderr.log')
unindexed: ('tls-zig', 'docs/verification/t02-engine-cancellation-runs/runs.json')
unindexed: ('tls-zig', 'docs/verification/q03-final-runs/plan-normal.stderr.log')
unindexed: ('tls-zig', 'docs/verification/q02-final-gates.json')
unindexed: ('tls-zig', 'docs/verification/t00-runs/debug.stdout.log')
unindexed: ('tls-zig', 'docs/verification/t01-extra-runs/check-event-model-normal.stderr.log')
unindexed: ('tls-zig', 'docs/verification/t04-core-runs/cross-aarch64-macos.stdout.log')
unindexed: ('tls-zig', 'docs/verification/q02-final-runs/docs-normal.stderr.log')
unindexed: ('tls-zig', 'docs/verification/t02-regression-runs/debug.stderr.log')
unindexed: ('tls-zig', 'docs/verification/peer-identity-backend-runs/backend-ReleaseSafe.stderr.log')
unindexed: ('tls-zig', 'docs/verification/q03-final-runs/docs-normal.stderr.log')
unindexed: ('tls-zig', 'docs/verification/t02-regression-runs/sdk-normal.stderr.log')
unindexed: ('tls-zig', 'docs/verification/t01-extra-runs/check-models-optimized.stdout.log')
unindexed: ('tls-zig', 'docs/verification/peer-identity-runs/records-Debug.stdout.log')
unindexed: ('tls-zig', 'docs/verification/t01-extra-runs/runs.json')
unindexed: ('tls-zig', 'docs/verification/t02-regression-runs/release-safe.stderr.log')
unindexed: ('tls-zig', 'docs/verification/t00-runs/interop-example.stdout.log')
unindexed: ('tls-zig', 'docs/verification/t02-engine-cancellation-runs/engine-ReleaseSafe.stdout.log')
unindexed: ('tls-zig', 'docs/verification/t02-level-gap-probe/surplus-initial-failure.json')
unindexed: ('tls-zig', 'docs/reference/files/tools/test-quic-types.py.md')
unindexed: ('tls-zig', 'docs/verification/t02-extra-runs/test-plan-lifecycle-optimized.stdout.log')
unindexed: ('tls-zig', 'docs/verification/t01-regression-runs/sdk-optimized.stderr.log')
unindexed: ('tls-zig', 'docs/verification/t00-runs/debug.stderr.log')
unindexed: ('tls-zig', 'docs/verification/t01-extra-runs/check-event-model-normal.stdout.log')
unindexed: ('tls-zig', 'docs/verification/t00-runs/final-docs-optimized.stderr.log')
unindexed: ('tls-zig', 'docs/verification/t01-extra-runs/negative-optimized.stderr.log')
unindexed: ('tls-zig', 'docs/verification/t02-regression-runs/consumer-build.stdout.log')
unindexed: ('tls-zig', 'docs/verification/t04-native-optimized-runs/backend-Debug.stdout.log')
unindexed: ('tls-zig', 'docs/verification/t00-runs/release-safe.stdout.log')
unindexed: ('tls-zig', 'docs/verification/peer-identity-runs/tcp_upload_interop-ReleaseSafe.stderr.log')
unindexed: ('tls-zig', 'docs/verification/t00-runs/check-models-optimized.stdout.log')
unindexed: ('tls-zig', 'docs/verification/q00-final-runs/lifecycle-optimized.stderr.log')
unindexed: ('tls-zig', 'docs/verification/t01-regression-runs/tcp_interop.stderr.log')
unindexed: ('tls-zig', 'docs/verification/t00-runs/test-plan-lifecycle-optimized.stdout.log')
unindexed: ('tls-zig', 'docs/verification/t02-final-runs/lifecycle-optimized.stdout.log')
unindexed: ('tls-zig', 'docs/verification/peer-identity-backend-runs/backend-Debug.stdout.log')
unindexed: ('tls-zig', 'docs/architecture/decisions/0003-application-packet-custody.md')
unindexed: ('tls-zig', 'examples/quic-contract/provider.zig')
unindexed: ('tls-zig', 'docs/verification/t00-runs/final-plan-optimized.stdout.log')
unindexed: ('tls-zig', 'docs/verification/t02-engine-runs/sdk-after.stderr.log')
unindexed: ('tls-zig', 'docs/verification/t00-runs/tcp_server_interop.stdout.log')
unindexed: ('tls-zig', 'docs/verification/t02-regression-runs/interop-example.stderr.log')
unindexed: ('tls-zig', 'src/quic/events.zig')
unindexed: ('tls-zig', 'docs/verification/q02-final-runs/docs-normal.stdout.log')
unindexed: ('tls-zig', 'docs/verification/t01-core-runs/cross-x86_64-linux-musl.stderr.log')
unindexed: ('tls-zig', 'docs/verification/peer-identity-engine-runs/consumer-ReleaseSafe.stderr.log')
unindexed: ('tls-zig', 'docs/verification/completions/T03.json')
unindexed: ('tls-zig', 'docs/verification/t01-final-runs/docs-optimized.stderr.log')
unindexed: ('tls-zig', 'tests/quic/backend_abi.c')
unindexed: ('tls-zig', 'docs/verification/t04-regression-runs/interop-example.stdout.log')
unindexed: ('tls-zig', 'docs/verification/t01-extra-runs/test-plan-lifecycle-normal.stdout.log')
unindexed: ('tls-zig', 'docs/verification/t02-engine-cancellation-runs/consumer-ReleaseSafe.stdout.log')
unindexed: ('tls-zig', 'docs/verification/t04-regression-runs/release-safe.stdout.log')
unindexed: ('tls-zig', 'docs/verification/peer-identity-backend-runs/runs.json')
unindexed: ('tls-zig', 'docs/verification/t01-regression-runs/tcp_server_interop.stdout.log')
unindexed: ('tls-zig', 'docs/verification/t02-level-integrity-runs/engine-Debug.stdout.log')
unindexed: ('tls-zig', 'docs/verification/t02-level-integrity-runs/consumer-Debug.stderr.log')
unindexed: ('tls-zig', 'docs/verification/t00-runs/test-plan-lifecycle-normal.stdout.log')
unindexed: ('tls-zig', 'docs/verification/t02-regression-runs/release-safe.stdout.log')
unindexed: ('tls-zig', 'docs/verification/q01-final-runs/plan-optimized.stdout.log')
unindexed: ('tls-zig', 'docs/verification/peer-identity-runs/models.stderr.log')
unindexed: ('tls-zig', 'docs/verification/peer-identity-runs/tcp_server_interop-Debug.stdout.log')
unindexed: ('tls-zig', 'tests/quic/negative/direction-as-level.zig')
unindexed: ('tls-zig', 'docs/verification/peer-identity-final-runs/lifecycle-normal.stdout.log')
unindexed: ('tls-zig', 'docs/verification/t01-final-runs/lifecycle-normal.stdout.log')
unindexed: ('tls-zig', 'docs/verification/t02-engine-cancellation-runs/sdk.stdout.log')
unindexed: ('tls-zig', 'examples/quic-engine/main.zig')
unindexed: ('tls-zig', 'tests/quic/backend.c')
unindexed: ('tls-zig', 'docs/verification/t02-engine-cancellation-runs/engine-Debug.stdout.log')
unindexed: ('tls-zig', 'docs/verification/t01-extra-runs/check-models-normal.stdout.log')
unindexed: ('tls-zig', 'docs/verification/t01-extra-runs/relocation.json')
unindexed: ('tls-zig', 'docs/verification/t02-core-runs/cross-x86_64-macos.stdout.log')
unindexed: ('tls-zig', 'docs/verification/t01-regression-runs/sdk-optimized.stdout.log')
unindexed: ('tls-zig', 'docs/reference/files/tests/quic/contract.zig.md')
unindexed: ('tls-zig', 'docs/verification/t00-runs/backend-normal.stdout.log')
unindexed: ('tls-zig', 'docs/verification/completions/T06.json')
unindexed: ('tls-zig', 'docs/verification/t02-level-integrity-runs/engine-ReleaseSafe.stderr.log')
unindexed: ('tls-zig', 'docs/verification/t02-final-runs/lifecycle-normal.stderr.log')
unindexed: ('tls-zig', 'docs/verification/t02-core-runs/cross-x86_64-macos.stderr.log')
unindexed: ('tls-zig', 'docs/verification/peer-identity-runs/backend.stdout.log')
unindexed: ('tls-zig', 'docs/verification/t04-regression-runs/sdk-normal.stderr.log')
unindexed: ('tls-zig', 'docs/verification/t04-core-runs/cross-aarch64-linux-musl.stdout.log')
unindexed: ('tls-zig', 'docs/verification/completions/history/T03-before-peer-identity.json')
unindexed: ('tls-zig', 'docs/verification/t04-core-runs/cross-x86_64-macos.stdout.log')
unindexed: ('tls-zig', 'docs/verification/t04-native-final-runs/sdk.stderr.log')
unindexed: ('tls-zig', 'docs/verification/q00-change-audit.json')
unindexed: ('tls-zig', 'docs/verification/q02-final-runs/plan-normal.stderr.log')
unindexed: ('tls-zig', 'docs/verification/t02-core-runs/cross-x86_64-freebsd.stdout.log')
unindexed: ('tls-zig', 'docs/verification/t04-core-runs/cross-x86_64-freebsd.stdout.log')
unindexed: ('tls-zig', 'tools/test-backend.py')
unindexed: ('tls-zig', 'docs/verification/t02-extra-runs/check-models-normal.stderr.log')
unindexed: ('tls-zig', 'docs/reference/files/tests/quic/events.zig.md')
unindexed: ('tls-zig', 'docs/verification/t01-core-runs/core-ReleaseSafe.stdout.log')
unindexed: ('tls-zig', 'docs/verification/peer-identity-runs/tcp_upload_interop-Debug.stdout.log')
unindexed: ('tls-zig', 'docs/verification/q01-final-runs/lifecycle-optimized.stdout.log')
unindexed: ('tls-zig', 'docs/verification/t02-core-runs/core-ReleaseSafe.stdout.log')
unindexed: ('tls-zig', 'docs/verification/completions/history/T00-before-peer-identity.json')
unindexed: ('tls-zig', 'docs/verification/t00-runs/consumer-build.stderr.log')
unindexed: ('tls-zig', 'docs/verification/t04-core-runs/cross-x86_64-linux-musl.stderr.log')
unindexed: ('tls-zig', 'docs/verification/t01-core-runs/core-Debug.stderr.log')
unindexed: ('tls-zig', 'docs/verification/completions/T04.json')
unindexed: ('tls-zig', 'docs/verification/q04-final-gates.json')
unindexed: ('tls-zig', 'docs/verification/t02-engine-runs/sdk-after.stdout.log')
unindexed: ('tls-zig', 'docs/verification/q01-final-runs/lifecycle-optimized.stderr.log')
unindexed: ('tls-zig', 'docs/verification/t00-runs/tcp_upload_interop.stdout.log')
unindexed: ('tls-zig', 'docs/verification/t02-level-integrity-runs/sdk.stderr.log')
unindexed: ('tls-zig', 'docs/verification/t01-implementation.md')
unindexed: ('tls-zig', 'docs/verification/t00-runs/sdk-optimized.stderr.log')
unindexed: ('tls-zig', 'docs/verification/t02-extra-runs/test-plan-lifecycle-normal.stderr.log')
