unmapped file: C:\Projects\tls-zig\docs\architecture\decisions\0003-application-packet-custody.md
unmapped file: C:\Projects\tls-zig\docs\architecture\decisions\0004-application-key-handoff.md
unmapped file: C:\Projects\tls-zig\docs\architecture\decisions\0005-recovery-spaces.md
unmapped file: C:\Projects\tls-zig\docs\architecture\decisions\0006-application-acks.md
unmapped file: C:\Projects\tls-zig\docs\formal\application-acks.md
unmapped file: C:\Projects\tls-zig\docs\formal\system-composition.md
unmapped file: C:\Projects\tls-zig\docs\guides\peer-identity.md
unmapped file: C:\Projects\tls-zig\docs\reference\files\examples\quic-contract\build.zig.md
unmapped file: C:\Projects\tls-zig\docs\reference\files\examples\quic-contract\build.zig.zon.md
unmapped file: C:\Projects\tls-zig\docs\reference\files\examples\quic-contract\main.zig.md
unmapped file: C:\Projects\tls-zig\docs\reference\files\examples\quic-contract\provider.zig.md
unmapped file: C:\Projects\tls-zig\docs\reference\files\examples\quic-engine\build.zig.md
unmapped file: C:\Projects\tls-zig\docs\reference\files\examples\quic-engine\build.zig.zon.md
unmapped file: C:\Projects\tls-zig\docs\reference\files\examples\quic-engine\main.zig.md
unmapped file: C:\Projects\tls-zig\docs\reference\files\src\backend\quic.c.md
unmapped file: C:\Projects\tls-zig\docs\reference\files\src\backend\quic.h.md
unmapped file: C:\Projects\tls-zig\docs\reference\files\src\backend\quic.zig.md
unmapped file: C:\Projects\tls-zig\docs\reference\files\src\quic\contract.zig.md
unmapped file: C:\Projects\tls-zig\docs\reference\files\src\quic\engine.zig.md
unmapped file: C:\Projects\tls-zig\docs\reference\files\src\quic\events.zig.md
unmapped file: C:\Projects\tls-zig\docs\reference\files\src\quic.zig.md
unmapped file: C:\Projects\tls-zig\docs\reference\files\src\quic_engine.zig.md
unmapped file: C:\Projects\tls-zig\docs\reference\files\tests\quic\backend.c.md
unmapped file: C:\Projects\tls-zig\docs\reference\files\tests\quic\backend_abi.c.md
unmapped file: C:\Projects\tls-zig\docs\reference\files\tests\quic\backend_abi.zig.md
unmapped file: C:\Projects\tls-zig\docs\reference\files\tests\quic\contract.zig.md
unmapped file: C:\Projects\tls-zig\docs\reference\files\tests\quic\events.zig.md
unmapped file: C:\Projects\tls-zig\docs\reference\files\tests\quic\negative\direction-as-level.zig.md
unmapped file: C:\Projects\tls-zig\docs\reference\files\tests\quic\negative\generation-as-sequence.zig.md
unmapped file: C:\Projects\tls-zig\docs\reference\files\tests\quic\negative\raw-byte-count.zig.md
unmapped file: C:\Projects\tls-zig\docs\reference\files\tests\quic\negative\valid.zig.md
unmapped file: C:\Projects\tls-zig\docs\reference\files\tests\quic\negative\wall-as-monotonic.zig.md
unmapped file: C:\Projects\tls-zig\docs\reference\files\tests\quic\reference_peer.c.md
unmapped file: C:\Projects\tls-zig\docs\reference\files\tests\quic_contract.zig.md
unmapped file: C:\Projects\tls-zig\docs\reference\files\tools\qualify-quic-backend.py.md
unmapped file: C:\Projects\tls-zig\docs\reference\files\tools\qualify-quic-core.py.md
unmapped file: C:\Projects\tls-zig\docs\reference\files\tools\qualify-quic-engine.py.md
unmapped file: C:\Projects\tls-zig\docs\reference\files\tools\test-backend.py.md
unmapped file: C:\Projects\tls-zig\docs\reference\files\tools\test-quic-types.py.md
unmapped file: C:\Projects\tls-zig\docs\reference\files\tools\verify-backend.py.md
unmapped file: C:\Projects\tls-zig\docs\verification\baseline-r5.md
unmapped file: C:\Projects\tls-zig\docs\verification\baseline-t00.md
unmapped file: C:\Projects\tls-zig\docs\verification\completions\history\T00-before-level-integrity.json
unmapped file: C:\Projects\tls-zig\docs\verification\completions\history\T00-before-native-adapter.json
unmapped file: C:\Projects\tls-zig\docs\verification\completions\history\T00-before-peer-identity.json
unmapped file: C:\Projects\tls-zig\docs\verification\completions\history\T00-before-recordless-core.json
unmapped file: C:\Projects\tls-zig\docs\verification\completions\history\T01-before-level-integrity.json
unmapped file: C:\Projects\tls-zig\docs\verification\completions\history\T01-before-native-adapter.json
unmapped file: C:\Projects\tls-zig\docs\verification\completions\history\T01-before-peer-identity.json
unmapped file: C:\Projects\tls-zig\docs\verification\completions\history\T02-before-level-integrity.json
unmapped file: C:\Projects\tls-zig\docs\verification\completions\history\T02-before-peer-identity.json
unmapped file: C:\Projects\tls-zig\docs\verification\completions\history\T03-before-level-integrity.json
unmapped file: C:\Projects\tls-zig\docs\verification\completions\history\T03-before-native-adapter.json
unmapped file: C:\Projects\tls-zig\docs\verification\completions\history\T03-before-peer-identity.json
unmapped file: C:\Projects\tls-zig\docs\verification\completions\history\T04-before-level-integrity.json
unmapped file: C:\Projects\tls-zig\docs\verification\completions\history\T04-before-peer-identity.json
unmapped file: C:\Projects\tls-zig\docs\verification\completions\history\T05-before-level-integrity.json
unmapped file: C:\Projects\tls-zig\docs\verification\completions\history\T05-before-peer-identity.json
unmapped file: C:\Projects\tls-zig\docs\verification\completions\history\T06-before-level-integrity.json
unmapped file: C:\Projects\tls-zig\docs\verification\completions\history\T06-before-peer-identity.json
unmapped file: C:\Projects\tls-zig\docs\verification\completions\T00.json
unmapped file: C:\Projects\tls-zig\docs\verification\completions\T01.json
unmapped file: C:\Projects\tls-zig\docs\verification\completions\T02.json
unmapped file: C:\Projects\tls-zig\docs\verification\completions\T03.json
unmapped file: C:\Projects\tls-zig\docs\verification\completions\T04.json
unmapped file: C:\Projects\tls-zig\docs\verification\completions\T05.json
unmapped file: C:\Projects\tls-zig\docs\verification\completions\T06.json
unmapped file: C:\Projects\tls-zig\docs\verification\peer-identity-backend-runs\backend-Debug.stderr.log
unmapped file: C:\Projects\tls-zig\docs\verification\peer-identity-backend-runs\backend-Debug.stdout.log
unmapped file: C:\Projects\tls-zig\docs\verification\peer-identity-backend-runs\backend-ReleaseSafe.stderr.log
unmapped file: C:\Projects\tls-zig\docs\verification\peer-identity-backend-runs\backend-ReleaseSafe.stdout.log
unmapped file: C:\Projects\tls-zig\docs\verification\peer-identity-backend-runs\runs.json
unmapped file: C:\Projects\tls-zig\docs\verification\peer-identity-backend-runs\sdk-after.stderr.log
unmapped file: C:\Projects\tls-zig\docs\verification\peer-identity-backend-runs\sdk-after.stdout.log
unmapped file: C:\Projects\tls-zig\docs\verification\peer-identity-backend-runs\sdk.stderr.log
unmapped file: C:\Projects\tls-zig\docs\verification\peer-identity-backend-runs\sdk.stdout.log
unmapped file: C:\Projects\tls-zig\docs\verification\peer-identity-change-audit.json
unmapped file: C:\Projects\tls-zig\docs\verification\peer-identity-engine-runs\consumer-Debug.stderr.log
unmapped file: C:\Projects\tls-zig\docs\verification\peer-identity-engine-runs\consumer-Debug.stdout.log
unmapped file: C:\Projects\tls-zig\docs\verification\peer-identity-engine-runs\consumer-ReleaseSafe.stderr.log
unmapped file: C:\Projects\tls-zig\docs\verification\peer-identity-engine-runs\consumer-ReleaseSafe.stdout.log
unmapped file: C:\Projects\tls-zig\docs\verification\peer-identity-engine-runs\engine-Debug.stderr.log
unmapped file: C:\Projects\tls-zig\docs\verification\peer-identity-engine-runs\engine-Debug.stdout.log
unmapped file: C:\Projects\tls-zig\docs\verification\peer-identity-engine-runs\engine-ReleaseSafe.stderr.log
unmapped file: C:\Projects\tls-zig\docs\verification\peer-identity-engine-runs\engine-ReleaseSafe.stdout.log
unmapped file: C:\Projects\tls-zig\docs\verification\peer-identity-engine-runs\runs.json
unmapped file: C:\Projects\tls-zig\docs\verification\peer-identity-engine-runs\sdk-after.stderr.log
unmapped file: C:\Projects\tls-zig\docs\verification\peer-identity-engine-runs\sdk-after.stdout.log
unmapped file: C:\Projects\tls-zig\docs\verification\peer-identity-engine-runs\sdk.stderr.log
unmapped file: C:\Projects\tls-zig\docs\verification\peer-identity-engine-runs\sdk.stdout.log
unmapped file: C:\Projects\tls-zig\docs\verification\peer-identity-final-gates.json
unmapped file: C:\Projects\tls-zig\docs\verification\peer-identity-final-runs\docs-normal.stderr.log
unmapped file: C:\Projects\tls-zig\docs\verification\peer-identity-final-runs\docs-normal.stdout.log
unmapped file: C:\Projects\tls-zig\docs\verification\peer-identity-final-runs\docs-optimized.stderr.log
unmapped file: C:\Projects\tls-zig\docs\verification\peer-identity-final-runs\docs-optimized.stdout.log
unmapped file: C:\Projects\tls-zig\docs\verification\peer-identity-final-runs\lifecycle-normal.stderr.log
unmapped file: C:\Projects\tls-zig\docs\verification\peer-identity-final-runs\lifecycle-normal.stdout.log
unmapped file: C:\Projects\tls-zig\docs\verification\peer-identity-final-runs\lifecycle-optimized.stderr.log
unmapped file: C:\Projects\tls-zig\docs\verification\peer-identity-final-runs\lifecycle-optimized.stdout.log
unmapped file: C:\Projects\tls-zig\docs\verification\peer-identity-final-runs\plan-normal.stderr.log
unmapped file: C:\Projects\tls-zig\docs\verification\peer-identity-final-runs\plan-normal.stdout.log
unmapped file: C:\Projects\tls-zig\docs\verification\peer-identity-final-runs\plan-optimized.stderr.log
unmapped file: C:\Projects\tls-zig\docs\verification\peer-identity-final-runs\plan-optimized.stdout.log
unmapped file: C:\Projects\tls-zig\docs\verification\peer-identity-implementation.md
unmapped file: C:\Projects\tls-zig\docs\verification\peer-identity-runs\backend.stderr.log
unmapped file: C:\Projects\tls-zig\docs\verification\peer-identity-runs\backend.stdout.log
unmapped file: C:\Projects\tls-zig\docs\verification\peer-identity-runs\consumer-Debug.stderr.log
unmapped file: C:\Projects\tls-zig\docs\verification\peer-identity-runs\consumer-Debug.stdout.log
unmapped file: C:\Projects\tls-zig\docs\verification\peer-identity-runs\consumer-ReleaseSafe.stderr.log
unmapped file: C:\Projects\tls-zig\docs\verification\peer-identity-runs\consumer-ReleaseSafe.stdout.log
unmapped file: C:\Projects\tls-zig\docs\verification\peer-identity-runs\engine.stderr.log
unmapped file: C:\Projects\tls-zig\docs\verification\peer-identity-runs\engine.stdout.log
unmapped file: C:\Projects\tls-zig\docs\verification\peer-identity-runs\fixture-oracle.json
unmapped file: C:\Projects\tls-zig\docs\verification\peer-identity-runs\models-optimized.stderr.log
unmapped file: C:\Projects\tls-zig\docs\verification\peer-identity-runs\models-optimized.stdout.log
unmapped file: C:\Projects\tls-zig\docs\verification\peer-identity-runs\models.stderr.log
unmapped file: C:\Projects\tls-zig\docs\verification\peer-identity-runs\models.stdout.log
unmapped file: C:\Projects\tls-zig\docs\verification\peer-identity-runs\records-Debug.stderr.log
unmapped file: C:\Projects\tls-zig\docs\verification\peer-identity-runs\records-Debug.stdout.log
unmapped file: C:\Projects\tls-zig\docs\verification\peer-identity-runs\records-ReleaseSafe.stderr.log
unmapped file: C:\Projects\tls-zig\docs\verification\peer-identity-runs\records-ReleaseSafe.stdout.log
unmapped file: C:\Projects\tls-zig\docs\verification\peer-identity-runs\runs.json
unmapped file: C:\Projects\tls-zig\docs\verification\peer-identity-runs\sdk-after.stderr.log
unmapped file: C:\Projects\tls-zig\docs\verification\peer-identity-runs\sdk-after.stdout.log
unmapped file: C:\Projects\tls-zig\docs\verification\peer-identity-runs\sdk-before.stderr.log
unmapped file: C:\Projects\tls-zig\docs\verification\peer-identity-runs\sdk-before.stdout.log
unmapped file: C:\Projects\tls-zig\docs\verification\peer-identity-runs\tcp_interop-Debug.stderr.log
unmapped file: C:\Projects\tls-zig\docs\verification\peer-identity-runs\tcp_interop-Debug.stdout.log
unmapped file: C:\Projects\tls-zig\docs\verification\peer-identity-runs\tcp_interop-ReleaseSafe.stderr.log
unmapped file: C:\Projects\tls-zig\docs\verification\peer-identity-runs\tcp_interop-ReleaseSafe.stdout.log
unmapped file: C:\Projects\tls-zig\docs\verification\peer-identity-runs\tcp_server_interop-Debug.stderr.log
unmapped file: C:\Projects\tls-zig\docs\verification\peer-identity-runs\tcp_server_interop-Debug.stdout.log
unmapped file: C:\Projects\tls-zig\docs\verification\peer-identity-runs\tcp_server_interop-ReleaseSafe.stderr.log
unmapped file: C:\Projects\tls-zig\docs\verification\peer-identity-runs\tcp_server_interop-ReleaseSafe.stdout.log
unmapped file: C:\Projects\tls-zig\docs\verification\peer-identity-runs\tcp_upload_interop-Debug.stderr.log
unmapped file: C:\Projects\tls-zig\docs\verification\peer-identity-runs\tcp_upload_interop-Debug.stdout.log
unmapped file: C:\Projects\tls-zig\docs\verification\peer-identity-runs\tcp_upload_interop-ReleaseSafe.stderr.log
unmapped file: C:\Projects\tls-zig\docs\verification\peer-identity-runs\tcp_upload_interop-ReleaseSafe.stdout.log
unmapped file: C:\Projects\tls-zig\docs\verification\q00-change-audit.json
unmapped file: C:\Projects\tls-zig\docs\verification\q00-final-gates.json
unmapped file: C:\Projects\tls-zig\docs\verification\q00-final-runs\docs-normal.stderr.log
unmapped file: C:\Projects\tls-zig\docs\verification\q00-final-runs\docs-normal.stdout.log
unmapped file: C:\Projects\tls-zig\docs\verification\q00-final-runs\docs-optimized.stderr.log
unmapped file: C:\Projects\tls-zig\docs\verification\q00-final-runs\docs-optimized.stdout.log
unmapped file: C:\Projects\tls-zig\docs\verification\q00-final-runs\lifecycle-normal.stderr.log
unmapped file: C:\Projects\tls-zig\docs\verification\q00-final-runs\lifecycle-normal.stdout.log
unmapped file: C:\Projects\tls-zig\docs\verification\q00-final-runs\lifecycle-optimized.stderr.log
unmapped file: C:\Projects\tls-zig\docs\verification\q00-final-runs\lifecycle-optimized.stdout.log
unmapped file: C:\Projects\tls-zig\docs\verification\q00-final-runs\plan-normal.stderr.log
unmapped file: C:\Projects\tls-zig\docs\verification\q00-final-runs\plan-normal.stdout.log
unmapped file: C:\Projects\tls-zig\docs\verification\q00-final-runs\plan-optimized.stderr.log
unmapped file: C:\Projects\tls-zig\docs\verification\q00-final-runs\plan-optimized.stdout.log
unmapped file: C:\Projects\tls-zig\docs\verification\q00-implementation.md
unmapped file: C:\Projects\tls-zig\docs\verification\q01-change-audit.json
unmapped file: C:\Projects\tls-zig\docs\verification\q01-final-gates.json
unmapped file: C:\Projects\tls-zig\docs\verification\q01-final-runs\docs-normal.stderr.log
unmapped file: C:\Projects\tls-zig\docs\verification\q01-final-runs\docs-normal.stdout.log
unmapped file: C:\Projects\tls-zig\docs\verification\q01-final-runs\docs-optimized.stderr.log
unmapped file: C:\Projects\tls-zig\docs\verification\q01-final-runs\docs-optimized.stdout.log
unmapped file: C:\Projects\tls-zig\docs\verification\q01-final-runs\lifecycle-normal.stderr.log
unmapped file: C:\Projects\tls-zig\docs\verification\q01-final-runs\lifecycle-normal.stdout.log
unmapped file: C:\Projects\tls-zig\docs\verification\q01-final-runs\lifecycle-optimized.stderr.log
unmapped file: C:\Projects\tls-zig\docs\verification\q01-final-runs\lifecycle-optimized.stdout.log
unmapped file: C:\Projects\tls-zig\docs\verification\q01-final-runs\plan-normal.stderr.log
unmapped file: C:\Projects\tls-zig\docs\verification\q01-final-runs\plan-normal.stdout.log
unmapped file: C:\Projects\tls-zig\docs\verification\q01-final-runs\plan-optimized.stderr.log
unmapped file: C:\Projects\tls-zig\docs\verification\q01-final-runs\plan-optimized.stdout.log
unmapped file: C:\Projects\tls-zig\docs\verification\q01-implementation.md
unmapped file: C:\Projects\tls-zig\docs\verification\q02-change-audit.json
unmapped file: C:\Projects\tls-zig\docs\verification\q02-final-gates.json
unmapped file: C:\Projects\tls-zig\docs\verification\q02-final-runs\docs-normal.stderr.log
unmapped file: C:\Projects\tls-zig\docs\verification\q02-final-runs\docs-normal.stdout.log
unmapped file: C:\Projects\tls-zig\docs\verification\q02-final-runs\docs-optimized.stderr.log
unmapped file: C:\Projects\tls-zig\docs\verification\q02-final-runs\docs-optimized.stdout.log
unmapped file: C:\Projects\tls-zig\docs\verification\q02-final-runs\lifecycle-normal.stderr.log
unmapped file: C:\Projects\tls-zig\docs\verification\q02-final-runs\lifecycle-normal.stdout.log
unmapped file: C:\Projects\tls-zig\docs\verification\q02-final-runs\lifecycle-optimized.stderr.log
unmapped file: C:\Projects\tls-zig\docs\verification\q02-final-runs\lifecycle-optimized.stdout.log
unmapped file: C:\Projects\tls-zig\docs\verification\q02-final-runs\plan-normal.stderr.log
unmapped file: C:\Projects\tls-zig\docs\verification\q02-final-runs\plan-normal.stdout.log
unmapped file: C:\Projects\tls-zig\docs\verification\q02-final-runs\plan-optimized.stderr.log
unmapped file: C:\Projects\tls-zig\docs\verification\q02-final-runs\plan-optimized.stdout.log
unmapped file: C:\Projects\tls-zig\docs\verification\q02-implementation.md
unmapped file: C:\Projects\tls-zig\docs\verification\q03-change-audit.json
unmapped file: C:\Projects\tls-zig\docs\verification\q03-final-gates.json
unmapped file: C:\Projects\tls-zig\docs\verification\q03-final-runs\docs-normal.stderr.log
unmapped file: C:\Projects\tls-zig\docs\verification\q03-final-runs\docs-normal.stdout.log
unmapped file: C:\Projects\tls-zig\docs\verification\q03-final-runs\docs-optimized.stderr.log
unmapped file: C:\Projects\tls-zig\docs\verification\q03-final-runs\docs-optimized.stdout.log
unmapped file: C:\Projects\tls-zig\docs\verification\q03-final-runs\lifecycle-normal.stderr.log
unmapped file: C:\Projects\tls-zig\docs\verification\q03-final-runs\lifecycle-normal.stdout.log
unmapped file: C:\Projects\tls-zig\docs\verification\q03-final-runs\lifecycle-optimized.stderr.log
unmapped file: C:\Projects\tls-zig\docs\verification\q03-final-runs\lifecycle-optimized.stdout.log
unmapped file: C:\Projects\tls-zig\docs\verification\q03-final-runs\plan-normal.stderr.log
unmapped file: C:\Projects\tls-zig\docs\verification\q03-final-runs\plan-normal.stdout.log
unmapped file: C:\Projects\tls-zig\docs\verification\q03-final-runs\plan-optimized.stderr.log
unmapped file: C:\Projects\tls-zig\docs\verification\q03-final-runs\plan-optimized.stdout.log
unmapped file: C:\Projects\tls-zig\docs\verification\q03-implementation.md
unmapped file: C:\Projects\tls-zig\docs\verification\q04-change-audit.json
unmapped file: C:\Projects\tls-zig\docs\verification\q04-final-gates.json
unmapped file: C:\Projects\tls-zig\docs\verification\q04-final-runs\docs-normal.stderr.log
unmapped file: C:\Projects\tls-zig\docs\verification\q04-final-runs\docs-normal.stdout.log
unmapped file: C:\Projects\tls-zig\docs\verification\q04-final-runs\docs-optimized.stderr.log
unmapped file: C:\Projects\tls-zig\docs\verification\q04-final-runs\docs-optimized.stdout.log
unmapped file: C:\Projects\tls-zig\docs\verification\q04-final-runs\lifecycle-normal.stderr.log
unmapped file: C:\Projects\tls-zig\docs\verification\q04-final-runs\lifecycle-normal.stdout.log
unmapped file: C:\Projects\tls-zig\docs\verification\q04-final-runs\lifecycle-optimized.stderr.log
unmapped file: C:\Projects\tls-zig\docs\verification\q04-final-runs\lifecycle-optimized.stdout.log
unmapped file: C:\Projects\tls-zig\docs\verification\q04-final-runs\plan-normal.stderr.log
unmapped file: C:\Projects\tls-zig\docs\verification\q04-final-runs\plan-normal.stdout.log
unmapped file: C:\Projects\tls-zig\docs\verification\q04-final-runs\plan-optimized.stderr.log
unmapped file: C:\Projects\tls-zig\docs\verification\q04-final-runs\plan-optimized.stdout.log
unmapped file: C:\Projects\tls-zig\docs\verification\q04-implementation.md
unmapped file: C:\Projects\tls-zig\docs\verification\t00-change-audit.json
unmapped file: C:\Projects\tls-zig\docs\verification\t00-final-gates.json
unmapped file: C:\Projects\tls-zig\docs\verification\t00-implementation.md
unmapped file: C:\Projects\tls-zig\docs\verification\t00-runs\backend-normal.stderr.log
unmapped file: C:\Projects\tls-zig\docs\verification\t00-runs\backend-normal.stdout.log
unmapped file: C:\Projects\tls-zig\docs\verification\t00-runs\backend-optimized.stderr.log
unmapped file: C:\Projects\tls-zig\docs\verification\t00-runs\backend-optimized.stdout.log
unmapped file: C:\Projects\tls-zig\docs\verification\t00-runs\check-event-model-normal.stderr.log
unmapped file: C:\Projects\tls-zig\docs\verification\t00-runs\check-event-model-normal.stdout.log
unmapped file: C:\Projects\tls-zig\docs\verification\t00-runs\check-event-model-optimized.stderr.log
unmapped file: C:\Projects\tls-zig\docs\verification\t00-runs\check-event-model-optimized.stdout.log
unmapped file: C:\Projects\tls-zig\docs\verification\t00-runs\check-models-normal.stderr.log
unmapped file: C:\Projects\tls-zig\docs\verification\t00-runs\check-models-normal.stdout.log
unmapped file: C:\Projects\tls-zig\docs\verification\t00-runs\check-models-optimized.stderr.log
unmapped file: C:\Projects\tls-zig\docs\verification\t00-runs\check-models-optimized.stdout.log
unmapped file: C:\Projects\tls-zig\docs\verification\t00-runs\consumer-build.stderr.log
unmapped file: C:\Projects\tls-zig\docs\verification\t00-runs\consumer-build.stdout.log
unmapped file: C:\Projects\tls-zig\docs\verification\t00-runs\debug.stderr.log
unmapped file: C:\Projects\tls-zig\docs\verification\t00-runs\debug.stdout.log
unmapped file: C:\Projects\tls-zig\docs\verification\t00-runs\final-docs-normal.stderr.log
unmapped file: C:\Projects\tls-zig\docs\verification\t00-runs\final-docs-normal.stdout.log
unmapped file: C:\Projects\tls-zig\docs\verification\t00-runs\final-docs-optimized.stderr.log
unmapped file: C:\Projects\tls-zig\docs\verification\t00-runs\final-docs-optimized.stdout.log
unmapped file: C:\Projects\tls-zig\docs\verification\t00-runs\final-plan-normal.stderr.log
unmapped file: C:\Projects\tls-zig\docs\verification\t00-runs\final-plan-normal.stdout.log
unmapped file: C:\Projects\tls-zig\docs\verification\t00-runs\final-plan-optimized.stderr.log
unmapped file: C:\Projects\tls-zig\docs\verification\t00-runs\final-plan-optimized.stdout.log
unmapped file: C:\Projects\tls-zig\docs\verification\t00-runs\interop-example.stderr.log
unmapped file: C:\Projects\tls-zig\docs\verification\t00-runs\interop-example.stdout.log
unmapped file: C:\Projects\tls-zig\docs\verification\t00-runs\release-safe.stderr.log
unmapped file: C:\Projects\tls-zig\docs\verification\t00-runs\release-safe.stdout.log
unmapped file: C:\Projects\tls-zig\docs\verification\t00-runs\sdk-normal.stderr.log
unmapped file: C:\Projects\tls-zig\docs\verification\t00-runs\sdk-normal.stdout.log
unmapped file: C:\Projects\tls-zig\docs\verification\t00-runs\sdk-optimized.stderr.log
unmapped file: C:\Projects\tls-zig\docs\verification\t00-runs\sdk-optimized.stdout.log
unmapped file: C:\Projects\tls-zig\docs\verification\t00-runs\tcp_interop.stderr.log
unmapped file: C:\Projects\tls-zig\docs\verification\t00-runs\tcp_interop.stdout.log
unmapped file: C:\Projects\tls-zig\docs\verification\t00-runs\tcp_server_interop.stderr.log
unmapped file: C:\Projects\tls-zig\docs\verification\t00-runs\tcp_server_interop.stdout.log
unmapped file: C:\Projects\tls-zig\docs\verification\t00-runs\tcp_upload_interop.stderr.log
unmapped file: C:\Projects\tls-zig\docs\verification\t00-runs\tcp_upload_interop.stdout.log
unmapped file: C:\Projects\tls-zig\docs\verification\t00-runs\test-plan-lifecycle-normal.stderr.log
unmapped file: C:\Projects\tls-zig\docs\verification\t00-runs\test-plan-lifecycle-normal.stdout.log
unmapped file: C:\Projects\tls-zig\docs\verification\t00-runs\test-plan-lifecycle-optimized.stderr.log
unmapped file: C:\Projects\tls-zig\docs\verification\t00-runs\test-plan-lifecycle-optimized.stdout.log
unmapped file: C:\Projects\tls-zig\docs\verification\t01-change-audit.json
unmapped file: C:\Projects\tls-zig\docs\verification\t01-core-runs\consumer-Debug.stderr.log
unmapped file: C:\Projects\tls-zig\docs\verification\t01-core-runs\consumer-Debug.stdout.log
unmapped file: C:\Projects\tls-zig\docs\verification\t01-core-runs\consumer-ReleaseSafe.stderr.log
unmapped file: C:\Projects\tls-zig\docs\verification\t01-core-runs\consumer-ReleaseSafe.stdout.log
unmapped file: C:\Projects\tls-zig\docs\verification\t01-core-runs\core-Debug.stderr.log
unmapped file: C:\Projects\tls-zig\docs\verification\t01-core-runs\core-Debug.stdout.log
unmapped file: C:\Projects\tls-zig\docs\verification\t01-core-runs\core-ReleaseSafe.stderr.log
unmapped file: C:\Projects\tls-zig\docs\verification\t01-core-runs\core-ReleaseSafe.stdout.log
unmapped file: C:\Projects\tls-zig\docs\verification\t01-core-runs\cross-aarch64-linux-musl.stderr.log
unmapped file: C:\Projects\tls-zig\docs\verification\t01-core-runs\cross-aarch64-linux-musl.stdout.log
unmapped file: C:\Projects\tls-zig\docs\verification\t01-core-runs\cross-aarch64-macos.stderr.log
unmapped file: C:\Projects\tls-zig\docs\verification\t01-core-runs\cross-aarch64-macos.stdout.log
unmapped file: C:\Projects\tls-zig\docs\verification\t01-core-runs\cross-aarch64-windows-gnu.stderr.log
unmapped file: C:\Projects\tls-zig\docs\verification\t01-core-runs\cross-aarch64-windows-gnu.stdout.log
unmapped file: C:\Projects\tls-zig\docs\verification\t01-core-runs\cross-x86-windows-gnu.stderr.log
unmapped file: C:\Projects\tls-zig\docs\verification\t01-core-runs\cross-x86-windows-gnu.stdout.log
unmapped file: C:\Projects\tls-zig\docs\verification\t01-core-runs\cross-x86_64-freebsd.stderr.log
unmapped file: C:\Projects\tls-zig\docs\verification\t01-core-runs\cross-x86_64-freebsd.stdout.log
unmapped file: C:\Projects\tls-zig\docs\verification\t01-core-runs\cross-x86_64-linux-musl.stderr.log
unmapped file: C:\Projects\tls-zig\docs\verification\t01-core-runs\cross-x86_64-linux-musl.stdout.log
unmapped file: C:\Projects\tls-zig\docs\verification\t01-core-runs\cross-x86_64-macos.stderr.log
unmapped file: C:\Projects\tls-zig\docs\verification\t01-core-runs\cross-x86_64-macos.stdout.log
unmapped file: C:\Projects\tls-zig\docs\verification\t01-core-runs\runs.json
unmapped file: C:\Projects\tls-zig\docs\verification\t01-extra-runs\check-event-model-normal.stderr.log
unmapped file: C:\Projects\tls-zig\docs\verification\t01-extra-runs\check-event-model-normal.stdout.log
unmapped file: C:\Projects\tls-zig\docs\verification\t01-extra-runs\check-event-model-optimized.stderr.log
unmapped file: C:\Projects\tls-zig\docs\verification\t01-extra-runs\check-event-model-optimized.stdout.log
unmapped file: C:\Projects\tls-zig\docs\verification\t01-extra-runs\check-models-normal.stderr.log
unmapped file: C:\Projects\tls-zig\docs\verification\t01-extra-runs\check-models-normal.stdout.log
unmapped file: C:\Projects\tls-zig\docs\verification\t01-extra-runs\check-models-optimized.stderr.log
unmapped file: C:\Projects\tls-zig\docs\verification\t01-extra-runs\check-models-optimized.stdout.log
unmapped file: C:\Projects\tls-zig\docs\verification\t01-extra-runs\counter-debug.stderr.log
unmapped file: C:\Projects\tls-zig\docs\verification\t01-extra-runs\counter-debug.stdout.log
unmapped file: C:\Projects\tls-zig\docs\verification\t01-extra-runs\models.json
unmapped file: C:\Projects\tls-zig\docs\verification\t01-extra-runs\negative-normal.stderr.log
unmapped file: C:\Projects\tls-zig\docs\verification\t01-extra-runs\negative-normal.stdout.log
unmapped file: C:\Projects\tls-zig\docs\verification\t01-extra-runs\negative-optimized.stderr.log
unmapped file: C:\Projects\tls-zig\docs\verification\t01-extra-runs\negative-optimized.stdout.log
unmapped file: C:\Projects\tls-zig\docs\verification\t01-extra-runs\relocated-consumer.stderr.log
unmapped file: C:\Projects\tls-zig\docs\verification\t01-extra-runs\relocated-consumer.stdout.log
unmapped file: C:\Projects\tls-zig\docs\verification\t01-extra-runs\relocation.json
unmapped file: C:\Projects\tls-zig\docs\verification\t01-extra-runs\runs.json
unmapped file: C:\Projects\tls-zig\docs\verification\t01-extra-runs\test-plan-lifecycle-normal.stderr.log
unmapped file: C:\Projects\tls-zig\docs\verification\t01-extra-runs\test-plan-lifecycle-normal.stdout.log
unmapped file: C:\Projects\tls-zig\docs\verification\t01-extra-runs\test-plan-lifecycle-optimized.stderr.log
unmapped file: C:\Projects\tls-zig\docs\verification\t01-extra-runs\test-plan-lifecycle-optimized.stdout.log
unmapped file: C:\Projects\tls-zig\docs\verification\t01-final-gates.json
unmapped file: C:\Projects\tls-zig\docs\verification\t01-final-runs\docs-normal.stderr.log
unmapped file: C:\Projects\tls-zig\docs\verification\t01-final-runs\docs-normal.stdout.log
unmapped file: C:\Projects\tls-zig\docs\verification\t01-final-runs\docs-optimized.stderr.log
unmapped file: C:\Projects\tls-zig\docs\verification\t01-final-runs\docs-optimized.stdout.log
unmapped file: C:\Projects\tls-zig\docs\verification\t01-final-runs\lifecycle-normal.stderr.log
unmapped file: C:\Projects\tls-zig\docs\verification\t01-final-runs\lifecycle-normal.stdout.log
unmapped file: C:\Projects\tls-zig\docs\verification\t01-final-runs\lifecycle-optimized.stderr.log
unmapped file: C:\Projects\tls-zig\docs\verification\t01-final-runs\lifecycle-optimized.stdout.log
unmapped file: C:\Projects\tls-zig\docs\verification\t01-final-runs\plan-normal.stderr.log
unmapped file: C:\Projects\tls-zig\docs\verification\t01-final-runs\plan-normal.stdout.log
unmapped file: C:\Projects\tls-zig\docs\verification\t01-final-runs\plan-optimized.stderr.log
unmapped file: C:\Projects\tls-zig\docs\verification\t01-final-runs\plan-optimized.stdout.log
unmapped file: C:\Projects\tls-zig\docs\verification\t01-implementation.md
unmapped file: C:\Projects\tls-zig\docs\verification\t01-regression-runs\backend-normal.stderr.log
unmapped file: C:\Projects\tls-zig\docs\verification\t01-regression-runs\backend-normal.stdout.log
unmapped file: C:\Projects\tls-zig\docs\verification\t01-regression-runs\backend-optimized-retry.log
unmapped file: C:\Projects\tls-zig\docs\verification\t01-regression-runs\backend-optimized.stderr.log
unmapped file: C:\Projects\tls-zig\docs\verification\t01-regression-runs\backend-optimized.stdout.log
unmapped file: C:\Projects\tls-zig\docs\verification\t01-regression-runs\consumer-build.stderr.log
unmapped file: C:\Projects\tls-zig\docs\verification\t01-regression-runs\consumer-build.stdout.log
unmapped file: C:\Projects\tls-zig\docs\verification\t01-regression-runs\debug.stderr.log
unmapped file: C:\Projects\tls-zig\docs\verification\t01-regression-runs\debug.stdout.log
unmapped file: C:\Projects\tls-zig\docs\verification\t01-regression-runs\interop-example.stderr.log
unmapped file: C:\Projects\tls-zig\docs\verification\t01-regression-runs\interop-example.stdout.log
unmapped file: C:\Projects\tls-zig\docs\verification\t01-regression-runs\release-safe.stderr.log
unmapped file: C:\Projects\tls-zig\docs\verification\t01-regression-runs\release-safe.stdout.log
unmapped file: C:\Projects\tls-zig\docs\verification\t01-regression-runs\retry.json
unmapped file: C:\Projects\tls-zig\docs\verification\t01-regression-runs\runs.json
unmapped file: C:\Projects\tls-zig\docs\verification\t01-regression-runs\sdk-normal.stderr.log
unmapped file: C:\Projects\tls-zig\docs\verification\t01-regression-runs\sdk-normal.stdout.log
unmapped file: C:\Projects\tls-zig\docs\verification\t01-regression-runs\sdk-optimized.stderr.log
unmapped file: C:\Projects\tls-zig\docs\verification\t01-regression-runs\sdk-optimized.stdout.log
unmapped file: C:\Projects\tls-zig\docs\verification\t01-regression-runs\tcp_interop.stderr.log
unmapped file: C:\Projects\tls-zig\docs\verification\t01-regression-runs\tcp_interop.stdout.log
unmapped file: C:\Projects\tls-zig\docs\verification\t01-regression-runs\tcp_server_interop.stderr.log
unmapped file: C:\Projects\tls-zig\docs\verification\t01-regression-runs\tcp_server_interop.stdout.log
unmapped file: C:\Projects\tls-zig\docs\verification\t01-regression-runs\tcp_upload_interop.stderr.log
unmapped file: C:\Projects\tls-zig\docs\verification\t01-regression-runs\tcp_upload_interop.stdout.log
unmapped file: C:\Projects\tls-zig\docs\verification\t02-change-audit.json
unmapped file: C:\Projects\tls-zig\docs\verification\t02-core-runs\consumer-Debug.stderr.log
unmapped file: C:\Projects\tls-zig\docs\verification\t02-core-runs\consumer-Debug.stdout.log
unmapped file: C:\Projects\tls-zig\docs\verification\t02-core-runs\consumer-ReleaseSafe.stderr.log
unmapped file: C:\Projects\tls-zig\docs\verification\t02-core-runs\consumer-ReleaseSafe.stdout.log
unmapped file: C:\Projects\tls-zig\docs\verification\t02-core-runs\core-Debug.stderr.log
unmapped file: C:\Projects\tls-zig\docs\verification\t02-core-runs\core-Debug.stdout.log
unmapped file: C:\Projects\tls-zig\docs\verification\t02-core-runs\core-ReleaseSafe.stderr.log
unmapped file: C:\Projects\tls-zig\docs\verification\t02-core-runs\core-ReleaseSafe.stdout.log
unmapped file: C:\Projects\tls-zig\docs\verification\t02-core-runs\cross-aarch64-linux-musl.stderr.log
unmapped file: C:\Projects\tls-zig\docs\verification\t02-core-runs\cross-aarch64-linux-musl.stdout.log
unmapped file: C:\Projects\tls-zig\docs\verification\t02-core-runs\cross-aarch64-macos.stderr.log
unmapped file: C:\Projects\tls-zig\docs\verification\t02-core-runs\cross-aarch64-macos.stdout.log
unmapped file: C:\Projects\tls-zig\docs\verification\t02-core-runs\cross-aarch64-windows-gnu.stderr.log
unmapped file: C:\Projects\tls-zig\docs\verification\t02-core-runs\cross-aarch64-windows-gnu.stdout.log
unmapped file: C:\Projects\tls-zig\docs\verification\t02-core-runs\cross-x86-windows-gnu.stderr.log
unmapped file: C:\Projects\tls-zig\docs\verification\t02-core-runs\cross-x86-windows-gnu.stdout.log
unmapped file: C:\Projects\tls-zig\docs\verification\t02-core-runs\cross-x86_64-freebsd.stderr.log
unmapped file: C:\Projects\tls-zig\docs\verification\t02-core-runs\cross-x86_64-freebsd.stdout.log
unmapped file: C:\Projects\tls-zig\docs\verification\t02-core-runs\cross-x86_64-linux-musl.stderr.log
unmapped file: C:\Projects\tls-zig\docs\verification\t02-core-runs\cross-x86_64-linux-musl.stdout.log
unmapped file: C:\Projects\tls-zig\docs\verification\t02-core-runs\cross-x86_64-macos.stderr.log
unmapped file: C:\Projects\tls-zig\docs\verification\t02-core-runs\cross-x86_64-macos.stdout.log
unmapped file: C:\Projects\tls-zig\docs\verification\t02-core-runs\runs.json
unmapped file: C:\Projects\tls-zig\docs\verification\t02-engine-cancellation-runs\consumer-Debug.stderr.log
unmapped file: C:\Projects\tls-zig\docs\verification\t02-engine-cancellation-runs\consumer-Debug.stdout.log
unmapped file: C:\Projects\tls-zig\docs\verification\t02-engine-cancellation-runs\consumer-ReleaseSafe.stderr.log
unmapped file: C:\Projects\tls-zig\docs\verification\t02-engine-cancellation-runs\consumer-ReleaseSafe.stdout.log
unmapped file: C:\Projects\tls-zig\docs\verification\t02-engine-cancellation-runs\engine-Debug.stderr.log
unmapped file: C:\Projects\tls-zig\docs\verification\t02-engine-cancellation-runs\engine-Debug.stdout.log
unmapped file: C:\Projects\tls-zig\docs\verification\t02-engine-cancellation-runs\engine-ReleaseSafe.stderr.log
unmapped file: C:\Projects\tls-zig\docs\verification\t02-engine-cancellation-runs\engine-ReleaseSafe.stdout.log
unmapped file: C:\Projects\tls-zig\docs\verification\t02-engine-cancellation-runs\runs.json
unmapped file: C:\Projects\tls-zig\docs\verification\t02-engine-cancellation-runs\sdk-after.stderr.log
unmapped file: C:\Projects\tls-zig\docs\verification\t02-engine-cancellation-runs\sdk-after.stdout.log
unmapped file: C:\Projects\tls-zig\docs\verification\t02-engine-cancellation-runs\sdk.stderr.log
unmapped file: C:\Projects\tls-zig\docs\verification\t02-engine-cancellation-runs\sdk.stdout.log
unmapped file: C:\Projects\tls-zig\docs\verification\t02-engine-runs\consumer-Debug.stderr.log
unmapped file: C:\Projects\tls-zig\docs\verification\t02-engine-runs\consumer-Debug.stdout.log
unmapped file: C:\Projects\tls-zig\docs\verification\t02-engine-runs\consumer-ReleaseSafe.stderr.log
unmapped file: C:\Projects\tls-zig\docs\verification\t02-engine-runs\consumer-ReleaseSafe.stdout.log
unmapped file: C:\Projects\tls-zig\docs\verification\t02-engine-runs\engine-Debug.stderr.log
unmapped file: C:\Projects\tls-zig\docs\verification\t02-engine-runs\engine-Debug.stdout.log
unmapped file: C:\Projects\tls-zig\docs\verification\t02-engine-runs\engine-ReleaseSafe.stderr.log
unmapped file: C:\Projects\tls-zig\docs\verification\t02-engine-runs\engine-ReleaseSafe.stdout.log
unmapped file: C:\Projects\tls-zig\docs\verification\t02-engine-runs\runs.json
unmapped file: C:\Projects\tls-zig\docs\verification\t02-engine-runs\sdk-after.stderr.log
unmapped file: C:\Projects\tls-zig\docs\verification\t02-engine-runs\sdk-after.stdout.log
unmapped file: C:\Projects\tls-zig\docs\verification\t02-engine-runs\sdk.stderr.log
unmapped file: C:\Projects\tls-zig\docs\verification\t02-engine-runs\sdk.stdout.log
unmapped file: C:\Projects\tls-zig\docs\verification\t02-extra-runs\check-models-normal.stderr.log
unmapped file: C:\Projects\tls-zig\docs\verification\t02-extra-runs\check-models-normal.stdout.log
unmapped file: C:\Projects\tls-zig\docs\verification\t02-extra-runs\check-models-optimized.stderr.log
unmapped file: C:\Projects\tls-zig\docs\verification\t02-extra-runs\check-models-optimized.stdout.log
unmapped file: C:\Projects\tls-zig\docs\verification\t02-extra-runs\runs.json
unmapped file: C:\Projects\tls-zig\docs\verification\t02-extra-runs\test-plan-lifecycle-normal.stderr.log
unmapped file: C:\Projects\tls-zig\docs\verification\t02-extra-runs\test-plan-lifecycle-normal.stdout.log
unmapped file: C:\Projects\tls-zig\docs\verification\t02-extra-runs\test-plan-lifecycle-optimized.stderr.log
unmapped file: C:\Projects\tls-zig\docs\verification\t02-extra-runs\test-plan-lifecycle-optimized.stdout.log
unmapped file: C:\Projects\tls-zig\docs\verification\t02-extra-runs\test-quic-types-normal.stderr.log
unmapped file: C:\Projects\tls-zig\docs\verification\t02-extra-runs\test-quic-types-normal.stdout.log
unmapped file: C:\Projects\tls-zig\docs\verification\t02-extra-runs\test-quic-types-optimized.stderr.log
unmapped file: C:\Projects\tls-zig\docs\verification\t02-extra-runs\test-quic-types-optimized.stdout.log
unmapped file: C:\Projects\tls-zig\docs\verification\t02-final-gates.json
unmapped file: C:\Projects\tls-zig\docs\verification\t02-final-runs\docs-normal.stderr.log
unmapped file: C:\Projects\tls-zig\docs\verification\t02-final-runs\docs-normal.stdout.log
unmapped file: C:\Projects\tls-zig\docs\verification\t02-final-runs\docs-optimized.stderr.log
unmapped file: C:\Projects\tls-zig\docs\verification\t02-final-runs\docs-optimized.stdout.log
unmapped file: C:\Projects\tls-zig\docs\verification\t02-final-runs\lifecycle-normal.stderr.log
unmapped file: C:\Projects\tls-zig\docs\verification\t02-final-runs\lifecycle-normal.stdout.log
unmapped file: C:\Projects\tls-zig\docs\verification\t02-final-runs\lifecycle-optimized.stderr.log
unmapped file: C:\Projects\tls-zig\docs\verification\t02-final-runs\lifecycle-optimized.stdout.log
unmapped file: C:\Projects\tls-zig\docs\verification\t02-final-runs\plan-normal.stderr.log
unmapped file: C:\Projects\tls-zig\docs\verification\t02-final-runs\plan-normal.stdout.log
unmapped file: C:\Projects\tls-zig\docs\verification\t02-final-runs\plan-optimized.stderr.log
unmapped file: C:\Projects\tls-zig\docs\verification\t02-final-runs\plan-optimized.stdout.log
unmapped file: C:\Projects\tls-zig\docs\verification\t02-implementation.md
unmapped file: C:\Projects\tls-zig\docs\verification\t02-level-change-audit.json
unmapped file: C:\Projects\tls-zig\docs\verification\t02-level-final-gates.json
unmapped file: C:\Projects\tls-zig\docs\verification\t02-level-final-runs\docs-normal.stderr.log
unmapped file: C:\Projects\tls-zig\docs\verification\t02-level-final-runs\docs-normal.stdout.log
unmapped file: C:\Projects\tls-zig\docs\verification\t02-level-final-runs\docs-optimized.stderr.log
unmapped file: C:\Projects\tls-zig\docs\verification\t02-level-final-runs\docs-optimized.stdout.log
unmapped file: C:\Projects\tls-zig\docs\verification\t02-level-final-runs\lifecycle-normal.stderr.log
unmapped file: C:\Projects\tls-zig\docs\verification\t02-level-final-runs\lifecycle-normal.stdout.log
unmapped file: C:\Projects\tls-zig\docs\verification\t02-level-final-runs\lifecycle-optimized.stderr.log
unmapped file: C:\Projects\tls-zig\docs\verification\t02-level-final-runs\lifecycle-optimized.stdout.log
unmapped file: C:\Projects\tls-zig\docs\verification\t02-level-final-runs\plan-normal.stderr.log
unmapped file: C:\Projects\tls-zig\docs\verification\t02-level-final-runs\plan-normal.stdout.log
unmapped file: C:\Projects\tls-zig\docs\verification\t02-level-final-runs\plan-optimized.stderr.log
unmapped file: C:\Projects\tls-zig\docs\verification\t02-level-final-runs\plan-optimized.stdout.log
unmapped file: C:\Projects\tls-zig\docs\verification\t02-level-gap-probe\build.zig.txt
unmapped file: C:\Projects\tls-zig\docs\verification\t02-level-gap-probe\build.zig.zon.txt
unmapped file: C:\Projects\tls-zig\docs\verification\t02-level-gap-probe\main.zig.txt
unmapped file: C:\Projects\tls-zig\docs\verification\t02-level-gap-probe\surplus-initial-failure.json
unmapped file: C:\Projects\tls-zig\docs\verification\t02-level-gap-probe\surplus-initial-fixed.json
unmapped file: C:\Projects\tls-zig\docs\verification\t02-level-implementation.md
unmapped file: C:\Projects\tls-zig\docs\verification\t02-level-integrity-runs\consumer-Debug.stderr.log
unmapped file: C:\Projects\tls-zig\docs\verification\t02-level-integrity-runs\consumer-Debug.stdout.log
unmapped file: C:\Projects\tls-zig\docs\verification\t02-level-integrity-runs\consumer-ReleaseSafe.stderr.log
unmapped file: C:\Projects\tls-zig\docs\verification\t02-level-integrity-runs\consumer-ReleaseSafe.stdout.log
unmapped file: C:\Projects\tls-zig\docs\verification\t02-level-integrity-runs\engine-Debug.stderr.log
unmapped file: C:\Projects\tls-zig\docs\verification\t02-level-integrity-runs\engine-Debug.stdout.log
unmapped file: C:\Projects\tls-zig\docs\verification\t02-level-integrity-runs\engine-ReleaseSafe.stderr.log
unmapped file: C:\Projects\tls-zig\docs\verification\t02-level-integrity-runs\engine-ReleaseSafe.stdout.log
unmapped file: C:\Projects\tls-zig\docs\verification\t02-level-integrity-runs\runs.json
unmapped file: C:\Projects\tls-zig\docs\verification\t02-level-integrity-runs\sdk-after.stderr.log
unmapped file: C:\Projects\tls-zig\docs\verification\t02-level-integrity-runs\sdk-after.stdout.log
unmapped file: C:\Projects\tls-zig\docs\verification\t02-level-integrity-runs\sdk.stderr.log
unmapped file: C:\Projects\tls-zig\docs\verification\t02-level-integrity-runs\sdk.stdout.log
unmapped file: C:\Projects\tls-zig\docs\verification\t02-level-integrity.md
unmapped file: C:\Projects\tls-zig\docs\verification\t02-regression-runs\backend-normal.stderr.log
unmapped file: C:\Projects\tls-zig\docs\verification\t02-regression-runs\backend-normal.stdout.log
unmapped file: C:\Projects\tls-zig\docs\verification\t02-regression-runs\backend-optimized.stderr.log
unmapped file: C:\Projects\tls-zig\docs\verification\t02-regression-runs\backend-optimized.stdout.log
unmapped file: C:\Projects\tls-zig\docs\verification\t02-regression-runs\consumer-build.stderr.log
unmapped file: C:\Projects\tls-zig\docs\verification\t02-regression-runs\consumer-build.stdout.log
unmapped file: C:\Projects\tls-zig\docs\verification\t02-regression-runs\debug.stderr.log
unmapped file: C:\Projects\tls-zig\docs\verification\t02-regression-runs\debug.stdout.log
unmapped file: C:\Projects\tls-zig\docs\verification\t02-regression-runs\interop-example.stderr.log
unmapped file: C:\Projects\tls-zig\docs\verification\t02-regression-runs\interop-example.stdout.log
unmapped file: C:\Projects\tls-zig\docs\verification\t02-regression-runs\release-safe.stderr.log
unmapped file: C:\Projects\tls-zig\docs\verification\t02-regression-runs\release-safe.stdout.log
unmapped file: C:\Projects\tls-zig\docs\verification\t02-regression-runs\runs.json
unmapped file: C:\Projects\tls-zig\docs\verification\t02-regression-runs\sdk-normal.stderr.log
unmapped file: C:\Projects\tls-zig\docs\verification\t02-regression-runs\sdk-normal.stdout.log
unmapped file: C:\Projects\tls-zig\docs\verification\t02-regression-runs\sdk-optimized.stderr.log
unmapped file: C:\Projects\tls-zig\docs\verification\t02-regression-runs\sdk-optimized.stdout.log
unmapped file: C:\Projects\tls-zig\docs\verification\t02-regression-runs\tcp_interop.stderr.log
unmapped file: C:\Projects\tls-zig\docs\verification\t02-regression-runs\tcp_interop.stdout.log
unmapped file: C:\Projects\tls-zig\docs\verification\t02-regression-runs\tcp_server_interop.stderr.log
unmapped file: C:\Projects\tls-zig\docs\verification\t02-regression-runs\tcp_server_interop.stdout.log
unmapped file: C:\Projects\tls-zig\docs\verification\t02-regression-runs\tcp_upload_interop.stderr.log
unmapped file: C:\Projects\tls-zig\docs\verification\t02-regression-runs\tcp_upload_interop.stdout.log
unmapped file: C:\Projects\tls-zig\docs\verification\t04-abi-production-runs\backend-Debug.stderr.log
unmapped file: C:\Projects\tls-zig\docs\verification\t04-abi-production-runs\backend-Debug.stdout.log
unmapped file: C:\Projects\tls-zig\docs\verification\t04-abi-production-runs\backend-ReleaseSafe.stderr.log
unmapped file: C:\Projects\tls-zig\docs\verification\t04-abi-production-runs\backend-ReleaseSafe.stdout.log
unmapped file: C:\Projects\tls-zig\docs\verification\t04-abi-production-runs\runs.json
unmapped file: C:\Projects\tls-zig\docs\verification\t04-abi-production-runs\sdk-after.stderr.log
unmapped file: C:\Projects\tls-zig\docs\verification\t04-abi-production-runs\sdk-after.stdout.log
unmapped file: C:\Projects\tls-zig\docs\verification\t04-abi-production-runs\sdk.stderr.log
unmapped file: C:\Projects\tls-zig\docs\verification\t04-abi-production-runs\sdk.stdout.log
unmapped file: C:\Projects\tls-zig\docs\verification\t04-core-runs\consumer-Debug.stderr.log
unmapped file: C:\Projects\tls-zig\docs\verification\t04-core-runs\consumer-Debug.stdout.log
unmapped file: C:\Projects\tls-zig\docs\verification\t04-core-runs\consumer-ReleaseSafe.stderr.log
unmapped file: C:\Projects\tls-zig\docs\verification\t04-core-runs\consumer-ReleaseSafe.stdout.log
unmapped file: C:\Projects\tls-zig\docs\verification\t04-core-runs\core-Debug.stderr.log
unmapped file: C:\Projects\tls-zig\docs\verification\t04-core-runs\core-Debug.stdout.log
unmapped file: C:\Projects\tls-zig\docs\verification\t04-core-runs\core-ReleaseSafe.stderr.log
unmapped file: C:\Projects\tls-zig\docs\verification\t04-core-runs\core-ReleaseSafe.stdout.log
unmapped file: C:\Projects\tls-zig\docs\verification\t04-core-runs\cross-aarch64-linux-musl.stderr.log
unmapped file: C:\Projects\tls-zig\docs\verification\t04-core-runs\cross-aarch64-linux-musl.stdout.log
unmapped file: C:\Projects\tls-zig\docs\verification\t04-core-runs\cross-aarch64-macos.stderr.log
unmapped file: C:\Projects\tls-zig\docs\verification\t04-core-runs\cross-aarch64-macos.stdout.log
unmapped file: C:\Projects\tls-zig\docs\verification\t04-core-runs\cross-aarch64-windows-gnu.stderr.log
unmapped file: C:\Projects\tls-zig\docs\verification\t04-core-runs\cross-aarch64-windows-gnu.stdout.log
unmapped file: C:\Projects\tls-zig\docs\verification\t04-core-runs\cross-x86-windows-gnu.stderr.log
unmapped file: C:\Projects\tls-zig\docs\verification\t04-core-runs\cross-x86-windows-gnu.stdout.log
unmapped file: C:\Projects\tls-zig\docs\verification\t04-core-runs\cross-x86_64-freebsd.stderr.log
unmapped file: C:\Projects\tls-zig\docs\verification\t04-core-runs\cross-x86_64-freebsd.stdout.log
unmapped file: C:\Projects\tls-zig\docs\verification\t04-core-runs\cross-x86_64-linux-musl.stderr.log
unmapped file: C:\Projects\tls-zig\docs\verification\t04-core-runs\cross-x86_64-linux-musl.stdout.log
unmapped file: C:\Projects\tls-zig\docs\verification\t04-core-runs\cross-x86_64-macos.stderr.log
unmapped file: C:\Projects\tls-zig\docs\verification\t04-core-runs\cross-x86_64-macos.stdout.log
unmapped file: C:\Projects\tls-zig\docs\verification\t04-core-runs\runs.json
unmapped file: C:\Projects\tls-zig\docs\verification\t04-native-final-runs\backend-Debug.stderr.log
unmapped file: C:\Projects\tls-zig\docs\verification\t04-native-final-runs\backend-Debug.stdout.log
unmapped file: C:\Projects\tls-zig\docs\verification\t04-native-final-runs\backend-ReleaseSafe.stderr.log
unmapped file: C:\Projects\tls-zig\docs\verification\t04-native-final-runs\backend-ReleaseSafe.stdout.log
unmapped file: C:\Projects\tls-zig\docs\verification\t04-native-final-runs\runs.json
unmapped file: C:\Projects\tls-zig\docs\verification\t04-native-final-runs\sdk-after.stderr.log
unmapped file: C:\Projects\tls-zig\docs\verification\t04-native-final-runs\sdk-after.stdout.log
unmapped file: C:\Projects\tls-zig\docs\verification\t04-native-final-runs\sdk.stderr.log
unmapped file: C:\Projects\tls-zig\docs\verification\t04-native-final-runs\sdk.stdout.log
unmapped file: C:\Projects\tls-zig\docs\verification\t04-native-optimized-runs\backend-Debug.stderr.log
unmapped file: C:\Projects\tls-zig\docs\verification\t04-native-optimized-runs\backend-Debug.stdout.log
unmapped file: C:\Projects\tls-zig\docs\verification\t04-native-optimized-runs\backend-ReleaseSafe.stderr.log
unmapped file: C:\Projects\tls-zig\docs\verification\t04-native-optimized-runs\backend-ReleaseSafe.stdout.log
unmapped file: C:\Projects\tls-zig\docs\verification\t04-native-optimized-runs\runs.json
unmapped file: C:\Projects\tls-zig\docs\verification\t04-native-optimized-runs\sdk-after.stderr.log
unmapped file: C:\Projects\tls-zig\docs\verification\t04-native-optimized-runs\sdk-after.stdout.log
unmapped file: C:\Projects\tls-zig\docs\verification\t04-native-optimized-runs\sdk.stderr.log
unmapped file: C:\Projects\tls-zig\docs\verification\t04-native-optimized-runs\sdk.stdout.log
unmapped file: C:\Projects\tls-zig\docs\verification\t04-native-runs\backend-Debug.stderr.log
unmapped file: C:\Projects\tls-zig\docs\verification\t04-native-runs\backend-Debug.stdout.log
unmapped file: C:\Projects\tls-zig\docs\verification\t04-native-runs\backend-ReleaseSafe.stderr.log
unmapped file: C:\Projects\tls-zig\docs\verification\t04-native-runs\backend-ReleaseSafe.stdout.log
unmapped file: C:\Projects\tls-zig\docs\verification\t04-native-runs\runs.json
unmapped file: C:\Projects\tls-zig\docs\verification\t04-native-runs\sdk.stderr.log
unmapped file: C:\Projects\tls-zig\docs\verification\t04-native-runs\sdk.stdout.log
unmapped file: C:\Projects\tls-zig\docs\verification\t04-regression-runs\backend-normal.stderr.log
unmapped file: C:\Projects\tls-zig\docs\verification\t04-regression-runs\backend-normal.stdout.log
unmapped file: C:\Projects\tls-zig\docs\verification\t04-regression-runs\backend-optimized.stderr.log
unmapped file: C:\Projects\tls-zig\docs\verification\t04-regression-runs\backend-optimized.stdout.log
unmapped file: C:\Projects\tls-zig\docs\verification\t04-regression-runs\consumer-build.stderr.log
unmapped file: C:\Projects\tls-zig\docs\verification\t04-regression-runs\consumer-build.stdout.log
unmapped file: C:\Projects\tls-zig\docs\verification\t04-regression-runs\debug.stderr.log
unmapped file: C:\Projects\tls-zig\docs\verification\t04-regression-runs\debug.stdout.log
unmapped file: C:\Projects\tls-zig\docs\verification\t04-regression-runs\interop-example.stderr.log
unmapped file: C:\Projects\tls-zig\docs\verification\t04-regression-runs\interop-example.stdout.log
unmapped file: C:\Projects\tls-zig\docs\verification\t04-regression-runs\release-safe.stderr.log
unmapped file: C:\Projects\tls-zig\docs\verification\t04-regression-runs\release-safe.stdout.log
unmapped file: C:\Projects\tls-zig\docs\verification\t04-regression-runs\sdk-normal.stderr.log
unmapped file: C:\Projects\tls-zig\docs\verification\t04-regression-runs\sdk-normal.stdout.log
unmapped file: C:\Projects\tls-zig\docs\verification\t04-regression-runs\sdk-optimized.stderr.log
unmapped file: C:\Projects\tls-zig\docs\verification\t04-regression-runs\sdk-optimized.stdout.log
unmapped file: C:\Projects\tls-zig\docs\verification\t04-regression-runs\tcp_interop.stderr.log
unmapped file: C:\Projects\tls-zig\docs\verification\t04-regression-runs\tcp_interop.stdout.log
unmapped file: C:\Projects\tls-zig\docs\verification\t04-regression-runs\tcp_server_interop.stderr.log
unmapped file: C:\Projects\tls-zig\docs\verification\t04-regression-runs\tcp_server_interop.stdout.log
unmapped file: C:\Projects\tls-zig\docs\verification\t04-regression-runs\tcp_upload_interop.stderr.log
unmapped file: C:\Projects\tls-zig\docs\verification\t04-regression-runs\tcp_upload_interop.stdout.log
unmapped file: C:\Projects\tls-zig\examples\quic-contract\build.zig
unmapped file: C:\Projects\tls-zig\examples\quic-contract\build.zig.zon
unmapped file: C:\Projects\tls-zig\examples\quic-contract\main.zig
unmapped file: C:\Projects\tls-zig\examples\quic-contract\provider.zig
unmapped file: C:\Projects\tls-zig\examples\quic-engine\build.zig
unmapped file: C:\Projects\tls-zig\examples\quic-engine\build.zig.zon
unmapped file: C:\Projects\tls-zig\examples\quic-engine\main.zig
unmapped file: C:\Projects\tls-zig\src\backend\quic.c
unmapped file: C:\Projects\tls-zig\src\backend\quic.h
unmapped file: C:\Projects\tls-zig\src\backend\quic.zig
unmapped file: C:\Projects\tls-zig\src\quic\contract.zig
unmapped file: C:\Projects\tls-zig\src\quic\engine.zig
unmapped file: C:\Projects\tls-zig\src\quic\events.zig
unmapped file: C:\Projects\tls-zig\src\quic.zig
unmapped file: C:\Projects\tls-zig\src\quic_engine.zig
unmapped file: C:\Projects\tls-zig\tests\quic\backend.c
unmapped file: C:\Projects\tls-zig\tests\quic\backend_abi.c
unmapped file: C:\Projects\tls-zig\tests\quic\backend_abi.zig
unmapped file: C:\Projects\tls-zig\tests\quic\contract.zig
unmapped file: C:\Projects\tls-zig\tests\quic\events.zig
unmapped file: C:\Projects\tls-zig\tests\quic\negative\direction-as-level.zig
unmapped file: C:\Projects\tls-zig\tests\quic\negative\generation-as-sequence.zig
unmapped file: C:\Projects\tls-zig\tests\quic\negative\raw-byte-count.zig
unmapped file: C:\Projects\tls-zig\tests\quic\negative\valid.zig
unmapped file: C:\Projects\tls-zig\tests\quic\negative\wall-as-monotonic.zig
unmapped file: C:\Projects\tls-zig\tests\quic\reference_peer.c
unmapped file: C:\Projects\tls-zig\tests\quic_contract.zig
unmapped file: C:\Projects\tls-zig\tools\qualify-quic-backend.py
unmapped file: C:\Projects\tls-zig\tools\qualify-quic-core.py
unmapped file: C:\Projects\tls-zig\tools\qualify-quic-engine.py
unmapped file: C:\Projects\tls-zig\tools\test-backend.py
unmapped file: C:\Projects\tls-zig\tools\test-quic-types.py
unmapped file: C:\Projects\tls-zig\tools\verify-backend.py
