{
  "model": "EndDrain",
  "model_sha256": "4c2629ede6c48eb29d598243b526392165cd70bb01690ff02c0db23f8fffddf7",
  "jar_sha256": "936a262061c914694dfd669a543be24573c45d5aa0ff20a8b96b23d01e050e88",
  "bounds": {
    "capacity": 2,
    "positions": 3
  },
  "results": [
    {
      "fault": "none",
      "passed": true,
      "returncode": 0,
      "expected_violation": null,
      "states": [
        "62",
        "29"
      ],
      "output": "TLC2 Version 2.19 of 08 August 2024 (rev: 5a47802)\nWarning: Please run the Java VM which executes TLC with a throughput optimized garbage collector by passing the \"-XX:+UseParallelGC\" property.\n(Use the -nowarning option to disable this warning.)\nRunning breadth-first search Model-Checking with fp 99 and seed 1 with 1 worker on 8 cores with 512MB heap and 64MB offheap memory [pid: 14496] (Windows 10 10.0 amd64, Eclipse Adoptium 17.0.20 x86_64, MSBDiskFPSet, DiskStateQueue).\nParsing file C:\\Users\\James\\AppData\\Local\\Temp\\lan-audio-tlc-w8m_tcp7\\EndDrain.tla\nParsing file C:\\Users\\James\\AppData\\Local\\Temp\\Naturals.tla\nParsing file C:\\Users\\James\\AppData\\Local\\Temp\\FiniteSets.tla\nParsing file C:\\Users\\James\\AppData\\Local\\Temp\\Sequences.tla\nSemantic processing of module Naturals\nSemantic processing of module Sequences\nSemantic processing of module FiniteSets\nSemantic processing of module EndDrain\nStarting... (2026-09-25 22:00:41)\nImplied-temporal checking--satisfiability problem has 1 branches.\nComputing initial states...\nFinished computing initial states: 1 distinct state generated at 2026-09-25 22:00:41.\nProgress(5) at 2026-09-25 22:00:42: 62 states generated, 29 distinct states found, 0 states left on queue.\nChecking temporal properties for the complete state space with 29 total distinct states at (2026-09-25 22:00:42)\nFinished checking temporal properties in 00s at 2026-09-25 22:00:42\nModel checking completed. No error has been found.\n  Estimates of the probability that TLC did not check all reachable states\n  because two distinct states had the same fingerprint:\n  calculated (optimistic):  val = 5.2E-17\n62 states generated, 29 distinct states found, 0 states left on queue.\nThe depth of the complete state graph search is 5.\nThe average outdegree of the complete state graph is 1 (minimum is 0, the maximum 6 and the 95th percentile is 3).\nFinished in 01s at (2026-09-25 22:00:42)\n"
    },
    {
      "fault": "early_done",
      "passed": true,
      "returncode": 12,
      "expected_violation": "Drained",
      "states": [
        "5",
        "5"
      ],
      "output": "TLC2 Version 2.19 of 08 August 2024 (rev: 5a47802)\nWarning: Please run the Java VM which executes TLC with a throughput optimized garbage collector by passing the \"-XX:+UseParallelGC\" property.\n(Use the -nowarning option to disable this warning.)\nRunning breadth-first search Model-Checking with fp 11 and seed 1 with 1 worker on 8 cores with 512MB heap and 64MB offheap memory [pid: 2276] (Windows 10 10.0 amd64, Eclipse Adoptium 17.0.20 x86_64, MSBDiskFPSet, DiskStateQueue).\nParsing file C:\\Users\\James\\AppData\\Local\\Temp\\lan-audio-tlc-_6h6_qj2\\EndDrain.tla\nParsing file C:\\Users\\James\\AppData\\Local\\Temp\\Naturals.tla\nParsing file C:\\Users\\James\\AppData\\Local\\Temp\\FiniteSets.tla\nParsing file C:\\Users\\James\\AppData\\Local\\Temp\\Sequences.tla\nSemantic processing of module Naturals\nSemantic processing of module Sequences\nSemantic processing of module FiniteSets\nSemantic processing of module EndDrain\nStarting... (2026-09-25 22:00:43)\nImplied-temporal checking--satisfiability problem has 1 branches.\nComputing initial states...\nFinished computing initial states: 1 distinct state generated at 2026-09-25 22:00:43.\nError: Invariant Drained is violated.\nError: The behavior up to this point is:\nState 1: <Initial predicate>\n/\\ postEndAdmission = FALSE\n/\\ done = FALSE\n/\\ buffer = {}\n/\\ next = 0\n/\\ finish = 4\n\nState 2: <End line 15, col 11 to line 19, col 57 of module EndDrain>\n/\\ postEndAdmission = FALSE\n/\\ done = TRUE\n/\\ buffer = {}\n/\\ next = 0\n/\\ finish = 1\n\n5 states generated, 5 distinct states found, 3 states left on queue.\nThe depth of the complete state graph search is 2.\nFinished in 01s at (2026-09-25 22:00:43)\n"
    },
    {
      "fault": "end_before_buffer",
      "passed": true,
      "returncode": 12,
      "expected_violation": "Bounded",
      "states": [
        "13",
        "9"
      ],
      "output": "TLC2 Version 2.19 of 08 August 2024 (rev: 5a47802)\nWarning: Please run the Java VM which executes TLC with a throughput optimized garbage collector by passing the \"-XX:+UseParallelGC\" property.\n(Use the -nowarning option to disable this warning.)\nRunning breadth-first search Model-Checking with fp 30 and seed 1 with 1 worker on 8 cores with 512MB heap and 64MB offheap memory [pid: 3324] (Windows 10 10.0 amd64, Eclipse Adoptium 17.0.20 x86_64, MSBDiskFPSet, DiskStateQueue).\nParsing file C:\\Users\\James\\AppData\\Local\\Temp\\lan-audio-tlc-nylw36cb\\EndDrain.tla\nParsing file C:\\Users\\James\\AppData\\Local\\Temp\\Naturals.tla\nParsing file C:\\Users\\James\\AppData\\Local\\Temp\\FiniteSets.tla\nParsing file C:\\Users\\James\\AppData\\Local\\Temp\\Sequences.tla\nSemantic processing of module Naturals\nSemantic processing of module Sequences\nSemantic processing of module FiniteSets\nSemantic processing of module EndDrain\nStarting... (2026-09-25 22:00:45)\nImplied-temporal checking--satisfiability problem has 1 branches.\nComputing initial states...\nFinished computing initial states: 1 distinct state generated at 2026-09-25 22:00:45.\nError: Invariant Bounded is violated.\nError: The behavior up to this point is:\nState 1: <Initial predicate>\n/\\ postEndAdmission = FALSE\n/\\ done = FALSE\n/\\ buffer = {}\n/\\ next = 0\n/\\ finish = 4\n\nState 2: <Receive line 9, col 15 to line 14, col 49 of module EndDrain>\n/\\ postEndAdmission = FALSE\n/\\ done = FALSE\n/\\ buffer = {0}\n/\\ next = 0\n/\\ finish = 4\n\nState 3: <End line 15, col 11 to line 19, col 57 of module EndDrain>\n/\\ postEndAdmission = FALSE\n/\\ done = TRUE\n/\\ buffer = {0}\n/\\ next = 0\n/\\ finish = 0\n\n13 states generated, 9 distinct states found, 6 states left on queue.\nThe depth of the complete state graph search is 3.\nThe average outdegree of the complete state graph is 6 (minimum is 6, the maximum 6 and the 95th percentile is 6).\nFinished in 01s at (2026-09-25 22:00:45)\n"
    },
    {
      "fault": "post_end",
      "passed": true,
      "returncode": 12,
      "expected_violation": "NoPostEndAdmission",
      "states": [
        "22",
        "13"
      ],
      "output": "TLC2 Version 2.19 of 08 August 2024 (rev: 5a47802)\nWarning: Please run the Java VM which executes TLC with a throughput optimized garbage collector by passing the \"-XX:+UseParallelGC\" property.\n(Use the -nowarning option to disable this warning.)\nRunning breadth-first search Model-Checking with fp 100 and seed 1 with 1 worker on 8 cores with 512MB heap and 64MB offheap memory [pid: 8204] (Windows 10 10.0 amd64, Eclipse Adoptium 17.0.20 x86_64, MSBDiskFPSet, DiskStateQueue).\nParsing file C:\\Users\\James\\AppData\\Local\\Temp\\lan-audio-tlc-0ghss2pr\\EndDrain.tla\nParsing file C:\\Users\\James\\AppData\\Local\\Temp\\Naturals.tla\nParsing file C:\\Users\\James\\AppData\\Local\\Temp\\FiniteSets.tla\nParsing file C:\\Users\\James\\AppData\\Local\\Temp\\Sequences.tla\nSemantic processing of module Naturals\nSemantic processing of module Sequences\nSemantic processing of module FiniteSets\nSemantic processing of module EndDrain\nStarting... (2026-09-25 22:00:46)\nImplied-temporal checking--satisfiability problem has 1 branches.\nComputing initial states...\nFinished computing initial states: 1 distinct state generated at 2026-09-25 22:00:47.\nError: Invariant NoPostEndAdmission is violated.\nError: The behavior up to this point is:\nState 1: <Initial predicate>\n/\\ postEndAdmission = FALSE\n/\\ done = FALSE\n/\\ buffer = {}\n/\\ next = 0\n/\\ finish = 4\n\nState 2: <End line 15, col 11 to line 19, col 57 of module EndDrain>\n/\\ postEndAdmission = FALSE\n/\\ done = FALSE\n/\\ buffer = {}\n/\\ next = 0\n/\\ finish = 1\n\nState 3: <Receive line 9, col 15 to line 14, col 49 of module EndDrain>\n/\\ postEndAdmission = TRUE\n/\\ done = FALSE\n/\\ buffer = {0}\n/\\ next = 0\n/\\ finish = 1\n\n22 states generated, 13 distinct states found, 7 states left on queue.\nThe depth of the complete state graph search is 3.\nThe average outdegree of the complete state graph is 3 (minimum is 0, the maximum 6 and the 95th percentile is 6).\nFinished in 01s at (2026-09-25 22:00:47)\n"
    }
  ]
}
