{
  "model": "SessionWindow",
  "model_sha256": "710da33d647b2d33ca9d34e5a7b6a588e17554e8ad7858c7fca3760807922742",
  "jar_sha256": "936a262061c914694dfd669a543be24573c45d5aa0ff20a8b96b23d01e050e88",
  "bounds": {
    "capacity": 2,
    "positions": 3,
    "epochs": 2
  },
  "results": [
    {
      "fault": "none",
      "passed": true,
      "returncode": 0,
      "expected_violation": null,
      "states": [
        "2222",
        "1171"
      ],
      "output": "TLC2 Version 2.19 of 08 August 2024 (rev: 5a47802)\nWarning: Please run the Java VM which executes TLC with a throughput optimized garbage collector by passing the \"-XX:+UseParallelGC\" property.\n(Use the -nowarning option to disable this warning.)\nRunning breadth-first search Model-Checking with fp 10 and seed 1 with 1 worker on 8 cores with 512MB heap and 64MB offheap memory [pid: 16272] (Windows 10 10.0 amd64, Eclipse Adoptium 17.0.20 x86_64, MSBDiskFPSet, DiskStateQueue).\nParsing file C:\\Users\\James\\AppData\\Local\\Temp\\lan-audio-tlc-aw50gzdo\\SessionWindow.tla\nParsing file C:\\Users\\James\\AppData\\Local\\Temp\\Naturals.tla\nParsing file C:\\Users\\James\\AppData\\Local\\Temp\\Sequences.tla\nParsing file C:\\Users\\James\\AppData\\Local\\Temp\\FiniteSets.tla\nSemantic processing of module Naturals\nSemantic processing of module Sequences\nSemantic processing of module FiniteSets\nSemantic processing of module SessionWindow\nStarting... (2026-09-25 22:00:31)\nImplied-temporal checking--satisfiability problem has 1 branches.\nComputing initial states...\nFinished computing initial states: 1 distinct state generated at 2026-09-25 22:00:32.\nProgress(27) at 2026-09-25 22:00:32: 2,222 states generated, 1,171 distinct states found, 0 states left on queue.\nChecking temporal properties for the complete state space with 1171 total distinct states at (2026-09-25 22:00:32)\nFinished checking temporal properties in 00s at 2026-09-25 22:00:32\nModel checking completed. No error has been found.\n  Estimates of the probability that TLC did not check all reachable states\n  because two distinct states had the same fingerprint:\n  calculated (optimistic):  val = 6.7E-14\n2222 states generated, 1171 distinct states found, 0 states left on queue.\nThe depth of the complete state graph search is 27.\nThe average outdegree of the complete state graph is 1 (minimum is 0, the maximum 4 and the 95th percentile is 3).\nFinished in 01s at (2026-09-25 22:00:32)\n"
    },
    {
      "fault": "skip_auth",
      "passed": true,
      "returncode": 12,
      "expected_violation": "AuthenticatedStreaming",
      "states": [
        "4",
        "4"
      ],
      "output": "TLC2 Version 2.19 of 08 August 2024 (rev: 5a47802)\nWarning: Please run the Java VM which executes TLC with a throughput optimized garbage collector by passing the \"-XX:+UseParallelGC\" property.\n(Use the -nowarning option to disable this warning.)\nRunning breadth-first search Model-Checking with fp 117 and seed 1 with 1 worker on 8 cores with 512MB heap and 64MB offheap memory [pid: 8412] (Windows 10 10.0 amd64, Eclipse Adoptium 17.0.20 x86_64, MSBDiskFPSet, DiskStateQueue).\nParsing file C:\\Users\\James\\AppData\\Local\\Temp\\lan-audio-tlc-h11rt26g\\SessionWindow.tla\nParsing file C:\\Users\\James\\AppData\\Local\\Temp\\Naturals.tla\nParsing file C:\\Users\\James\\AppData\\Local\\Temp\\Sequences.tla\nParsing file C:\\Users\\James\\AppData\\Local\\Temp\\FiniteSets.tla\nSemantic processing of module Naturals\nSemantic processing of module Sequences\nSemantic processing of module FiniteSets\nSemantic processing of module SessionWindow\nStarting... (2026-09-25 22:00:34)\nImplied-temporal checking--satisfiability problem has 1 branches.\nComputing initial states...\nFinished computing initial states: 1 distinct state generated at 2026-09-25 22:00:34.\nError: Invariant AuthenticatedStreaming is violated.\nError: The behavior up to this point is:\nState 1: <Initial predicate>\n/\\ epoch = 0\n/\\ buffer = {}\n/\\ next = 0\n/\\ authenticated = FALSE\n/\\ history = <<>>\n/\\ active = FALSE\n/\\ phase = \"idle\"\n\nState 2: <Begin line 14, col 10 to line 17, col 56 of module SessionWindow>\n/\\ epoch = 1\n/\\ buffer = {}\n/\\ next = 0\n/\\ authenticated = FALSE\n/\\ history = <<>>\n/\\ active = FALSE\n/\\ phase = \"negotiating\"\n\nState 3: <Start line 21, col 10 to line 24, col 77 of module SessionWindow>\n/\\ epoch = 1\n/\\ buffer = {}\n/\\ next = 0\n/\\ authenticated = FALSE\n/\\ history = <<>>\n/\\ active = FALSE\n/\\ phase = \"streaming\"\n\n4 states generated, 4 distinct states found, 1 states left on queue.\nThe depth of the complete state graph search is 3.\nThe average outdegree of the complete state graph is 1 (minimum is 1, the maximum 1 and the 95th percentile is 1).\nFinished in 00s at (2026-09-25 22:00:34)\n"
    },
    {
      "fault": "stale_epoch",
      "passed": true,
      "returncode": 12,
      "expected_violation": "WindowBounds",
      "states": [
        "8",
        "8"
      ],
      "output": "TLC2 Version 2.19 of 08 August 2024 (rev: 5a47802)\nWarning: Please run the Java VM which executes TLC with a throughput optimized garbage collector by passing the \"-XX:+UseParallelGC\" property.\n(Use the -nowarning option to disable this warning.)\nRunning breadth-first search Model-Checking with fp 3 and seed 1 with 1 worker on 8 cores with 512MB heap and 64MB offheap memory [pid: 13104] (Windows 10 10.0 amd64, Eclipse Adoptium 17.0.20 x86_64, MSBDiskFPSet, DiskStateQueue).\nParsing file C:\\Users\\James\\AppData\\Local\\Temp\\lan-audio-tlc-ea2aw739\\SessionWindow.tla\nParsing file C:\\Users\\James\\AppData\\Local\\Temp\\Naturals.tla\nParsing file C:\\Users\\James\\AppData\\Local\\Temp\\Sequences.tla\nParsing file C:\\Users\\James\\AppData\\Local\\Temp\\FiniteSets.tla\nSemantic processing of module Naturals\nSemantic processing of module Sequences\nSemantic processing of module FiniteSets\nSemantic processing of module SessionWindow\nStarting... (2026-09-25 22:00:35)\nImplied-temporal checking--satisfiability problem has 1 branches.\nComputing initial states...\nFinished computing initial states: 1 distinct state generated at 2026-09-25 22:00:36.\nError: Invariant WindowBounds is violated.\nError: The behavior up to this point is:\nState 1: <Initial predicate>\n/\\ epoch = 0\n/\\ buffer = {}\n/\\ next = 0\n/\\ authenticated = FALSE\n/\\ history = <<>>\n/\\ active = FALSE\n/\\ phase = \"idle\"\n\nState 2: <Begin line 14, col 10 to line 17, col 56 of module SessionWindow>\n/\\ epoch = 1\n/\\ buffer = {}\n/\\ next = 0\n/\\ authenticated = FALSE\n/\\ history = <<>>\n/\\ active = FALSE\n/\\ phase = \"negotiating\"\n\nState 3: <Authenticate line 18, col 17 to line 20, col 76 of module SessionWindow>\n/\\ epoch = 1\n/\\ buffer = {}\n/\\ next = 0\n/\\ authenticated = TRUE\n/\\ history = <<>>\n/\\ active = FALSE\n/\\ phase = \"negotiating\"\n\nState 4: <Start line 21, col 10 to line 24, col 77 of module SessionWindow>\n/\\ epoch = 1\n/\\ buffer = {}\n/\\ next = 0\n/\\ authenticated = TRUE\n/\\ history = <<>>\n/\\ active = FALSE\n/\\ phase = \"streaming\"\n\nState 5: <Receive line 26, col 5 to line 31, col 71 of module SessionWindow>\n/\\ epoch = 1\n/\\ buffer = {[generation |-> 0, position |-> 0]}\n/\\ next = 0\n/\\ authenticated = TRUE\n/\\ history = <<>>\n/\\ active = FALSE\n/\\ phase = \"streaming\"\n\n8 states generated, 8 distinct states found, 2 states left on queue.\nThe depth of the complete state graph search is 5.\nThe average outdegree of the complete state graph is 2 (minimum is 1, the maximum 2 and the 95th percentile is 2).\nFinished in 01s at (2026-09-25 22:00:36)\n"
    },
    {
      "fault": "early_free",
      "passed": true,
      "returncode": 12,
      "expected_violation": "QuiescentIdle",
      "states": [
        "50",
        "31"
      ],
      "output": "TLC2 Version 2.19 of 08 August 2024 (rev: 5a47802)\nWarning: Please run the Java VM which executes TLC with a throughput optimized garbage collector by passing the \"-XX:+UseParallelGC\" property.\n(Use the -nowarning option to disable this warning.)\nRunning breadth-first search Model-Checking with fp 77 and seed 1 with 1 worker on 8 cores with 512MB heap and 64MB offheap memory [pid: 13432] (Windows 10 10.0 amd64, Eclipse Adoptium 17.0.20 x86_64, MSBDiskFPSet, DiskStateQueue).\nParsing file C:\\Users\\James\\AppData\\Local\\Temp\\lan-audio-tlc-bosef6o4\\SessionWindow.tla\nParsing file C:\\Users\\James\\AppData\\Local\\Temp\\Naturals.tla\nParsing file C:\\Users\\James\\AppData\\Local\\Temp\\Sequences.tla\nParsing file C:\\Users\\James\\AppData\\Local\\Temp\\FiniteSets.tla\nSemantic processing of module Naturals\nSemantic processing of module Sequences\nSemantic processing of module FiniteSets\nSemantic processing of module SessionWindow\nStarting... (2026-09-25 22:00:37)\nImplied-temporal checking--satisfiability problem has 1 branches.\nComputing initial states...\nFinished computing initial states: 1 distinct state generated at 2026-09-25 22:00:38.\nError: Invariant QuiescentIdle is violated.\nError: The behavior up to this point is:\nState 1: <Initial predicate>\n/\\ epoch = 0\n/\\ buffer = {}\n/\\ next = 0\n/\\ authenticated = FALSE\n/\\ history = <<>>\n/\\ active = FALSE\n/\\ phase = \"idle\"\n\nState 2: <Begin line 14, col 10 to line 17, col 56 of module SessionWindow>\n/\\ epoch = 1\n/\\ buffer = {}\n/\\ next = 0\n/\\ authenticated = FALSE\n/\\ history = <<>>\n/\\ active = FALSE\n/\\ phase = \"negotiating\"\n\nState 3: <Authenticate line 18, col 17 to line 20, col 76 of module SessionWindow>\n/\\ epoch = 1\n/\\ buffer = {}\n/\\ next = 0\n/\\ authenticated = TRUE\n/\\ history = <<>>\n/\\ active = FALSE\n/\\ phase = \"negotiating\"\n\nState 4: <Start line 21, col 10 to line 24, col 77 of module SessionWindow>\n/\\ epoch = 1\n/\\ buffer = {}\n/\\ next = 0\n/\\ authenticated = TRUE\n/\\ history = <<>>\n/\\ active = FALSE\n/\\ phase = \"streaming\"\n\nState 5: <EnterCallback line 32, col 18 to line 34, col 84 of module SessionWindow>\n/\\ epoch = 1\n/\\ buffer = {}\n/\\ next = 0\n/\\ authenticated = TRUE\n/\\ history = <<>>\n/\\ active = TRUE\n/\\ phase = \"streaming\"\n\nState 6: <RequestStop line 45, col 16 to line 47, col 83 of module SessionWindow>\n/\\ epoch = 1\n/\\ buffer = {}\n/\\ next = 0\n/\\ authenticated = TRUE\n/\\ history = <<>>\n/\\ active = TRUE\n/\\ phase = \"stopping\"\n\nState 7: <FinishStop line 48, col 15 to line 50, col 59 of module SessionWindow>\n/\\ epoch = 1\n/\\ buffer = {}\n/\\ next = 0\n/\\ authenticated = FALSE\n/\\ history = <<>>\n/\\ active = TRUE\n/\\ phase = \"idle\"\n\n50 states generated, 31 distinct states found, 12 states left on queue.\nThe depth of the complete state graph search is 7.\nThe average outdegree of the complete state graph is 2 (minimum is 0, the maximum 4 and the 95th percentile is 4).\nFinished in 01s at (2026-09-25 22:00:38)\n"
    },
    {
      "fault": "replay_tick",
      "passed": true,
      "returncode": 12,
      "expected_violation": "UniquePlayout",
      "states": [
        "54",
        "36"
      ],
      "output": "TLC2 Version 2.19 of 08 August 2024 (rev: 5a47802)\nWarning: Please run the Java VM which executes TLC with a throughput optimized garbage collector by passing the \"-XX:+UseParallelGC\" property.\n(Use the -nowarning option to disable this warning.)\nRunning breadth-first search Model-Checking with fp 82 and seed 1 with 1 worker on 8 cores with 512MB heap and 64MB offheap memory [pid: 18012] (Windows 10 10.0 amd64, Eclipse Adoptium 17.0.20 x86_64, MSBDiskFPSet, DiskStateQueue).\nParsing file C:\\Users\\James\\AppData\\Local\\Temp\\lan-audio-tlc-y7uj26x4\\SessionWindow.tla\nParsing file C:\\Users\\James\\AppData\\Local\\Temp\\Naturals.tla\nParsing file C:\\Users\\James\\AppData\\Local\\Temp\\Sequences.tla\nParsing file C:\\Users\\James\\AppData\\Local\\Temp\\FiniteSets.tla\nSemantic processing of module Naturals\nSemantic processing of module Sequences\nSemantic processing of module FiniteSets\nSemantic processing of module SessionWindow\nStarting... (2026-09-25 22:00:39)\nImplied-temporal checking--satisfiability problem has 1 branches.\nComputing initial states...\nFinished computing initial states: 1 distinct state generated at 2026-09-25 22:00:39.\nError: Invariant UniquePlayout is violated.\nError: The behavior up to this point is:\nState 1: <Initial predicate>\n/\\ epoch = 0\n/\\ buffer = {}\n/\\ next = 0\n/\\ authenticated = FALSE\n/\\ history = <<>>\n/\\ active = FALSE\n/\\ phase = \"idle\"\n\nState 2: <Begin line 14, col 10 to line 17, col 56 of module SessionWindow>\n/\\ epoch = 1\n/\\ buffer = {}\n/\\ next = 0\n/\\ authenticated = FALSE\n/\\ history = <<>>\n/\\ active = FALSE\n/\\ phase = \"negotiating\"\n\nState 3: <Authenticate line 18, col 17 to line 20, col 76 of module SessionWindow>\n/\\ epoch = 1\n/\\ buffer = {}\n/\\ next = 0\n/\\ authenticated = TRUE\n/\\ history = <<>>\n/\\ active = FALSE\n/\\ phase = \"negotiating\"\n\nState 4: <Start line 21, col 10 to line 24, col 77 of module SessionWindow>\n/\\ epoch = 1\n/\\ buffer = {}\n/\\ next = 0\n/\\ authenticated = TRUE\n/\\ history = <<>>\n/\\ active = FALSE\n/\\ phase = \"streaming\"\n\nState 5: <Receive line 26, col 5 to line 31, col 71 of module SessionWindow>\n/\\ epoch = 1\n/\\ buffer = {[generation |-> 1, position |-> 0]}\n/\\ next = 0\n/\\ authenticated = TRUE\n/\\ history = <<>>\n/\\ active = FALSE\n/\\ phase = \"streaming\"\n\nState 6: <EnterCallback line 32, col 18 to line 34, col 84 of module SessionWindow>\n/\\ epoch = 1\n/\\ buffer = {[generation |-> 1, position |-> 0]}\n/\\ next = 0\n/\\ authenticated = TRUE\n/\\ history = <<>>\n/\\ active = TRUE\n/\\ phase = \"streaming\"\n\nState 7: <Tick line 35, col 9 to line 42, col 60 of module SessionWindow>\n/\\ epoch = 1\n/\\ buffer = {[generation |-> 1, position |-> 0]}\n/\\ next = 0\n/\\ authenticated = TRUE\n/\\ history = <<[generation |-> 1, position |-> 0]>>\n/\\ active = TRUE\n/\\ phase = \"streaming\"\n\nState 8: <Tick line 35, col 9 to line 42, col 60 of module SessionWindow>\n/\\ epoch = 1\n/\\ buffer = {[generation |-> 1, position |-> 0]}\n/\\ next = 0\n/\\ authenticated = TRUE\n/\\ history = <<[generation |-> 1, position |-> 0], [generation |-> 1, position |-> 0]>>\n/\\ active = TRUE\n/\\ phase = \"streaming\"\n\n54 states generated, 36 distinct states found, 12 states left on queue.\nThe depth of the complete state graph search is 8.\nThe average outdegree of the complete state graph is 2 (minimum is 0, the maximum 4 and the 95th percentile is 3).\nFinished in 01s at (2026-09-25 22:00:39)\n"
    }
  ]
}
